[2024-10-09T12:48:00.350+0530][gc,init] CardTable entry size: 512
[2024-10-09T12:48:00.350+0530][gc     ] Using G1
[2024-10-09T12:48:00.352+0530][gc,init] Version: 22.0.2+9-70 (release)
[2024-10-09T12:48:00.352+0530][gc,init] CPUs: 8 total, 8 available
[2024-10-09T12:48:00.352+0530][gc,init] Memory: 8192M
[2024-10-09T12:48:00.352+0530][gc,init] Large Page Support: Disabled
[2024-10-09T12:48:00.352+0530][gc,init] NUMA Support: Disabled
[2024-10-09T12:48:00.352+0530][gc,init] Compressed Oops: Enabled (Zero based)
[2024-10-09T12:48:00.352+0530][gc,init] Heap Region Size: 1M
[2024-10-09T12:48:00.352+0530][gc,init] Heap Min Capacity: 1G
[2024-10-09T12:48:00.352+0530][gc,init] Heap Initial Capacity: 1G
[2024-10-09T12:48:00.352+0530][gc,init] Heap Max Capacity: 1G
[2024-10-09T12:48:00.352+0530][gc,init] Pre-touch: Disabled
[2024-10-09T12:48:00.352+0530][gc,init] Parallel Workers: 8
[2024-10-09T12:48:00.352+0530][gc,init] Concurrent Workers: 2
[2024-10-09T12:48:00.352+0530][gc,init] Concurrent Refinement Workers: 8
[2024-10-09T12:48:00.352+0530][gc,init] Periodic GC: Disabled
[2024-10-09T12:48:00.357+0530][gc,metaspace] CDS archive(s) mapped at: [0x0000780000000000-0x0000780000c74000-0x0000780000c74000), size 13058048, SharedBaseAddress: 0x0000780000000000, ArchiveRelocationMode: 1.
[2024-10-09T12:48:00.357+0530][gc,metaspace] Compressed class space mapped at: 0x0000780001000000-0x0000780041000000, reserved size: 1073741824
[2024-10-09T12:48:00.357+0530][gc,metaspace] Narrow klass base: 0x0000780000000000, Narrow klass shift: 0, Narrow klass range: 0x100000000
[2024-10-09T12:48:02.896+0530][gc,start    ] GC(0) Pause Young (Normal) (G1 Evacuation Pause)
[2024-10-09T12:48:02.896+0530][gc,task     ] GC(0) Using 8 workers of 8 for evacuation
[2024-10-09T12:48:02.899+0530][gc,phases   ] GC(0)   Pre Evacuate Collection Set: 0.19ms
[2024-10-09T12:48:02.899+0530][gc,phases   ] GC(0)   Merge Heap Roots: 0.05ms
[2024-10-09T12:48:02.899+0530][gc,phases   ] GC(0)   Evacuate Collection Set: 2.69ms
[2024-10-09T12:48:02.899+0530][gc,phases   ] GC(0)   Post Evacuate Collection Set: 0.35ms
[2024-10-09T12:48:02.899+0530][gc,phases   ] GC(0)   Other: 0.26ms
[2024-10-09T12:48:02.899+0530][gc,heap     ] GC(0) Eden regions: 51->0(44)
[2024-10-09T12:48:02.900+0530][gc,heap     ] GC(0) Survivor regions: 0->7(7)
[2024-10-09T12:48:02.900+0530][gc,heap     ] GC(0) Old regions: 2->3
[2024-10-09T12:48:02.900+0530][gc,heap     ] GC(0) Humongous regions: 0->0
[2024-10-09T12:48:02.900+0530][gc,metaspace] GC(0) Metaspace: 17022K(17216K)->17022K(17216K) NonClass: 14980K(15104K)->14980K(15104K) Class: 2041K(2112K)->2041K(2112K)
[2024-10-09T12:48:02.900+0530][gc          ] GC(0) Pause Young (Normal) (G1 Evacuation Pause) 52M->8M(1024M) 3.773ms
[2024-10-09T12:48:02.900+0530][gc,cpu      ] GC(0) User=0.02s Sys=0.00s Real=0.01s
[2024-10-09T12:48:03.096+0530][gc,start    ] GC(1) Pause Young (Concurrent Start) (Metadata GC Threshold)
[2024-10-09T12:48:03.096+0530][gc,task     ] GC(1) Using 8 workers of 8 for evacuation
[2024-10-09T12:48:03.098+0530][gc,phases   ] GC(1)   Pre Evacuate Collection Set: 0.17ms
[2024-10-09T12:48:03.098+0530][gc,phases   ] GC(1)   Merge Heap Roots: 0.04ms
[2024-10-09T12:48:03.098+0530][gc,phases   ] GC(1)   Evacuate Collection Set: 2.17ms
[2024-10-09T12:48:03.098+0530][gc,phases   ] GC(1)   Post Evacuate Collection Set: 0.25ms
[2024-10-09T12:48:03.098+0530][gc,phases   ] GC(1)   Other: 0.07ms
[2024-10-09T12:48:03.098+0530][gc,heap     ] GC(1) Eden regions: 17->0(49)
[2024-10-09T12:48:03.098+0530][gc,heap     ] GC(1) Survivor regions: 7->2(7)
[2024-10-09T12:48:03.098+0530][gc,heap     ] GC(1) Old regions: 3->11
[2024-10-09T12:48:03.098+0530][gc,heap     ] GC(1) Humongous regions: 0->0
[2024-10-09T12:48:03.099+0530][gc,metaspace] GC(1) Metaspace: 21237K(21504K)->21237K(21504K) NonClass: 18685K(18816K)->18685K(18816K) Class: 2552K(2688K)->2552K(2688K)
[2024-10-09T12:48:03.099+0530][gc          ] GC(1) Pause Young (Concurrent Start) (Metadata GC Threshold) 25M->10M(1024M) 2.912ms
[2024-10-09T12:48:03.099+0530][gc          ] GC(2) Concurrent Mark Cycle
[2024-10-09T12:48:03.099+0530][gc,cpu      ] GC(1) User=0.01s Sys=0.00s Real=0.00s
[2024-10-09T12:48:03.099+0530][gc,marking  ] GC(2) Concurrent Scan Root Regions
[2024-10-09T12:48:03.100+0530][gc,marking  ] GC(2) Concurrent Scan Root Regions 1.881ms
[2024-10-09T12:48:03.100+0530][gc,marking  ] GC(2) Concurrent Mark
[2024-10-09T12:48:03.101+0530][gc,marking  ] GC(2) Concurrent Mark From Roots
[2024-10-09T12:48:03.101+0530][gc,task     ] GC(2) Using 2 workers of 2 for marking
[2024-10-09T12:48:03.102+0530][gc,marking  ] GC(2) Concurrent Mark From Roots 1.066ms
[2024-10-09T12:48:03.102+0530][gc,marking  ] GC(2) Concurrent Preclean
[2024-10-09T12:48:03.102+0530][gc,marking  ] GC(2) Concurrent Preclean 0.010ms
[2024-10-09T12:48:03.102+0530][gc,start    ] GC(2) Pause Remark
[2024-10-09T12:48:03.103+0530][gc          ] GC(2) Pause Remark 11M->11M(1024M) 1.281ms
[2024-10-09T12:48:03.103+0530][gc,cpu      ] GC(2) User=0.00s Sys=0.00s Real=0.00s
[2024-10-09T12:48:03.103+0530][gc,marking  ] GC(2) Concurrent Mark 2.480ms
[2024-10-09T12:48:03.103+0530][gc,marking  ] GC(2) Concurrent Rebuild Remembered Sets and Scrub Regions
[2024-10-09T12:48:03.105+0530][gc,marking  ] GC(2) Concurrent Rebuild Remembered Sets and Scrub Regions 2.171ms
[2024-10-09T12:48:03.105+0530][gc,start    ] GC(2) Pause Cleanup
[2024-10-09T12:48:03.105+0530][gc          ] GC(2) Pause Cleanup 11M->11M(1024M) 0.101ms
[2024-10-09T12:48:03.105+0530][gc,cpu      ] GC(2) User=0.00s Sys=0.00s Real=0.00s
[2024-10-09T12:48:03.105+0530][gc,marking  ] GC(2) Concurrent Clear Claimed Marks
[2024-10-09T12:48:03.105+0530][gc,marking  ] GC(2) Concurrent Clear Claimed Marks 0.023ms
[2024-10-09T12:48:03.105+0530][gc,marking  ] GC(2) Concurrent Cleanup for Next Mark
[2024-10-09T12:48:03.107+0530][gc,marking  ] GC(2) Concurrent Cleanup for Next Mark 1.525ms
[2024-10-09T12:48:03.107+0530][gc          ] GC(2) Concurrent Mark Cycle 8.482ms
[2024-10-09T12:48:03.559+0530][gc,start    ] GC(3) Pause Young (Prepare Mixed) (G1 Evacuation Pause)
[2024-10-09T12:48:03.559+0530][gc,task     ] GC(3) Using 8 workers of 8 for evacuation
[2024-10-09T12:48:03.562+0530][gc,phases   ] GC(3)   Pre Evacuate Collection Set: 0.16ms
[2024-10-09T12:48:03.562+0530][gc,phases   ] GC(3)   Merge Heap Roots: 0.05ms
[2024-10-09T12:48:03.562+0530][gc,phases   ] GC(3)   Evacuate Collection Set: 2.52ms
[2024-10-09T12:48:03.562+0530][gc,phases   ] GC(3)   Post Evacuate Collection Set: 0.29ms
[2024-10-09T12:48:03.562+0530][gc,phases   ] GC(3)   Other: 0.06ms
[2024-10-09T12:48:03.562+0530][gc,heap     ] GC(3) Eden regions: 49->0(44)
[2024-10-09T12:48:03.562+0530][gc,heap     ] GC(3) Survivor regions: 2->7(7)
[2024-10-09T12:48:03.562+0530][gc,heap     ] GC(3) Old regions: 11->11
[2024-10-09T12:48:03.562+0530][gc,heap     ] GC(3) Humongous regions: 129->129
[2024-10-09T12:48:03.562+0530][gc,metaspace] GC(3) Metaspace: 32431K(32768K)->32431K(32768K) NonClass: 28780K(28992K)->28780K(28992K) Class: 3650K(3776K)->3650K(3776K)
[2024-10-09T12:48:03.562+0530][gc          ] GC(3) Pause Young (Prepare Mixed) (G1 Evacuation Pause) 188M->144M(1024M) 3.265ms
[2024-10-09T12:48:03.562+0530][gc,cpu      ] GC(3) User=0.02s Sys=0.00s Real=0.01s
[2024-10-09T12:48:08.623+0530][gc,start    ] GC(4) Pause Young (Mixed) (Metadata GC Threshold)
[2024-10-09T12:48:08.624+0530][gc,task     ] GC(4) Using 8 workers of 8 for evacuation
[2024-10-09T12:48:08.629+0530][gc,phases   ] GC(4)   Pre Evacuate Collection Set: 0.31ms
[2024-10-09T12:48:08.629+0530][gc,phases   ] GC(4)   Merge Heap Roots: 0.08ms
[2024-10-09T12:48:08.629+0530][gc,phases   ] GC(4)   Evacuate Collection Set: 4.31ms
[2024-10-09T12:48:08.629+0530][gc,phases   ] GC(4)   Post Evacuate Collection Set: 0.48ms
[2024-10-09T12:48:08.629+0530][gc,phases   ] GC(4)   Other: 0.13ms
[2024-10-09T12:48:08.629+0530][gc,heap     ] GC(4) Eden regions: 15->0(49)
[2024-10-09T12:48:08.629+0530][gc,heap     ] GC(4) Survivor regions: 7->2(7)
[2024-10-09T12:48:08.629+0530][gc,heap     ] GC(4) Old regions: 11->16
[2024-10-09T12:48:08.629+0530][gc,heap     ] GC(4) Humongous regions: 129->129
[2024-10-09T12:48:08.629+0530][gc,metaspace] GC(4) Metaspace: 35658K(35968K)->35658K(35968K) NonClass: 31560K(31744K)->31560K(31744K) Class: 4097K(4224K)->4097K(4224K)
[2024-10-09T12:48:08.629+0530][gc          ] GC(4) Pause Young (Mixed) (Metadata GC Threshold) 159M->146M(1024M) 5.898ms
[2024-10-09T12:48:08.629+0530][gc,cpu      ] GC(4) User=0.03s Sys=0.01s Real=0.00s
[2024-10-09T12:48:11.516+0530][gc,start    ] GC(5) Pause Young (Concurrent Start) (Metadata GC Threshold)
[2024-10-09T12:48:11.516+0530][gc,task     ] GC(5) Using 8 workers of 8 for evacuation
[2024-10-09T12:48:11.518+0530][gc,phases   ] GC(5)   Pre Evacuate Collection Set: 0.18ms
[2024-10-09T12:48:11.518+0530][gc,phases   ] GC(5)   Merge Heap Roots: 0.04ms
[2024-10-09T12:48:11.518+0530][gc,phases   ] GC(5)   Evacuate Collection Set: 0.82ms
[2024-10-09T12:48:11.518+0530][gc,phases   ] GC(5)   Post Evacuate Collection Set: 0.23ms
[2024-10-09T12:48:11.518+0530][gc,phases   ] GC(5)   Other: 0.07ms
[2024-10-09T12:48:11.518+0530][gc,heap     ] GC(5) Eden regions: 5->0(50)
[2024-10-09T12:48:11.518+0530][gc,heap     ] GC(5) Survivor regions: 2->1(7)
[2024-10-09T12:48:11.518+0530][gc,heap     ] GC(5) Old regions: 16->16
[2024-10-09T12:48:11.518+0530][gc,heap     ] GC(5) Humongous regions: 129->129
[2024-10-09T12:48:11.518+0530][gc,metaspace] GC(5) Metaspace: 36000K(36288K)->36000K(36288K) NonClass: 31830K(32000K)->31830K(32000K) Class: 4170K(4288K)->4170K(4288K)
[2024-10-09T12:48:11.518+0530][gc          ] GC(5) Pause Young (Concurrent Start) (Metadata GC Threshold) 150M->145M(1024M) 1.546ms
[2024-10-09T12:48:11.518+0530][gc,cpu      ] GC(5) User=0.01s Sys=0.00s Real=0.00s
[2024-10-09T12:48:11.518+0530][gc          ] GC(6) Concurrent Mark Cycle
[2024-10-09T12:48:11.518+0530][gc,marking  ] GC(6) Concurrent Scan Root Regions
[2024-10-09T12:48:11.519+0530][gc,marking  ] GC(6) Concurrent Scan Root Regions 1.119ms
[2024-10-09T12:48:11.519+0530][gc,marking  ] GC(6) Concurrent Mark
[2024-10-09T12:48:11.519+0530][gc,marking  ] GC(6) Concurrent Mark From Roots
[2024-10-09T12:48:11.519+0530][gc,task     ] GC(6) Using 2 workers of 2 for marking
[2024-10-09T12:48:11.529+0530][gc,marking  ] GC(6) Concurrent Mark From Roots 10.061ms
[2024-10-09T12:48:11.529+0530][gc,marking  ] GC(6) Concurrent Preclean
[2024-10-09T12:48:11.529+0530][gc,marking  ] GC(6) Concurrent Preclean 0.059ms
[2024-10-09T12:48:11.529+0530][gc,start    ] GC(6) Pause Remark
[2024-10-09T12:48:11.531+0530][gc          ] GC(6) Pause Remark 146M->146M(1024M) 1.542ms
[2024-10-09T12:48:11.534+0530][gc,cpu      ] GC(6) User=0.00s Sys=0.00s Real=0.01s
[2024-10-09T12:48:11.534+0530][gc,marking  ] GC(6) Concurrent Mark 14.907ms
[2024-10-09T12:48:11.534+0530][gc,marking  ] GC(6) Concurrent Rebuild Remembered Sets and Scrub Regions
[2024-10-09T12:48:11.539+0530][gc,marking  ] GC(6) Concurrent Rebuild Remembered Sets and Scrub Regions 5.181ms
[2024-10-09T12:48:11.540+0530][gc,start    ] GC(6) Pause Cleanup
[2024-10-09T12:48:11.540+0530][gc          ] GC(6) Pause Cleanup 146M->146M(1024M) 0.113ms
[2024-10-09T12:48:11.540+0530][gc,cpu      ] GC(6) User=0.00s Sys=0.00s Real=0.00s
[2024-10-09T12:48:11.540+0530][gc,marking  ] GC(6) Concurrent Clear Claimed Marks
[2024-10-09T12:48:11.540+0530][gc,marking  ] GC(6) Concurrent Clear Claimed Marks 0.043ms
[2024-10-09T12:48:11.540+0530][gc,marking  ] GC(6) Concurrent Cleanup for Next Mark
[2024-10-09T12:48:11.541+0530][gc,marking  ] GC(6) Concurrent Cleanup for Next Mark 1.048ms
[2024-10-09T12:48:11.541+0530][gc          ] GC(6) Concurrent Mark Cycle 23.450ms
[2024-10-09T13:24:20.492+0530][gc,start    ] GC(7) Pause Young (Prepare Mixed) (G1 Evacuation Pause)
[2024-10-09T13:24:20.492+0530][gc,task     ] GC(7) Using 8 workers of 8 for evacuation
[2024-10-09T13:24:20.501+0530][gc,phases   ] GC(7)   Pre Evacuate Collection Set: 0.83ms
[2024-10-09T13:24:20.501+0530][gc,phases   ] GC(7)   Merge Heap Roots: 0.13ms
[2024-10-09T13:24:20.501+0530][gc,phases   ] GC(7)   Evacuate Collection Set: 7.29ms
[2024-10-09T13:24:20.501+0530][gc,phases   ] GC(7)   Post Evacuate Collection Set: 0.50ms
[2024-10-09T13:24:20.501+0530][gc,phases   ] GC(7)   Other: 0.08ms
[2024-10-09T13:24:20.501+0530][gc,heap     ] GC(7) Eden regions: 50->0(48)
[2024-10-09T13:24:20.501+0530][gc,heap     ] GC(7) Survivor regions: 1->3(7)
[2024-10-09T13:24:20.501+0530][gc,heap     ] GC(7) Old regions: 16->16
[2024-10-09T13:24:20.501+0530][gc,heap     ] GC(7) Humongous regions: 129->129
[2024-10-09T13:24:20.501+0530][gc,metaspace] GC(7) Metaspace: 40440K(40960K)->40440K(40960K) NonClass: 35563K(35904K)->35563K(35904K) Class: 4877K(5056K)->4877K(5056K)
[2024-10-09T13:24:20.501+0530][gc          ] GC(7) Pause Young (Prepare Mixed) (G1 Evacuation Pause) 195M->147M(1024M) 9.266ms
[2024-10-09T13:24:20.501+0530][gc,cpu      ] GC(7) User=0.01s Sys=0.03s Real=0.01s
[2024-10-09T13:24:20.513+0530][gc,heap,exit] Heap
[2024-10-09T13:24:20.513+0530][gc,heap,exit]  garbage-first heap   total reserved 1048576K, committed 1048576K, used 154583K [0x00000007c0000000, 0x0000000800000000)
[2024-10-09T13:24:20.513+0530][gc,heap,exit]   region size 1024K, 7 young (7168K), 3 survivors (3072K)
[2024-10-09T13:24:20.513+0530][gc,heap,exit]  Metaspace       used 40487K, committed 40960K, reserved 1114112K
[2024-10-09T13:24:20.513+0530][gc,heap,exit]   class space    used 4888K, committed 5056K, reserved 1048576K
