[2024-10-09T20:30:13.026+0530][gc,init] CardTable entry size: 512
[2024-10-09T20:30:13.026+0530][gc     ] Using G1
[2024-10-09T20:30:13.028+0530][gc,init] Version: 22.0.2+9-70 (release)
[2024-10-09T20:30:13.028+0530][gc,init] CPUs: 8 total, 8 available
[2024-10-09T20:30:13.028+0530][gc,init] Memory: 8192M
[2024-10-09T20:30:13.028+0530][gc,init] Large Page Support: Disabled
[2024-10-09T20:30:13.028+0530][gc,init] NUMA Support: Disabled
[2024-10-09T20:30:13.028+0530][gc,init] Compressed Oops: Enabled (Zero based)
[2024-10-09T20:30:13.028+0530][gc,init] Heap Region Size: 1M
[2024-10-09T20:30:13.028+0530][gc,init] Heap Min Capacity: 1G
[2024-10-09T20:30:13.028+0530][gc,init] Heap Initial Capacity: 1G
[2024-10-09T20:30:13.028+0530][gc,init] Heap Max Capacity: 1G
[2024-10-09T20:30:13.028+0530][gc,init] Pre-touch: Disabled
[2024-10-09T20:30:13.028+0530][gc,init] Parallel Workers: 8
[2024-10-09T20:30:13.028+0530][gc,init] Concurrent Workers: 2
[2024-10-09T20:30:13.028+0530][gc,init] Concurrent Refinement Workers: 8
[2024-10-09T20:30:13.028+0530][gc,init] Periodic GC: Disabled
[2024-10-09T20:30:13.033+0530][gc,metaspace] CDS archive(s) mapped at: [0x00007ff800000000-0x00007ff800c74000-0x00007ff800c74000), size 13058048, SharedBaseAddress: 0x00007ff800000000, ArchiveRelocationMode: 1.
[2024-10-09T20:30:13.033+0530][gc,metaspace] Compressed class space mapped at: 0x00007ff801000000-0x00007ff841000000, reserved size: 1073741824
[2024-10-09T20:30:13.033+0530][gc,metaspace] Narrow klass base: 0x00007ff800000000, Narrow klass shift: 0, Narrow klass range: 0x100000000
[2024-10-09T20:30:14.121+0530][gc,start    ] GC(0) Pause Young (Normal) (G1 Evacuation Pause)
[2024-10-09T20:30:14.121+0530][gc,task     ] GC(0) Using 8 workers of 8 for evacuation
[2024-10-09T20:30:14.125+0530][gc,phases   ] GC(0)   Pre Evacuate Collection Set: 0.18ms
[2024-10-09T20:30:14.125+0530][gc,phases   ] GC(0)   Merge Heap Roots: 0.05ms
[2024-10-09T20:30:14.125+0530][gc,phases   ] GC(0)   Evacuate Collection Set: 2.95ms
[2024-10-09T20:30:14.125+0530][gc,phases   ] GC(0)   Post Evacuate Collection Set: 0.44ms
[2024-10-09T20:30:14.125+0530][gc,phases   ] GC(0)   Other: 0.26ms
[2024-10-09T20:30:14.125+0530][gc,heap     ] GC(0) Eden regions: 51->0(44)
[2024-10-09T20:30:14.125+0530][gc,heap     ] GC(0) Survivor regions: 0->7(7)
[2024-10-09T20:30:14.125+0530][gc,heap     ] GC(0) Old regions: 2->4
[2024-10-09T20:30:14.125+0530][gc,heap     ] GC(0) Humongous regions: 0->0
[2024-10-09T20:30:14.125+0530][gc,metaspace] GC(0) Metaspace: 17011K(17152K)->17011K(17152K) NonClass: 14969K(15040K)->14969K(15040K) Class: 2042K(2112K)->2042K(2112K)
[2024-10-09T20:30:14.125+0530][gc          ] GC(0) Pause Young (Normal) (G1 Evacuation Pause) 52M->9M(1024M) 4.137ms
[2024-10-09T20:30:14.125+0530][gc,cpu      ] GC(0) User=0.02s Sys=0.01s Real=0.00s
[2024-10-09T20:30:14.295+0530][gc,start    ] GC(1) Pause Young (Concurrent Start) (Metadata GC Threshold)
[2024-10-09T20:30:14.295+0530][gc,task     ] GC(1) Using 8 workers of 8 for evacuation
[2024-10-09T20:30:14.298+0530][gc,phases   ] GC(1)   Pre Evacuate Collection Set: 0.22ms
[2024-10-09T20:30:14.298+0530][gc,phases   ] GC(1)   Merge Heap Roots: 0.04ms
[2024-10-09T20:30:14.298+0530][gc,phases   ] GC(1)   Evacuate Collection Set: 2.65ms
[2024-10-09T20:30:14.298+0530][gc,phases   ] GC(1)   Post Evacuate Collection Set: 0.25ms
[2024-10-09T20:30:14.298+0530][gc,phases   ] GC(1)   Other: 0.06ms
[2024-10-09T20:30:14.298+0530][gc,heap     ] GC(1) Eden regions: 17->0(49)
[2024-10-09T20:30:14.298+0530][gc,heap     ] GC(1) Survivor regions: 7->2(7)
[2024-10-09T20:30:14.298+0530][gc,heap     ] GC(1) Old regions: 4->11
[2024-10-09T20:30:14.298+0530][gc,heap     ] GC(1) Humongous regions: 0->0
[2024-10-09T20:30:14.298+0530][gc,metaspace] GC(1) Metaspace: 21259K(21504K)->21259K(21504K) NonClass: 18685K(18816K)->18685K(18816K) Class: 2574K(2688K)->2574K(2688K)
[2024-10-09T20:30:14.298+0530][gc          ] GC(1) Pause Young (Concurrent Start) (Metadata GC Threshold) 26M->10M(1024M) 3.432ms
[2024-10-09T20:30:14.298+0530][gc          ] GC(2) Concurrent Mark Cycle
[2024-10-09T20:30:14.298+0530][gc,cpu      ] GC(1) User=0.01s Sys=0.01s Real=0.00s
[2024-10-09T20:30:14.298+0530][gc,marking  ] GC(2) Concurrent Scan Root Regions
[2024-10-09T20:30:14.300+0530][gc,marking  ] GC(2) Concurrent Scan Root Regions 1.872ms
[2024-10-09T20:30:14.300+0530][gc,marking  ] GC(2) Concurrent Mark
[2024-10-09T20:30:14.300+0530][gc,marking  ] GC(2) Concurrent Mark From Roots
[2024-10-09T20:30:14.300+0530][gc,task     ] GC(2) Using 2 workers of 2 for marking
[2024-10-09T20:30:14.301+0530][gc,marking  ] GC(2) Concurrent Mark From Roots 1.219ms
[2024-10-09T20:30:14.301+0530][gc,marking  ] GC(2) Concurrent Preclean
[2024-10-09T20:30:14.301+0530][gc,marking  ] GC(2) Concurrent Preclean 0.012ms
[2024-10-09T20:30:14.302+0530][gc,start    ] GC(2) Pause Remark
[2024-10-09T20:30:14.303+0530][gc          ] GC(2) Pause Remark 11M->11M(1024M) 1.404ms
[2024-10-09T20:30:14.303+0530][gc,cpu      ] GC(2) User=0.00s Sys=0.00s Real=0.00s
[2024-10-09T20:30:14.303+0530][gc,marking  ] GC(2) Concurrent Mark 3.107ms
[2024-10-09T20:30:14.303+0530][gc,marking  ] GC(2) Concurrent Rebuild Remembered Sets and Scrub Regions
[2024-10-09T20:30:14.305+0530][gc,marking  ] GC(2) Concurrent Rebuild Remembered Sets and Scrub Regions 1.807ms
[2024-10-09T20:30:14.305+0530][gc,start    ] GC(2) Pause Cleanup
[2024-10-09T20:30:14.305+0530][gc          ] GC(2) Pause Cleanup 11M->11M(1024M) 0.071ms
[2024-10-09T20:30:14.305+0530][gc,cpu      ] GC(2) User=0.00s Sys=0.00s Real=0.00s
[2024-10-09T20:30:14.305+0530][gc,marking  ] GC(2) Concurrent Clear Claimed Marks
[2024-10-09T20:30:14.305+0530][gc,marking  ] GC(2) Concurrent Clear Claimed Marks 0.015ms
[2024-10-09T20:30:14.305+0530][gc,marking  ] GC(2) Concurrent Cleanup for Next Mark
[2024-10-09T20:30:14.306+0530][gc,marking  ] GC(2) Concurrent Cleanup for Next Mark 1.375ms
[2024-10-09T20:30:14.307+0530][gc          ] GC(2) Concurrent Mark Cycle 8.496ms
[2024-10-09T20:30:14.775+0530][gc,start    ] GC(3) Pause Young (Prepare Mixed) (G1 Evacuation Pause)
[2024-10-09T20:30:14.775+0530][gc,task     ] GC(3) Using 8 workers of 8 for evacuation
[2024-10-09T20:30:14.778+0530][gc,phases   ] GC(3)   Pre Evacuate Collection Set: 0.15ms
[2024-10-09T20:30:14.778+0530][gc,phases   ] GC(3)   Merge Heap Roots: 0.05ms
[2024-10-09T20:30:14.778+0530][gc,phases   ] GC(3)   Evacuate Collection Set: 2.39ms
[2024-10-09T20:30:14.778+0530][gc,phases   ] GC(3)   Post Evacuate Collection Set: 0.27ms
[2024-10-09T20:30:14.778+0530][gc,phases   ] GC(3)   Other: 0.06ms
[2024-10-09T20:30:14.778+0530][gc,heap     ] GC(3) Eden regions: 49->0(45)
[2024-10-09T20:30:14.778+0530][gc,heap     ] GC(3) Survivor regions: 2->6(7)
[2024-10-09T20:30:14.778+0530][gc,heap     ] GC(3) Old regions: 11->11
[2024-10-09T20:30:14.778+0530][gc,heap     ] GC(3) Humongous regions: 129->129
[2024-10-09T20:30:14.778+0530][gc,metaspace] GC(3) Metaspace: 32402K(32768K)->32402K(32768K) NonClass: 28714K(28928K)->28714K(28928K) Class: 3688K(3840K)->3688K(3840K)
[2024-10-09T20:30:14.778+0530][gc          ] GC(3) Pause Young (Prepare Mixed) (G1 Evacuation Pause) 188M->144M(1024M) 3.100ms
[2024-10-09T20:30:14.778+0530][gc,cpu      ] GC(3) User=0.02s Sys=0.00s Real=0.00s
[2024-10-09T20:30:14.863+0530][gc,start    ] GC(4) Pause Young (Mixed) (Metadata GC Threshold)
[2024-10-09T20:30:14.863+0530][gc,task     ] GC(4) Using 8 workers of 8 for evacuation
[2024-10-09T20:30:14.866+0530][gc,phases   ] GC(4)   Pre Evacuate Collection Set: 0.16ms
[2024-10-09T20:30:14.866+0530][gc,phases   ] GC(4)   Merge Heap Roots: 0.04ms
[2024-10-09T20:30:14.866+0530][gc,phases   ] GC(4)   Evacuate Collection Set: 2.63ms
[2024-10-09T20:30:14.866+0530][gc,phases   ] GC(4)   Post Evacuate Collection Set: 0.28ms
[2024-10-09T20:30:14.867+0530][gc,phases   ] GC(4)   Other: 0.05ms
[2024-10-09T20:30:14.867+0530][gc,heap     ] GC(4) Eden regions: 14->0(49)
[2024-10-09T20:30:14.867+0530][gc,heap     ] GC(4) Survivor regions: 6->2(7)
[2024-10-09T20:30:14.867+0530][gc,heap     ] GC(4) Old regions: 11->16
[2024-10-09T20:30:14.867+0530][gc,heap     ] GC(4) Humongous regions: 129->129
[2024-10-09T20:30:14.867+0530][gc,metaspace] GC(4) Metaspace: 35626K(35968K)->35626K(35968K) NonClass: 31492K(31680K)->31492K(31680K) Class: 4134K(4288K)->4134K(4288K)
[2024-10-09T20:30:14.867+0530][gc          ] GC(4) Pause Young (Mixed) (Metadata GC Threshold) 157M->145M(1024M) 3.355ms
[2024-10-09T20:30:14.867+0530][gc,cpu      ] GC(4) User=0.02s Sys=0.01s Real=0.00s
[2024-10-09T20:30:14.940+0530][gc,start    ] GC(5) Pause Young (Concurrent Start) (Metadata GC Threshold)
[2024-10-09T20:30:14.940+0530][gc,task     ] GC(5) Using 8 workers of 8 for evacuation
[2024-10-09T20:30:14.941+0530][gc,phases   ] GC(5)   Pre Evacuate Collection Set: 0.14ms
[2024-10-09T20:30:14.941+0530][gc,phases   ] GC(5)   Merge Heap Roots: 0.05ms
[2024-10-09T20:30:14.941+0530][gc,phases   ] GC(5)   Evacuate Collection Set: 0.74ms
[2024-10-09T20:30:14.941+0530][gc,phases   ] GC(5)   Post Evacuate Collection Set: 0.28ms
[2024-10-09T20:30:14.941+0530][gc,phases   ] GC(5)   Other: 0.07ms
[2024-10-09T20:30:14.941+0530][gc,heap     ] GC(5) Eden regions: 2->0(50)
[2024-10-09T20:30:14.941+0530][gc,heap     ] GC(5) Survivor regions: 2->1(7)
[2024-10-09T20:30:14.941+0530][gc,heap     ] GC(5) Old regions: 16->16
[2024-10-09T20:30:14.941+0530][gc,heap     ] GC(5) Humongous regions: 129->129
[2024-10-09T20:30:14.941+0530][gc,metaspace] GC(5) Metaspace: 35917K(36288K)->35917K(36288K) NonClass: 31738K(31936K)->31738K(31936K) Class: 4178K(4352K)->4178K(4352K)
[2024-10-09T20:30:14.941+0530][gc          ] GC(5) Pause Young (Concurrent Start) (Metadata GC Threshold) 147M->145M(1024M) 1.415ms
[2024-10-09T20:30:14.941+0530][gc,cpu      ] GC(5) User=0.00s Sys=0.00s Real=0.00s
[2024-10-09T20:30:14.941+0530][gc          ] GC(6) Concurrent Mark Cycle
[2024-10-09T20:30:14.941+0530][gc,marking  ] GC(6) Concurrent Scan Root Regions
[2024-10-09T20:30:14.942+0530][gc,marking  ] GC(6) Concurrent Scan Root Regions 0.990ms
[2024-10-09T20:30:14.942+0530][gc,marking  ] GC(6) Concurrent Mark
[2024-10-09T20:30:14.942+0530][gc,marking  ] GC(6) Concurrent Mark From Roots
[2024-10-09T20:30:14.942+0530][gc,task     ] GC(6) Using 2 workers of 2 for marking
[2024-10-09T20:30:14.951+0530][gc,marking  ] GC(6) Concurrent Mark From Roots 9.340ms
[2024-10-09T20:30:14.951+0530][gc,marking  ] GC(6) Concurrent Preclean
[2024-10-09T20:30:14.952+0530][gc,marking  ] GC(6) Concurrent Preclean 0.037ms
[2024-10-09T20:30:14.952+0530][gc,start    ] GC(6) Pause Remark
[2024-10-09T20:30:14.953+0530][gc          ] GC(6) Pause Remark 146M->146M(1024M) 1.324ms
[2024-10-09T20:30:14.953+0530][gc,cpu      ] GC(6) User=0.01s Sys=0.00s Real=0.00s
[2024-10-09T20:30:14.953+0530][gc,marking  ] GC(6) Concurrent Mark 10.867ms
[2024-10-09T20:30:14.953+0530][gc,marking  ] GC(6) Concurrent Rebuild Remembered Sets and Scrub Regions
[2024-10-09T20:30:14.957+0530][gc,marking  ] GC(6) Concurrent Rebuild Remembered Sets and Scrub Regions 3.586ms
[2024-10-09T20:30:14.957+0530][gc,start    ] GC(6) Pause Cleanup
[2024-10-09T20:30:14.957+0530][gc          ] GC(6) Pause Cleanup 146M->146M(1024M) 0.105ms
[2024-10-09T20:30:14.957+0530][gc,cpu      ] GC(6) User=0.00s Sys=0.00s Real=0.00s
[2024-10-09T20:30:14.957+0530][gc,marking  ] GC(6) Concurrent Clear Claimed Marks
[2024-10-09T20:30:14.957+0530][gc,marking  ] GC(6) Concurrent Clear Claimed Marks 0.035ms
[2024-10-09T20:30:14.957+0530][gc,marking  ] GC(6) Concurrent Cleanup for Next Mark
[2024-10-09T20:30:14.958+0530][gc,marking  ] GC(6) Concurrent Cleanup for Next Mark 1.211ms
[2024-10-09T20:30:14.958+0530][gc          ] GC(6) Concurrent Mark Cycle 17.080ms
[2024-10-09T20:57:31.670+0530][gc,start    ] GC(7) Pause Young (Prepare Mixed) (G1 Evacuation Pause)
[2024-10-09T20:57:31.671+0530][gc,task     ] GC(7) Using 8 workers of 8 for evacuation
[2024-10-09T20:57:31.684+0530][gc,phases   ] GC(7)   Pre Evacuate Collection Set: 1.00ms
[2024-10-09T20:57:31.684+0530][gc,phases   ] GC(7)   Merge Heap Roots: 0.14ms
[2024-10-09T20:57:31.684+0530][gc,phases   ] GC(7)   Evacuate Collection Set: 11.80ms
[2024-10-09T20:57:31.684+0530][gc,phases   ] GC(7)   Post Evacuate Collection Set: 0.45ms
[2024-10-09T20:57:31.684+0530][gc,phases   ] GC(7)   Other: 0.10ms
[2024-10-09T20:57:31.684+0530][gc,heap     ] GC(7) Eden regions: 50->0(48)
[2024-10-09T20:57:31.684+0530][gc,heap     ] GC(7) Survivor regions: 1->3(7)
[2024-10-09T20:57:31.684+0530][gc,heap     ] GC(7) Old regions: 16->16
[2024-10-09T20:57:31.684+0530][gc,heap     ] GC(7) Humongous regions: 129->129
[2024-10-09T20:57:31.684+0530][gc,metaspace] GC(7) Metaspace: 41087K(41728K)->41087K(41728K) NonClass: 36197K(36544K)->36197K(36544K) Class: 4890K(5184K)->4890K(5184K)
[2024-10-09T20:57:31.684+0530][gc          ] GC(7) Pause Young (Prepare Mixed) (G1 Evacuation Pause) 195M->147M(1024M) 14.230ms
[2024-10-09T20:57:31.684+0530][gc,cpu      ] GC(7) User=0.02s Sys=0.05s Real=0.01s
[2024-10-09T20:58:26.609+0530][gc,start    ] GC(8) Pause Young (Mixed) (G1 Evacuation Pause)
[2024-10-09T20:58:26.611+0530][gc,task     ] GC(8) Using 8 workers of 8 for evacuation
[2024-10-09T20:58:26.620+0530][gc,phases   ] GC(8)   Pre Evacuate Collection Set: 1.04ms
[2024-10-09T20:58:26.620+0530][gc,phases   ] GC(8)   Merge Heap Roots: 0.14ms
[2024-10-09T20:58:26.620+0530][gc,phases   ] GC(8)   Evacuate Collection Set: 6.92ms
[2024-10-09T20:58:26.620+0530][gc,phases   ] GC(8)   Post Evacuate Collection Set: 0.75ms
[2024-10-09T20:58:26.620+0530][gc,phases   ] GC(8)   Other: 0.19ms
[2024-10-09T20:58:26.620+0530][gc,heap     ] GC(8) Eden regions: 48->0(47)
[2024-10-09T20:58:26.620+0530][gc,heap     ] GC(8) Survivor regions: 3->4(7)
[2024-10-09T20:58:26.620+0530][gc,heap     ] GC(8) Old regions: 16->15
[2024-10-09T20:58:26.620+0530][gc,heap     ] GC(8) Humongous regions: 129->129
[2024-10-09T20:58:26.620+0530][gc,metaspace] GC(8) Metaspace: 41144K(41792K)->41144K(41792K) NonClass: 36253K(36608K)->36253K(36608K) Class: 4891K(5184K)->4891K(5184K)
[2024-10-09T20:58:26.620+0530][gc          ] GC(8) Pause Young (Mixed) (G1 Evacuation Pause) 195M->147M(1024M) 10.746ms
[2024-10-09T20:58:26.620+0530][gc,cpu      ] GC(8) User=0.02s Sys=0.01s Real=0.02s
[2024-10-09T20:59:48.546+0530][gc,start    ] GC(9) Pause Young (Normal) (G1 Evacuation Pause)
[2024-10-09T20:59:48.548+0530][gc,task     ] GC(9) Using 8 workers of 8 for evacuation
[2024-10-09T20:59:48.553+0530][gc,phases   ] GC(9)   Pre Evacuate Collection Set: 0.86ms
[2024-10-09T20:59:48.553+0530][gc,phases   ] GC(9)   Merge Heap Roots: 0.14ms
[2024-10-09T20:59:48.553+0530][gc,phases   ] GC(9)   Evacuate Collection Set: 3.90ms
[2024-10-09T20:59:48.553+0530][gc,phases   ] GC(9)   Post Evacuate Collection Set: 0.40ms
[2024-10-09T20:59:48.553+0530][gc,phases   ] GC(9)   Other: 0.12ms
[2024-10-09T20:59:48.553+0530][gc,heap     ] GC(9) Eden regions: 47->0(47)
[2024-10-09T20:59:48.553+0530][gc,heap     ] GC(9) Survivor regions: 4->4(7)
[2024-10-09T20:59:48.553+0530][gc,heap     ] GC(9) Old regions: 15->15
[2024-10-09T20:59:48.553+0530][gc,heap     ] GC(9) Humongous regions: 129->129
[2024-10-09T20:59:48.553+0530][gc,metaspace] GC(9) Metaspace: 41230K(41920K)->41230K(41920K) NonClass: 36339K(36736K)->36339K(36736K) Class: 4891K(5184K)->4891K(5184K)
[2024-10-09T20:59:48.553+0530][gc          ] GC(9) Pause Young (Normal) (G1 Evacuation Pause) 194M->147M(1024M) 7.060ms
[2024-10-09T20:59:48.553+0530][gc,cpu      ] GC(9) User=0.02s Sys=0.02s Real=0.01s
[2024-10-09T21:00:04.230+0530][gc,start    ] GC(10) Pause Young (Normal) (G1 Evacuation Pause)
[2024-10-09T21:00:04.231+0530][gc,task     ] GC(10) Using 8 workers of 8 for evacuation
[2024-10-09T21:00:04.237+0530][gc,phases   ] GC(10)   Pre Evacuate Collection Set: 0.57ms
[2024-10-09T21:00:04.237+0530][gc,phases   ] GC(10)   Merge Heap Roots: 0.11ms
[2024-10-09T21:00:04.237+0530][gc,phases   ] GC(10)   Evacuate Collection Set: 4.61ms
[2024-10-09T21:00:04.237+0530][gc,phases   ] GC(10)   Post Evacuate Collection Set: 0.52ms
[2024-10-09T21:00:04.237+0530][gc,phases   ] GC(10)   Other: 0.14ms
[2024-10-09T21:00:04.237+0530][gc,heap     ] GC(10) Eden regions: 47->0(47)
[2024-10-09T21:00:04.237+0530][gc,heap     ] GC(10) Survivor regions: 4->4(7)
[2024-10-09T21:00:04.237+0530][gc,heap     ] GC(10) Old regions: 15->15
[2024-10-09T21:00:04.237+0530][gc,heap     ] GC(10) Humongous regions: 129->129
[2024-10-09T21:00:04.237+0530][gc,metaspace] GC(10) Metaspace: 41239K(41920K)->41239K(41920K) NonClass: 36348K(36736K)->36348K(36736K) Class: 4891K(5184K)->4891K(5184K)
[2024-10-09T21:00:04.237+0530][gc          ] GC(10) Pause Young (Normal) (G1 Evacuation Pause) 194M->147M(1024M) 6.627ms
[2024-10-09T21:00:04.237+0530][gc,cpu      ] GC(10) User=0.03s Sys=0.00s Real=0.00s
[2024-10-09T21:00:18.240+0530][gc,heap,exit] Heap
[2024-10-09T21:00:18.240+0530][gc,heap,exit]  garbage-first heap   total reserved 1048576K, committed 1048576K, used 199120K [0x00000007c0000000, 0x0000000800000000)
[2024-10-09T21:00:18.240+0530][gc,heap,exit]   region size 1024K, 51 young (52224K), 4 survivors (4096K)
[2024-10-09T21:00:18.240+0530][gc,heap,exit]  Metaspace       used 42153K, committed 42752K, reserved 1114112K
[2024-10-09T21:00:18.240+0530][gc,heap,exit]   class space    used 5076K, committed 5312K, reserved 1048576K
