[2024-10-09T13:25:32.861+0530][gc,init] CardTable entry size: 512
[2024-10-09T13:25:32.861+0530][gc     ] Using G1
[2024-10-09T13:25:32.863+0530][gc,init] Version: 22.0.2+9-70 (release)
[2024-10-09T13:25:32.863+0530][gc,init] CPUs: 8 total, 8 available
[2024-10-09T13:25:32.863+0530][gc,init] Memory: 8192M
[2024-10-09T13:25:32.863+0530][gc,init] Large Page Support: Disabled
[2024-10-09T13:25:32.863+0530][gc,init] NUMA Support: Disabled
[2024-10-09T13:25:32.863+0530][gc,init] Compressed Oops: Enabled (Zero based)
[2024-10-09T13:25:32.863+0530][gc,init] Heap Region Size: 1M
[2024-10-09T13:25:32.863+0530][gc,init] Heap Min Capacity: 1G
[2024-10-09T13:25:32.863+0530][gc,init] Heap Initial Capacity: 1G
[2024-10-09T13:25:32.863+0530][gc,init] Heap Max Capacity: 1G
[2024-10-09T13:25:32.863+0530][gc,init] Pre-touch: Disabled
[2024-10-09T13:25:32.863+0530][gc,init] Parallel Workers: 8
[2024-10-09T13:25:32.863+0530][gc,init] Concurrent Workers: 2
[2024-10-09T13:25:32.863+0530][gc,init] Concurrent Refinement Workers: 8
[2024-10-09T13:25:32.863+0530][gc,init] Periodic GC: Disabled
[2024-10-09T13:25:32.868+0530][gc,metaspace] CDS archive(s) mapped at: [0x00001f0000000000-0x00001f0000c74000-0x00001f0000c74000), size 13058048, SharedBaseAddress: 0x00001f0000000000, ArchiveRelocationMode: 1.
[2024-10-09T13:25:32.868+0530][gc,metaspace] Compressed class space mapped at: 0x00001f0001000000-0x00001f0041000000, reserved size: 1073741824
[2024-10-09T13:25:32.868+0530][gc,metaspace] Narrow klass base: 0x00001f0000000000, Narrow klass shift: 0, Narrow klass range: 0x100000000
[2024-10-09T13:25:33.896+0530][gc,start    ] GC(0) Pause Young (Normal) (G1 Evacuation Pause)
[2024-10-09T13:25:33.896+0530][gc,task     ] GC(0) Using 8 workers of 8 for evacuation
[2024-10-09T13:25:33.899+0530][gc,phases   ] GC(0)   Pre Evacuate Collection Set: 0.13ms
[2024-10-09T13:25:33.899+0530][gc,phases   ] GC(0)   Merge Heap Roots: 0.05ms
[2024-10-09T13:25:33.899+0530][gc,phases   ] GC(0)   Evacuate Collection Set: 2.50ms
[2024-10-09T13:25:33.899+0530][gc,phases   ] GC(0)   Post Evacuate Collection Set: 0.37ms
[2024-10-09T13:25:33.899+0530][gc,phases   ] GC(0)   Other: 0.29ms
[2024-10-09T13:25:33.899+0530][gc,heap     ] GC(0) Eden regions: 51->0(44)
[2024-10-09T13:25:33.899+0530][gc,heap     ] GC(0) Survivor regions: 0->7(7)
[2024-10-09T13:25:33.899+0530][gc,heap     ] GC(0) Old regions: 2->3
[2024-10-09T13:25:33.899+0530][gc,heap     ] GC(0) Humongous regions: 0->0
[2024-10-09T13:25:33.899+0530][gc,metaspace] GC(0) Metaspace: 17005K(17152K)->17005K(17152K) NonClass: 14963K(15040K)->14963K(15040K) Class: 2042K(2112K)->2042K(2112K)
[2024-10-09T13:25:33.900+0530][gc          ] GC(0) Pause Young (Normal) (G1 Evacuation Pause) 52M->9M(1024M) 3.588ms
[2024-10-09T13:25:33.900+0530][gc,cpu      ] GC(0) User=0.02s Sys=0.00s Real=0.01s
[2024-10-09T13:25:34.064+0530][gc,start    ] GC(1) Pause Young (Concurrent Start) (Metadata GC Threshold)
[2024-10-09T13:25:34.064+0530][gc,task     ] GC(1) Using 8 workers of 8 for evacuation
[2024-10-09T13:25:34.067+0530][gc,phases   ] GC(1)   Pre Evacuate Collection Set: 0.15ms
[2024-10-09T13:25:34.067+0530][gc,phases   ] GC(1)   Merge Heap Roots: 0.04ms
[2024-10-09T13:25:34.067+0530][gc,phases   ] GC(1)   Evacuate Collection Set: 2.18ms
[2024-10-09T13:25:34.067+0530][gc,phases   ] GC(1)   Post Evacuate Collection Set: 0.31ms
[2024-10-09T13:25:34.067+0530][gc,phases   ] GC(1)   Other: 0.07ms
[2024-10-09T13:25:34.067+0530][gc,heap     ] GC(1) Eden regions: 17->0(49)
[2024-10-09T13:25:34.067+0530][gc,heap     ] GC(1) Survivor regions: 7->2(7)
[2024-10-09T13:25:34.067+0530][gc,heap     ] GC(1) Old regions: 3->11
[2024-10-09T13:25:34.067+0530][gc,heap     ] GC(1) Humongous regions: 0->0
[2024-10-09T13:25:34.067+0530][gc,metaspace] GC(1) Metaspace: 21254K(21504K)->21254K(21504K) NonClass: 18683K(18816K)->18683K(18816K) Class: 2571K(2688K)->2571K(2688K)
[2024-10-09T13:25:34.067+0530][gc          ] GC(1) Pause Young (Concurrent Start) (Metadata GC Threshold) 25M->10M(1024M) 2.954ms
[2024-10-09T13:25:34.067+0530][gc,cpu      ] GC(1) User=0.02s Sys=0.00s Real=0.00s
[2024-10-09T13:25:34.067+0530][gc          ] GC(2) Concurrent Mark Cycle
[2024-10-09T13:25:34.067+0530][gc,marking  ] GC(2) Concurrent Scan Root Regions
[2024-10-09T13:25:34.069+0530][gc,marking  ] GC(2) Concurrent Scan Root Regions 2.003ms
[2024-10-09T13:25:34.069+0530][gc,marking  ] GC(2) Concurrent Mark
[2024-10-09T13:25:34.069+0530][gc,marking  ] GC(2) Concurrent Mark From Roots
[2024-10-09T13:25:34.069+0530][gc,task     ] GC(2) Using 2 workers of 2 for marking
[2024-10-09T13:25:34.071+0530][gc,marking  ] GC(2) Concurrent Mark From Roots 1.148ms
[2024-10-09T13:25:34.071+0530][gc,marking  ] GC(2) Concurrent Preclean
[2024-10-09T13:25:34.071+0530][gc,marking  ] GC(2) Concurrent Preclean 0.009ms
[2024-10-09T13:25:34.071+0530][gc,start    ] GC(2) Pause Remark
[2024-10-09T13:25:34.072+0530][gc          ] GC(2) Pause Remark 10M->10M(1024M) 1.184ms
[2024-10-09T13:25:34.072+0530][gc,cpu      ] GC(2) User=0.01s Sys=0.00s Real=0.00s
[2024-10-09T13:25:34.072+0530][gc,marking  ] GC(2) Concurrent Mark 2.489ms
[2024-10-09T13:25:34.072+0530][gc,marking  ] GC(2) Concurrent Rebuild Remembered Sets and Scrub Regions
[2024-10-09T13:25:34.074+0530][gc,marking  ] GC(2) Concurrent Rebuild Remembered Sets and Scrub Regions 1.882ms
[2024-10-09T13:25:34.074+0530][gc,start    ] GC(2) Pause Cleanup
[2024-10-09T13:25:34.074+0530][gc          ] GC(2) Pause Cleanup 11M->11M(1024M) 0.112ms
[2024-10-09T13:25:34.074+0530][gc,cpu      ] GC(2) User=0.00s Sys=0.00s Real=0.00s
[2024-10-09T13:25:34.074+0530][gc,marking  ] GC(2) Concurrent Clear Claimed Marks
[2024-10-09T13:25:34.074+0530][gc,marking  ] GC(2) Concurrent Clear Claimed Marks 0.025ms
[2024-10-09T13:25:34.074+0530][gc,marking  ] GC(2) Concurrent Cleanup for Next Mark
[2024-10-09T13:25:34.076+0530][gc,marking  ] GC(2) Concurrent Cleanup for Next Mark 2.209ms
[2024-10-09T13:25:34.076+0530][gc          ] GC(2) Concurrent Mark Cycle 9.096ms
[2024-10-09T13:25:34.518+0530][gc,start    ] GC(3) Pause Young (Prepare Mixed) (G1 Evacuation Pause)
[2024-10-09T13:25:34.518+0530][gc,task     ] GC(3) Using 8 workers of 8 for evacuation
[2024-10-09T13:25:34.520+0530][gc,phases   ] GC(3)   Pre Evacuate Collection Set: 0.21ms
[2024-10-09T13:25:34.520+0530][gc,phases   ] GC(3)   Merge Heap Roots: 0.07ms
[2024-10-09T13:25:34.520+0530][gc,phases   ] GC(3)   Evacuate Collection Set: 2.23ms
[2024-10-09T13:25:34.520+0530][gc,phases   ] GC(3)   Post Evacuate Collection Set: 0.25ms
[2024-10-09T13:25:34.521+0530][gc,phases   ] GC(3)   Other: 0.08ms
[2024-10-09T13:25:34.521+0530][gc,heap     ] GC(3) Eden regions: 49->0(44)
[2024-10-09T13:25:34.521+0530][gc,heap     ] GC(3) Survivor regions: 2->7(7)
[2024-10-09T13:25:34.521+0530][gc,heap     ] GC(3) Old regions: 11->11
[2024-10-09T13:25:34.521+0530][gc,heap     ] GC(3) Humongous regions: 129->129
[2024-10-09T13:25:34.521+0530][gc,metaspace] GC(3) Metaspace: 32420K(32768K)->32420K(32768K) NonClass: 28730K(28928K)->28730K(28928K) Class: 3690K(3840K)->3690K(3840K)
[2024-10-09T13:25:34.521+0530][gc          ] GC(3) Pause Young (Prepare Mixed) (G1 Evacuation Pause) 188M->144M(1024M) 3.025ms
[2024-10-09T13:25:34.521+0530][gc,cpu      ] GC(3) User=0.02s Sys=0.00s Real=0.01s
[2024-10-09T13:25:34.605+0530][gc,start    ] GC(4) Pause Young (Mixed) (Metadata GC Threshold)
[2024-10-09T13:25:34.605+0530][gc,task     ] GC(4) Using 8 workers of 8 for evacuation
[2024-10-09T13:25:34.609+0530][gc,phases   ] GC(4)   Pre Evacuate Collection Set: 0.17ms
[2024-10-09T13:25:34.609+0530][gc,phases   ] GC(4)   Merge Heap Roots: 0.04ms
[2024-10-09T13:25:34.609+0530][gc,phases   ] GC(4)   Evacuate Collection Set: 2.79ms
[2024-10-09T13:25:34.609+0530][gc,phases   ] GC(4)   Post Evacuate Collection Set: 0.36ms
[2024-10-09T13:25:34.609+0530][gc,phases   ] GC(4)   Other: 0.06ms
[2024-10-09T13:25:34.609+0530][gc,heap     ] GC(4) Eden regions: 14->0(49)
[2024-10-09T13:25:34.609+0530][gc,heap     ] GC(4) Survivor regions: 7->2(7)
[2024-10-09T13:25:34.609+0530][gc,heap     ] GC(4) Old regions: 11->16
[2024-10-09T13:25:34.609+0530][gc,heap     ] GC(4) Humongous regions: 129->129
[2024-10-09T13:25:34.609+0530][gc,metaspace] GC(4) Metaspace: 35681K(36096K)->35681K(36096K) NonClass: 31541K(31744K)->31541K(31744K) Class: 4139K(4352K)->4139K(4352K)
[2024-10-09T13:25:34.609+0530][gc          ] GC(4) Pause Young (Mixed) (Metadata GC Threshold) 158M->145M(1024M) 3.686ms
[2024-10-09T13:25:34.609+0530][gc,cpu      ] GC(4) User=0.02s Sys=0.01s Real=0.00s
[2024-10-09T13:25:34.683+0530][gc,start    ] GC(5) Pause Young (Concurrent Start) (Metadata GC Threshold)
[2024-10-09T13:25:34.683+0530][gc,task     ] GC(5) Using 8 workers of 8 for evacuation
[2024-10-09T13:25:34.684+0530][gc,phases   ] GC(5)   Pre Evacuate Collection Set: 0.16ms
[2024-10-09T13:25:34.684+0530][gc,phases   ] GC(5)   Merge Heap Roots: 0.03ms
[2024-10-09T13:25:34.684+0530][gc,phases   ] GC(5)   Evacuate Collection Set: 0.69ms
[2024-10-09T13:25:34.684+0530][gc,phases   ] GC(5)   Post Evacuate Collection Set: 0.15ms
[2024-10-09T13:25:34.684+0530][gc,phases   ] GC(5)   Other: 0.06ms
[2024-10-09T13:25:34.684+0530][gc,heap     ] GC(5) Eden regions: 3->0(50)
[2024-10-09T13:25:34.684+0530][gc,heap     ] GC(5) Survivor regions: 2->1(7)
[2024-10-09T13:25:34.684+0530][gc,heap     ] GC(5) Old regions: 16->16
[2024-10-09T13:25:34.684+0530][gc,heap     ] GC(5) Humongous regions: 129->129
[2024-10-09T13:25:34.684+0530][gc,metaspace] GC(5) Metaspace: 36054K(36416K)->36054K(36416K) NonClass: 31859K(32064K)->31859K(32064K) Class: 4194K(4352K)->4194K(4352K)
[2024-10-09T13:25:34.684+0530][gc          ] GC(5) Pause Young (Concurrent Start) (Metadata GC Threshold) 147M->145M(1024M) 1.229ms
[2024-10-09T13:25:34.684+0530][gc,cpu      ] GC(5) User=0.01s Sys=0.00s Real=0.00s
[2024-10-09T13:25:34.684+0530][gc          ] GC(6) Concurrent Mark Cycle
[2024-10-09T13:25:34.684+0530][gc,marking  ] GC(6) Concurrent Scan Root Regions
[2024-10-09T13:25:34.685+0530][gc,marking  ] GC(6) Concurrent Scan Root Regions 1.011ms
[2024-10-09T13:25:34.685+0530][gc,marking  ] GC(6) Concurrent Mark
[2024-10-09T13:25:34.685+0530][gc,marking  ] GC(6) Concurrent Mark From Roots
[2024-10-09T13:25:34.685+0530][gc,task     ] GC(6) Using 2 workers of 2 for marking
[2024-10-09T13:25:34.693+0530][gc,marking  ] GC(6) Concurrent Mark From Roots 7.716ms
[2024-10-09T13:25:34.693+0530][gc,marking  ] GC(6) Concurrent Preclean
[2024-10-09T13:25:34.693+0530][gc,marking  ] GC(6) Concurrent Preclean 0.033ms
[2024-10-09T13:25:34.693+0530][gc,start    ] GC(6) Pause Remark
[2024-10-09T13:25:34.694+0530][gc          ] GC(6) Pause Remark 146M->146M(1024M) 1.384ms
[2024-10-09T13:25:34.694+0530][gc,cpu      ] GC(6) User=0.01s Sys=0.00s Real=0.00s
[2024-10-09T13:25:34.694+0530][gc,marking  ] GC(6) Concurrent Mark 9.317ms
[2024-10-09T13:25:34.694+0530][gc,marking  ] GC(6) Concurrent Rebuild Remembered Sets and Scrub Regions
[2024-10-09T13:25:34.698+0530][gc,marking  ] GC(6) Concurrent Rebuild Remembered Sets and Scrub Regions 3.537ms
[2024-10-09T13:25:34.698+0530][gc,start    ] GC(6) Pause Cleanup
[2024-10-09T13:25:34.698+0530][gc          ] GC(6) Pause Cleanup 146M->146M(1024M) 0.095ms
[2024-10-09T13:25:34.698+0530][gc,cpu      ] GC(6) User=0.00s Sys=0.00s Real=0.00s
[2024-10-09T13:25:34.698+0530][gc,marking  ] GC(6) Concurrent Clear Claimed Marks
[2024-10-09T13:25:34.698+0530][gc,marking  ] GC(6) Concurrent Clear Claimed Marks 0.039ms
[2024-10-09T13:25:34.698+0530][gc,marking  ] GC(6) Concurrent Cleanup for Next Mark
[2024-10-09T13:25:34.699+0530][gc,marking  ] GC(6) Concurrent Cleanup for Next Mark 0.651ms
[2024-10-09T13:25:34.699+0530][gc          ] GC(6) Concurrent Mark Cycle 14.866ms
[2024-10-09T14:30:00.024+0530][gc,start    ] GC(7) Pause Young (Prepare Mixed) (G1 Evacuation Pause)
[2024-10-09T14:30:00.025+0530][gc,task     ] GC(7) Using 8 workers of 8 for evacuation
[2024-10-09T14:30:00.039+0530][gc,phases   ] GC(7)   Pre Evacuate Collection Set: 1.10ms
[2024-10-09T14:30:00.039+0530][gc,phases   ] GC(7)   Merge Heap Roots: 0.16ms
[2024-10-09T14:30:00.039+0530][gc,phases   ] GC(7)   Evacuate Collection Set: 11.55ms
[2024-10-09T14:30:00.039+0530][gc,phases   ] GC(7)   Post Evacuate Collection Set: 0.74ms
[2024-10-09T14:30:00.039+0530][gc,phases   ] GC(7)   Other: 0.25ms
[2024-10-09T14:30:00.039+0530][gc,heap     ] GC(7) Eden regions: 50->0(49)
[2024-10-09T14:30:00.039+0530][gc,heap     ] GC(7) Survivor regions: 1->2(7)
[2024-10-09T14:30:00.039+0530][gc,heap     ] GC(7) Old regions: 16->16
[2024-10-09T14:30:00.039+0530][gc,heap     ] GC(7) Humongous regions: 129->129
[2024-10-09T14:30:00.039+0530][gc,metaspace] GC(7) Metaspace: 39010K(39552K)->39010K(39552K) NonClass: 34368K(34688K)->34368K(34688K) Class: 4641K(4864K)->4641K(4864K)
[2024-10-09T14:30:00.039+0530][gc          ] GC(7) Pause Young (Prepare Mixed) (G1 Evacuation Pause) 195M->146M(1024M) 16.979ms
[2024-10-09T14:30:00.039+0530][gc,cpu      ] GC(7) User=0.01s Sys=0.04s Real=0.01s
[2024-10-09T14:35:00.030+0530][gc,heap,exit] Heap
[2024-10-09T14:35:00.031+0530][gc,heap,exit]  garbage-first heap   total reserved 1048576K, committed 1048576K, used 166896K [0x00000007c0000000, 0x0000000800000000)
[2024-10-09T14:35:00.031+0530][gc,heap,exit]   region size 1024K, 19 young (19456K), 2 survivors (2048K)
[2024-10-09T14:35:00.031+0530][gc,heap,exit]  Metaspace       used 39954K, committed 40512K, reserved 1114112K
[2024-10-09T14:35:00.031+0530][gc,heap,exit]   class space    used 4815K, committed 5056K, reserved 1048576K
