[2024-10-13T11:38:37.828+0530][gc,init] CardTable entry size: 512
[2024-10-13T11:38:37.828+0530][gc     ] Using G1
[2024-10-13T11:38:37.830+0530][gc,init] Version: 22.0.2+9-70 (release)
[2024-10-13T11:38:37.830+0530][gc,init] CPUs: 8 total, 8 available
[2024-10-13T11:38:37.830+0530][gc,init] Memory: 8192M
[2024-10-13T11:38:37.830+0530][gc,init] Large Page Support: Disabled
[2024-10-13T11:38:37.830+0530][gc,init] NUMA Support: Disabled
[2024-10-13T11:38:37.830+0530][gc,init] Compressed Oops: Enabled (Zero based)
[2024-10-13T11:38:37.830+0530][gc,init] Heap Region Size: 1M
[2024-10-13T11:38:37.830+0530][gc,init] Heap Min Capacity: 1G
[2024-10-13T11:38:37.830+0530][gc,init] Heap Initial Capacity: 1G
[2024-10-13T11:38:37.830+0530][gc,init] Heap Max Capacity: 1G
[2024-10-13T11:38:37.830+0530][gc,init] Pre-touch: Disabled
[2024-10-13T11:38:37.830+0530][gc,init] Parallel Workers: 8
[2024-10-13T11:38:37.830+0530][gc,init] Concurrent Workers: 2
[2024-10-13T11:38:37.830+0530][gc,init] Concurrent Refinement Workers: 8
[2024-10-13T11:38:37.830+0530][gc,init] Periodic GC: Disabled
[2024-10-13T11:38:37.835+0530][gc,metaspace] CDS archive(s) mapped at: [0x000003c000000000-0x000003c000c74000-0x000003c000c74000), size 13058048, SharedBaseAddress: 0x000003c000000000, ArchiveRelocationMode: 1.
[2024-10-13T11:38:37.835+0530][gc,metaspace] Compressed class space mapped at: 0x000003c001000000-0x000003c041000000, reserved size: 1073741824
[2024-10-13T11:38:37.835+0530][gc,metaspace] Narrow klass base: 0x000003c000000000, Narrow klass shift: 0, Narrow klass range: 0x100000000
[2024-10-13T11:38:39.209+0530][gc,start    ] GC(0) Pause Young (Normal) (G1 Evacuation Pause)
[2024-10-13T11:38:39.210+0530][gc,task     ] GC(0) Using 8 workers of 8 for evacuation
[2024-10-13T11:38:39.213+0530][gc,phases   ] GC(0)   Pre Evacuate Collection Set: 0.19ms
[2024-10-13T11:38:39.213+0530][gc,phases   ] GC(0)   Merge Heap Roots: 0.05ms
[2024-10-13T11:38:39.213+0530][gc,phases   ] GC(0)   Evacuate Collection Set: 2.60ms
[2024-10-13T11:38:39.213+0530][gc,phases   ] GC(0)   Post Evacuate Collection Set: 0.39ms
[2024-10-13T11:38:39.213+0530][gc,phases   ] GC(0)   Other: 0.26ms
[2024-10-13T11:38:39.213+0530][gc,heap     ] GC(0) Eden regions: 51->0(44)
[2024-10-13T11:38:39.213+0530][gc,heap     ] GC(0) Survivor regions: 0->7(7)
[2024-10-13T11:38:39.213+0530][gc,heap     ] GC(0) Old regions: 2->4
[2024-10-13T11:38:39.213+0530][gc,heap     ] GC(0) Humongous regions: 0->0
[2024-10-13T11:38:39.213+0530][gc,metaspace] GC(0) Metaspace: 16987K(17216K)->16987K(17216K) NonClass: 14951K(15104K)->14951K(15104K) Class: 2035K(2112K)->2035K(2112K)
[2024-10-13T11:38:39.213+0530][gc          ] GC(0) Pause Young (Normal) (G1 Evacuation Pause) 52M->9M(1024M) 3.739ms
[2024-10-13T11:38:39.213+0530][gc,cpu      ] GC(0) User=0.02s Sys=0.00s Real=0.01s
[2024-10-13T11:38:39.413+0530][gc,start    ] GC(1) Pause Young (Concurrent Start) (Metadata GC Threshold)
[2024-10-13T11:38:39.413+0530][gc,task     ] GC(1) Using 8 workers of 8 for evacuation
[2024-10-13T11:38:39.416+0530][gc,phases   ] GC(1)   Pre Evacuate Collection Set: 0.21ms
[2024-10-13T11:38:39.416+0530][gc,phases   ] GC(1)   Merge Heap Roots: 0.04ms
[2024-10-13T11:38:39.416+0530][gc,phases   ] GC(1)   Evacuate Collection Set: 2.28ms
[2024-10-13T11:38:39.416+0530][gc,phases   ] GC(1)   Post Evacuate Collection Set: 0.26ms
[2024-10-13T11:38:39.416+0530][gc,phases   ] GC(1)   Other: 0.07ms
[2024-10-13T11:38:39.416+0530][gc,heap     ] GC(1) Eden regions: 17->0(49)
[2024-10-13T11:38:39.416+0530][gc,heap     ] GC(1) Survivor regions: 7->2(7)
[2024-10-13T11:38:39.416+0530][gc,heap     ] GC(1) Old regions: 4->11
[2024-10-13T11:38:39.416+0530][gc,heap     ] GC(1) Humongous regions: 0->0
[2024-10-13T11:38:39.416+0530][gc,metaspace] GC(1) Metaspace: 21236K(21504K)->21236K(21504K) NonClass: 18684K(18816K)->18684K(18816K) Class: 2552K(2688K)->2552K(2688K)
[2024-10-13T11:38:39.416+0530][gc          ] GC(1) Pause Young (Concurrent Start) (Metadata GC Threshold) 25M->10M(1024M) 3.046ms
[2024-10-13T11:38:39.416+0530][gc          ] GC(2) Concurrent Mark Cycle
[2024-10-13T11:38:39.416+0530][gc,cpu      ] GC(1) User=0.02s Sys=0.00s Real=0.00s
[2024-10-13T11:38:39.416+0530][gc,marking  ] GC(2) Concurrent Scan Root Regions
[2024-10-13T11:38:39.418+0530][gc,marking  ] GC(2) Concurrent Scan Root Regions 2.164ms
[2024-10-13T11:38:39.418+0530][gc,marking  ] GC(2) Concurrent Mark
[2024-10-13T11:38:39.418+0530][gc,marking  ] GC(2) Concurrent Mark From Roots
[2024-10-13T11:38:39.418+0530][gc,task     ] GC(2) Using 2 workers of 2 for marking
[2024-10-13T11:38:39.419+0530][gc,marking  ] GC(2) Concurrent Mark From Roots 1.246ms
[2024-10-13T11:38:39.419+0530][gc,marking  ] GC(2) Concurrent Preclean
[2024-10-13T11:38:39.419+0530][gc,marking  ] GC(2) Concurrent Preclean 0.012ms
[2024-10-13T11:38:39.420+0530][gc,start    ] GC(2) Pause Remark
[2024-10-13T11:38:39.421+0530][gc          ] GC(2) Pause Remark 11M->11M(1024M) 1.358ms
[2024-10-13T11:38:39.421+0530][gc,cpu      ] GC(2) User=0.00s Sys=0.00s Real=0.00s
[2024-10-13T11:38:39.421+0530][gc,marking  ] GC(2) Concurrent Mark 2.789ms
[2024-10-13T11:38:39.421+0530][gc,marking  ] GC(2) Concurrent Rebuild Remembered Sets and Scrub Regions
[2024-10-13T11:38:39.424+0530][gc,marking  ] GC(2) Concurrent Rebuild Remembered Sets and Scrub Regions 2.543ms
[2024-10-13T11:38:39.424+0530][gc,start    ] GC(2) Pause Cleanup
[2024-10-13T11:38:39.424+0530][gc          ] GC(2) Pause Cleanup 11M->11M(1024M) 0.095ms
[2024-10-13T11:38:39.424+0530][gc,cpu      ] GC(2) User=0.00s Sys=0.00s Real=0.00s
[2024-10-13T11:38:39.424+0530][gc,marking  ] GC(2) Concurrent Clear Claimed Marks
[2024-10-13T11:38:39.424+0530][gc,marking  ] GC(2) Concurrent Clear Claimed Marks 0.086ms
[2024-10-13T11:38:39.424+0530][gc,marking  ] GC(2) Concurrent Cleanup for Next Mark
[2024-10-13T11:38:39.425+0530][gc,marking  ] GC(2) Concurrent Cleanup for Next Mark 1.256ms
[2024-10-13T11:38:39.425+0530][gc          ] GC(2) Concurrent Mark Cycle 9.245ms
[2024-10-13T11:38:39.918+0530][gc,start    ] GC(3) Pause Young (Prepare Mixed) (G1 Evacuation Pause)
[2024-10-13T11:38:39.918+0530][gc,task     ] GC(3) Using 8 workers of 8 for evacuation
[2024-10-13T11:38:39.923+0530][gc,phases   ] GC(3)   Pre Evacuate Collection Set: 0.17ms
[2024-10-13T11:38:39.923+0530][gc,phases   ] GC(3)   Merge Heap Roots: 0.06ms
[2024-10-13T11:38:39.923+0530][gc,phases   ] GC(3)   Evacuate Collection Set: 3.75ms
[2024-10-13T11:38:39.923+0530][gc,phases   ] GC(3)   Post Evacuate Collection Set: 0.46ms
[2024-10-13T11:38:39.923+0530][gc,phases   ] GC(3)   Other: 0.06ms
[2024-10-13T11:38:39.923+0530][gc,heap     ] GC(3) Eden regions: 49->0(44)
[2024-10-13T11:38:39.923+0530][gc,heap     ] GC(3) Survivor regions: 2->7(7)
[2024-10-13T11:38:39.923+0530][gc,heap     ] GC(3) Old regions: 11->11
[2024-10-13T11:38:39.923+0530][gc,heap     ] GC(3) Humongous regions: 129->129
[2024-10-13T11:38:39.923+0530][gc,metaspace] GC(3) Metaspace: 32428K(32704K)->32428K(32704K) NonClass: 28779K(28928K)->28779K(28928K) Class: 3648K(3776K)->3648K(3776K)
[2024-10-13T11:38:39.923+0530][gc          ] GC(3) Pause Young (Prepare Mixed) (G1 Evacuation Pause) 188M->144M(1024M) 4.690ms
[2024-10-13T11:38:39.923+0530][gc,cpu      ] GC(3) User=0.03s Sys=0.00s Real=0.01s
[2024-10-13T11:38:45.580+0530][gc,start    ] GC(4) Pause Young (Mixed) (Metadata GC Threshold)
[2024-10-13T11:38:45.580+0530][gc,task     ] GC(4) Using 8 workers of 8 for evacuation
[2024-10-13T11:38:45.584+0530][gc,phases   ] GC(4)   Pre Evacuate Collection Set: 0.13ms
[2024-10-13T11:38:45.584+0530][gc,phases   ] GC(4)   Merge Heap Roots: 0.07ms
[2024-10-13T11:38:45.584+0530][gc,phases   ] GC(4)   Evacuate Collection Set: 3.22ms
[2024-10-13T11:38:45.584+0530][gc,phases   ] GC(4)   Post Evacuate Collection Set: 0.36ms
[2024-10-13T11:38:45.584+0530][gc,phases   ] GC(4)   Other: 0.08ms
[2024-10-13T11:38:45.584+0530][gc,heap     ] GC(4) Eden regions: 15->0(49)
[2024-10-13T11:38:45.584+0530][gc,heap     ] GC(4) Survivor regions: 7->2(7)
[2024-10-13T11:38:45.584+0530][gc,heap     ] GC(4) Old regions: 11->16
[2024-10-13T11:38:45.584+0530][gc,heap     ] GC(4) Humongous regions: 129->129
[2024-10-13T11:38:45.584+0530][gc,metaspace] GC(4) Metaspace: 35683K(35968K)->35683K(35968K) NonClass: 31579K(31744K)->31579K(31744K) Class: 4103K(4224K)->4103K(4224K)
[2024-10-13T11:38:45.584+0530][gc          ] GC(4) Pause Young (Mixed) (Metadata GC Threshold) 159M->145M(1024M) 4.183ms
[2024-10-13T11:38:45.584+0530][gc,cpu      ] GC(4) User=0.01s Sys=0.00s Real=0.00s
[2024-10-13T11:38:46.547+0530][gc,start    ] GC(5) Pause Young (Concurrent Start) (Metadata GC Threshold)
[2024-10-13T11:38:46.547+0530][gc,task     ] GC(5) Using 8 workers of 8 for evacuation
[2024-10-13T11:38:46.549+0530][gc,phases   ] GC(5)   Pre Evacuate Collection Set: 0.23ms
[2024-10-13T11:38:46.549+0530][gc,phases   ] GC(5)   Merge Heap Roots: 0.05ms
[2024-10-13T11:38:46.549+0530][gc,phases   ] GC(5)   Evacuate Collection Set: 1.05ms
[2024-10-13T11:38:46.549+0530][gc,phases   ] GC(5)   Post Evacuate Collection Set: 0.20ms
[2024-10-13T11:38:46.549+0530][gc,phases   ] GC(5)   Other: 0.06ms
[2024-10-13T11:38:46.549+0530][gc,heap     ] GC(5) Eden regions: 5->0(50)
[2024-10-13T11:38:46.549+0530][gc,heap     ] GC(5) Survivor regions: 2->1(7)
[2024-10-13T11:38:46.549+0530][gc,heap     ] GC(5) Old regions: 16->16
[2024-10-13T11:38:46.549+0530][gc,heap     ] GC(5) Humongous regions: 129->129
[2024-10-13T11:38:46.549+0530][gc,metaspace] GC(5) Metaspace: 36023K(36288K)->36023K(36288K) NonClass: 31845K(32000K)->31845K(32000K) Class: 4177K(4288K)->4177K(4288K)
[2024-10-13T11:38:46.549+0530][gc          ] GC(5) Pause Young (Concurrent Start) (Metadata GC Threshold) 149M->145M(1024M) 1.748ms
[2024-10-13T11:38:46.549+0530][gc,cpu      ] GC(5) User=0.00s Sys=0.00s Real=0.00s
[2024-10-13T11:38:46.549+0530][gc          ] GC(6) Concurrent Mark Cycle
[2024-10-13T11:38:46.549+0530][gc,marking  ] GC(6) Concurrent Scan Root Regions
[2024-10-13T11:38:46.550+0530][gc,marking  ] GC(6) Concurrent Scan Root Regions 0.940ms
[2024-10-13T11:38:46.550+0530][gc,marking  ] GC(6) Concurrent Mark
[2024-10-13T11:38:46.550+0530][gc,marking  ] GC(6) Concurrent Mark From Roots
[2024-10-13T11:38:46.550+0530][gc,task     ] GC(6) Using 2 workers of 2 for marking
[2024-10-13T11:38:46.558+0530][gc,marking  ] GC(6) Concurrent Mark From Roots 8.618ms
[2024-10-13T11:38:46.560+0530][gc,marking  ] GC(6) Concurrent Preclean
[2024-10-13T11:38:46.560+0530][gc,marking  ] GC(6) Concurrent Preclean 0.047ms
[2024-10-13T11:38:46.560+0530][gc,start    ] GC(6) Pause Remark
[2024-10-13T11:38:46.561+0530][gc          ] GC(6) Pause Remark 146M->146M(1024M) 1.547ms
[2024-10-13T11:38:46.561+0530][gc,cpu      ] GC(6) User=0.00s Sys=0.00s Real=0.00s
[2024-10-13T11:38:46.561+0530][gc,marking  ] GC(6) Concurrent Mark 11.549ms
[2024-10-13T11:38:46.561+0530][gc,marking  ] GC(6) Concurrent Rebuild Remembered Sets and Scrub Regions
[2024-10-13T11:38:46.565+0530][gc,marking  ] GC(6) Concurrent Rebuild Remembered Sets and Scrub Regions 3.992ms
[2024-10-13T11:38:46.567+0530][gc,start    ] GC(6) Pause Cleanup
[2024-10-13T11:38:46.567+0530][gc          ] GC(6) Pause Cleanup 146M->146M(1024M) 0.084ms
[2024-10-13T11:38:46.567+0530][gc,cpu      ] GC(6) User=0.00s Sys=0.00s Real=0.00s
[2024-10-13T11:38:46.567+0530][gc,marking  ] GC(6) Concurrent Clear Claimed Marks
[2024-10-13T11:38:46.567+0530][gc,marking  ] GC(6) Concurrent Clear Claimed Marks 0.042ms
[2024-10-13T11:38:46.567+0530][gc,marking  ] GC(6) Concurrent Cleanup for Next Mark
[2024-10-13T11:38:46.569+0530][gc,marking  ] GC(6) Concurrent Cleanup for Next Mark 1.685ms
[2024-10-13T11:38:46.569+0530][gc          ] GC(6) Concurrent Mark Cycle 20.605ms
[2024-10-13T11:49:17.186+0530][gc,start    ] GC(7) Pause Young (Normal) (G1 Evacuation Pause)
[2024-10-13T11:49:17.187+0530][gc,task     ] GC(7) Using 8 workers of 8 for evacuation
[2024-10-13T11:49:17.200+0530][gc,phases   ] GC(7)   Pre Evacuate Collection Set: 0.77ms
[2024-10-13T11:49:17.200+0530][gc,phases   ] GC(7)   Merge Heap Roots: 0.13ms
[2024-10-13T11:49:17.200+0530][gc,phases   ] GC(7)   Evacuate Collection Set: 11.31ms
[2024-10-13T11:49:17.200+0530][gc,phases   ] GC(7)   Post Evacuate Collection Set: 0.45ms
[2024-10-13T11:49:17.200+0530][gc,phases   ] GC(7)   Other: 0.10ms
[2024-10-13T11:49:17.200+0530][gc,heap     ] GC(7) Eden regions: 50->0(47)
[2024-10-13T11:49:17.200+0530][gc,heap     ] GC(7) Survivor regions: 1->4(7)
[2024-10-13T11:49:17.200+0530][gc,heap     ] GC(7) Old regions: 16->16
[2024-10-13T11:49:17.200+0530][gc,heap     ] GC(7) Humongous regions: 129->129
[2024-10-13T11:49:17.200+0530][gc,metaspace] GC(7) Metaspace: 41627K(42176K)->41627K(42176K) NonClass: 36678K(36992K)->36678K(36992K) Class: 4948K(5184K)->4948K(5184K)
[2024-10-13T11:49:17.200+0530][gc          ] GC(7) Pause Young (Normal) (G1 Evacuation Pause) 195M->147M(1024M) 14.462ms
[2024-10-13T11:49:17.200+0530][gc,cpu      ] GC(7) User=0.01s Sys=0.05s Real=0.02s
[2024-10-13T11:50:43.093+0530][gc,start    ] GC(8) Pause Young (Normal) (G1 Evacuation Pause)
[2024-10-13T11:50:43.095+0530][gc,task     ] GC(8) Using 8 workers of 8 for evacuation
[2024-10-13T11:50:43.101+0530][gc,phases   ] GC(8)   Pre Evacuate Collection Set: 0.82ms
[2024-10-13T11:50:43.101+0530][gc,phases   ] GC(8)   Merge Heap Roots: 0.12ms
[2024-10-13T11:50:43.101+0530][gc,phases   ] GC(8)   Evacuate Collection Set: 4.42ms
[2024-10-13T11:50:43.101+0530][gc,phases   ] GC(8)   Post Evacuate Collection Set: 0.65ms
[2024-10-13T11:50:43.101+0530][gc,phases   ] GC(8)   Other: 0.09ms
[2024-10-13T11:50:43.101+0530][gc,heap     ] GC(8) Eden regions: 47->0(46)
[2024-10-13T11:50:43.101+0530][gc,heap     ] GC(8) Survivor regions: 4->5(7)
[2024-10-13T11:50:43.101+0530][gc,heap     ] GC(8) Old regions: 16->16
[2024-10-13T11:50:43.101+0530][gc,heap     ] GC(8) Humongous regions: 129->129
[2024-10-13T11:50:43.101+0530][gc,metaspace] GC(8) Metaspace: 41808K(42368K)->41808K(42368K) NonClass: 36857K(37184K)->36857K(37184K) Class: 4950K(5184K)->4950K(5184K)
[2024-10-13T11:50:43.101+0530][gc          ] GC(8) Pause Young (Normal) (G1 Evacuation Pause) 194M->148M(1024M) 7.448ms
[2024-10-13T11:50:43.101+0530][gc,cpu      ] GC(8) User=0.02s Sys=0.02s Real=0.01s
[2024-10-13T11:50:53.437+0530][gc,start    ] GC(9) Pause Young (Normal) (G1 Evacuation Pause)
[2024-10-13T11:50:53.439+0530][gc,task     ] GC(9) Using 8 workers of 8 for evacuation
[2024-10-13T11:50:53.442+0530][gc,phases   ] GC(9)   Pre Evacuate Collection Set: 0.19ms
[2024-10-13T11:50:53.442+0530][gc,phases   ] GC(9)   Merge Heap Roots: 0.07ms
[2024-10-13T11:50:53.442+0530][gc,phases   ] GC(9)   Evacuate Collection Set: 3.10ms
[2024-10-13T11:50:53.442+0530][gc,phases   ] GC(9)   Post Evacuate Collection Set: 0.43ms
[2024-10-13T11:50:53.443+0530][gc,phases   ] GC(9)   Other: 0.09ms
[2024-10-13T11:50:53.443+0530][gc,heap     ] GC(9) Eden regions: 46->0(47)
[2024-10-13T11:50:53.443+0530][gc,heap     ] GC(9) Survivor regions: 5->4(7)
[2024-10-13T11:50:53.443+0530][gc,heap     ] GC(9) Old regions: 16->17
[2024-10-13T11:50:53.443+0530][gc,heap     ] GC(9) Humongous regions: 129->129
[2024-10-13T11:50:53.443+0530][gc,metaspace] GC(9) Metaspace: 41808K(42368K)->41808K(42368K) NonClass: 36857K(37184K)->36857K(37184K) Class: 4950K(5184K)->4950K(5184K)
[2024-10-13T11:50:53.443+0530][gc          ] GC(9) Pause Young (Normal) (G1 Evacuation Pause) 194M->148M(1024M) 5.091ms
[2024-10-13T11:50:53.443+0530][gc,cpu      ] GC(9) User=0.01s Sys=0.00s Real=0.01s
[2024-10-13T11:51:04.602+0530][gc,start    ] GC(10) Pause Young (Normal) (G1 Evacuation Pause)
[2024-10-13T11:51:04.604+0530][gc,task     ] GC(10) Using 8 workers of 8 for evacuation
[2024-10-13T11:51:04.609+0530][gc,phases   ] GC(10)   Pre Evacuate Collection Set: 0.67ms
[2024-10-13T11:51:04.609+0530][gc,phases   ] GC(10)   Merge Heap Roots: 0.17ms
[2024-10-13T11:51:04.609+0530][gc,phases   ] GC(10)   Evacuate Collection Set: 3.10ms
[2024-10-13T11:51:04.609+0530][gc,phases   ] GC(10)   Post Evacuate Collection Set: 0.30ms
[2024-10-13T11:51:04.609+0530][gc,phases   ] GC(10)   Other: 0.10ms
[2024-10-13T11:51:04.609+0530][gc,heap     ] GC(10) Eden regions: 47->0(51)
[2024-10-13T11:51:04.609+0530][gc,heap     ] GC(10) Survivor regions: 4->4(7)
[2024-10-13T11:51:04.609+0530][gc,heap     ] GC(10) Old regions: 17->17
[2024-10-13T11:51:04.609+0530][gc,heap     ] GC(10) Humongous regions: 129->129
[2024-10-13T11:51:04.609+0530][gc,metaspace] GC(10) Metaspace: 41809K(42368K)->41809K(42368K) NonClass: 36858K(37184K)->36858K(37184K) Class: 4950K(5184K)->4950K(5184K)
[2024-10-13T11:51:04.609+0530][gc          ] GC(10) Pause Young (Normal) (G1 Evacuation Pause) 195M->148M(1024M) 6.797ms
[2024-10-13T11:51:04.609+0530][gc,cpu      ] GC(10) User=0.01s Sys=0.01s Real=0.00s
[2024-10-13T11:51:16.758+0530][gc,start    ] GC(11) Pause Young (Normal) (G1 Evacuation Pause)
[2024-10-13T11:51:16.758+0530][gc,task     ] GC(11) Using 8 workers of 8 for evacuation
[2024-10-13T11:51:16.764+0530][gc,phases   ] GC(11)   Pre Evacuate Collection Set: 0.46ms
[2024-10-13T11:51:16.765+0530][gc,phases   ] GC(11)   Merge Heap Roots: 0.09ms
[2024-10-13T11:51:16.765+0530][gc,phases   ] GC(11)   Evacuate Collection Set: 4.88ms
[2024-10-13T11:51:16.765+0530][gc,phases   ] GC(11)   Post Evacuate Collection Set: 0.57ms
[2024-10-13T11:51:16.765+0530][gc,phases   ] GC(11)   Other: 0.19ms
[2024-10-13T11:51:16.765+0530][gc,heap     ] GC(11) Eden regions: 51->0(83)
[2024-10-13T11:51:16.765+0530][gc,heap     ] GC(11) Survivor regions: 4->4(7)
[2024-10-13T11:51:16.765+0530][gc,heap     ] GC(11) Old regions: 17->17
[2024-10-13T11:51:16.765+0530][gc,heap     ] GC(11) Humongous regions: 129->129
[2024-10-13T11:51:16.765+0530][gc,metaspace] GC(11) Metaspace: 41811K(42368K)->41811K(42368K) NonClass: 36860K(37184K)->36860K(37184K) Class: 4950K(5184K)->4950K(5184K)
[2024-10-13T11:51:16.765+0530][gc          ] GC(11) Pause Young (Normal) (G1 Evacuation Pause) 199M->149M(1024M) 6.667ms
[2024-10-13T11:51:16.765+0530][gc,cpu      ] GC(11) User=0.02s Sys=0.01s Real=0.01s
[2024-10-13T11:51:37.134+0530][gc,start    ] GC(12) Pause Young (Normal) (G1 Evacuation Pause)
[2024-10-13T11:51:37.136+0530][gc,task     ] GC(12) Using 8 workers of 8 for evacuation
[2024-10-13T11:51:37.145+0530][gc,phases   ] GC(12)   Pre Evacuate Collection Set: 1.29ms
[2024-10-13T11:51:37.146+0530][gc,phases   ] GC(12)   Merge Heap Roots: 0.24ms
[2024-10-13T11:51:37.146+0530][gc,phases   ] GC(12)   Evacuate Collection Set: 7.24ms
[2024-10-13T11:51:37.146+0530][gc,phases   ] GC(12)   Post Evacuate Collection Set: 0.74ms
[2024-10-13T11:51:37.146+0530][gc,phases   ] GC(12)   Other: 0.27ms
[2024-10-13T11:51:37.146+0530][gc,heap     ] GC(12) Eden regions: 83->0(279)
[2024-10-13T11:51:37.146+0530][gc,heap     ] GC(12) Survivor regions: 4->4(11)
[2024-10-13T11:51:37.146+0530][gc,heap     ] GC(12) Old regions: 17->17
[2024-10-13T11:51:37.146+0530][gc,heap     ] GC(12) Humongous regions: 129->129
[2024-10-13T11:51:37.146+0530][gc,metaspace] GC(12) Metaspace: 41812K(42368K)->41812K(42368K) NonClass: 36861K(37184K)->36861K(37184K) Class: 4950K(5184K)->4950K(5184K)
[2024-10-13T11:51:37.146+0530][gc          ] GC(12) Pause Young (Normal) (G1 Evacuation Pause) 232M->148M(1024M) 11.910ms
[2024-10-13T11:51:37.146+0530][gc,cpu      ] GC(12) User=0.02s Sys=0.03s Real=0.01s
[2024-10-13T11:53:49.157+0530][gc,start    ] GC(13) Pause Young (Normal) (G1 Evacuation Pause)
[2024-10-13T11:53:49.158+0530][gc,task     ] GC(13) Using 8 workers of 8 for evacuation
[2024-10-13T11:53:49.170+0530][gc,phases   ] GC(13)   Pre Evacuate Collection Set: 1.35ms
[2024-10-13T11:53:49.170+0530][gc,phases   ] GC(13)   Merge Heap Roots: 0.28ms
[2024-10-13T11:53:49.170+0530][gc,phases   ] GC(13)   Evacuate Collection Set: 9.16ms
[2024-10-13T11:53:49.170+0530][gc,phases   ] GC(13)   Post Evacuate Collection Set: 0.93ms
[2024-10-13T11:53:49.170+0530][gc,phases   ] GC(13)   Other: 0.39ms
[2024-10-13T11:53:49.170+0530][gc,heap     ] GC(13) Eden regions: 279->0(370)
[2024-10-13T11:53:49.170+0530][gc,heap     ] GC(13) Survivor regions: 4->4(36)
[2024-10-13T11:53:49.170+0530][gc,heap     ] GC(13) Old regions: 17->17
[2024-10-13T11:53:49.170+0530][gc,heap     ] GC(13) Humongous regions: 129->129
[2024-10-13T11:53:49.170+0530][gc,metaspace] GC(13) Metaspace: 42025K(42560K)->42025K(42560K) NonClass: 37074K(37376K)->37074K(37376K) Class: 4950K(5184K)->4950K(5184K)
[2024-10-13T11:53:49.170+0530][gc          ] GC(13) Pause Young (Normal) (G1 Evacuation Pause) 427M->148M(1024M) 13.809ms
[2024-10-13T11:53:49.170+0530][gc,cpu      ] GC(13) User=0.03s Sys=0.03s Real=0.02s
[2024-10-13T11:54:44.706+0530][gc,start    ] GC(14) Pause Young (Normal) (G1 Evacuation Pause)
[2024-10-13T11:54:44.709+0530][gc,task     ] GC(14) Using 8 workers of 8 for evacuation
[2024-10-13T11:54:44.720+0530][gc,phases   ] GC(14)   Pre Evacuate Collection Set: 1.00ms
[2024-10-13T11:54:44.720+0530][gc,phases   ] GC(14)   Merge Heap Roots: 0.24ms
[2024-10-13T11:54:44.720+0530][gc,phases   ] GC(14)   Evacuate Collection Set: 8.39ms
[2024-10-13T11:54:44.720+0530][gc,phases   ] GC(14)   Post Evacuate Collection Set: 1.05ms
[2024-10-13T11:54:44.720+0530][gc,phases   ] GC(14)   Other: 0.28ms
[2024-10-13T11:54:44.720+0530][gc,heap     ] GC(14) Eden regions: 370->0(556)
[2024-10-13T11:54:44.720+0530][gc,heap     ] GC(14) Survivor regions: 4->4(47)
[2024-10-13T11:54:44.720+0530][gc,heap     ] GC(14) Old regions: 17->17
[2024-10-13T11:54:44.720+0530][gc,heap     ] GC(14) Humongous regions: 129->129
[2024-10-13T11:54:44.720+0530][gc,metaspace] GC(14) Metaspace: 42027K(42560K)->42027K(42560K) NonClass: 37077K(37376K)->37077K(37376K) Class: 4950K(5184K)->4950K(5184K)
[2024-10-13T11:54:44.720+0530][gc          ] GC(14) Pause Young (Normal) (G1 Evacuation Pause) 518M->148M(1024M) 14.078ms
[2024-10-13T11:54:44.720+0530][gc,cpu      ] GC(14) User=0.03s Sys=0.03s Real=0.02s
[2024-10-13T11:56:08.011+0530][gc,start    ] GC(15) Pause Young (Normal) (G1 Evacuation Pause)
[2024-10-13T11:56:08.012+0530][gc,task     ] GC(15) Using 8 workers of 8 for evacuation
[2024-10-13T11:56:08.029+0530][gc,phases   ] GC(15)   Pre Evacuate Collection Set: 1.44ms
[2024-10-13T11:56:08.029+0530][gc,phases   ] GC(15)   Merge Heap Roots: 0.37ms
[2024-10-13T11:56:08.029+0530][gc,phases   ] GC(15)   Evacuate Collection Set: 13.64ms
[2024-10-13T11:56:08.029+0530][gc,phases   ] GC(15)   Post Evacuate Collection Set: 1.06ms
[2024-10-13T11:56:08.029+0530][gc,phases   ] GC(15)   Other: 0.45ms
[2024-10-13T11:56:08.029+0530][gc,heap     ] GC(15) Eden regions: 556->0(541)
[2024-10-13T11:56:08.029+0530][gc,heap     ] GC(15) Survivor regions: 4->4(70)
[2024-10-13T11:56:08.029+0530][gc,heap     ] GC(15) Old regions: 17->17
[2024-10-13T11:56:08.029+0530][gc,heap     ] GC(15) Humongous regions: 129->129
[2024-10-13T11:56:08.029+0530][gc,metaspace] GC(15) Metaspace: 42040K(42624K)->42040K(42624K) NonClass: 37089K(37440K)->37089K(37440K) Class: 4950K(5184K)->4950K(5184K)
[2024-10-13T11:56:08.029+0530][gc          ] GC(15) Pause Young (Normal) (G1 Evacuation Pause) 704M->148M(1024M) 18.754ms
[2024-10-13T11:56:08.029+0530][gc,cpu      ] GC(15) User=0.03s Sys=0.05s Real=0.01s
[2024-10-13T11:57:28.514+0530][gc,start    ] GC(16) Pause Young (Normal) (G1 Evacuation Pause)
[2024-10-13T11:57:28.515+0530][gc,task     ] GC(16) Using 8 workers of 8 for evacuation
[2024-10-13T11:57:28.535+0530][gc,phases   ] GC(16)   Pre Evacuate Collection Set: 1.15ms
[2024-10-13T11:57:28.535+0530][gc,phases   ] GC(16)   Merge Heap Roots: 0.36ms
[2024-10-13T11:57:28.535+0530][gc,phases   ] GC(16)   Evacuate Collection Set: 16.99ms
[2024-10-13T11:57:28.535+0530][gc,phases   ] GC(16)   Post Evacuate Collection Set: 0.93ms
[2024-10-13T11:57:28.535+0530][gc,phases   ] GC(16)   Other: 0.25ms
[2024-10-13T11:57:28.535+0530][gc,heap     ] GC(16) Eden regions: 541->0(260)
[2024-10-13T11:57:28.535+0530][gc,heap     ] GC(16) Survivor regions: 4->4(69)
[2024-10-13T11:57:28.535+0530][gc,heap     ] GC(16) Old regions: 17->17
[2024-10-13T11:57:28.535+0530][gc,heap     ] GC(16) Humongous regions: 129->129
[2024-10-13T11:57:28.535+0530][gc,metaspace] GC(16) Metaspace: 42078K(42688K)->42078K(42688K) NonClass: 37127K(37504K)->37127K(37504K) Class: 4950K(5184K)->4950K(5184K)
[2024-10-13T11:57:28.535+0530][gc          ] GC(16) Pause Young (Normal) (G1 Evacuation Pause) 689M->148M(1024M) 20.720ms
[2024-10-13T11:57:28.535+0530][gc,cpu      ] GC(16) User=0.02s Sys=0.08s Real=0.02s
[2024-10-13T11:58:07.188+0530][gc,start    ] GC(17) Pause Young (Normal) (G1 Evacuation Pause)
[2024-10-13T11:58:07.191+0530][gc,task     ] GC(17) Using 8 workers of 8 for evacuation
[2024-10-13T11:58:07.206+0530][gc,phases   ] GC(17)   Pre Evacuate Collection Set: 1.63ms
[2024-10-13T11:58:07.206+0530][gc,phases   ] GC(17)   Merge Heap Roots: 0.40ms
[2024-10-13T11:58:07.206+0530][gc,phases   ] GC(17)   Evacuate Collection Set: 11.69ms
[2024-10-13T11:58:07.206+0530][gc,phases   ] GC(17)   Post Evacuate Collection Set: 1.01ms
[2024-10-13T11:58:07.206+0530][gc,phases   ] GC(17)   Other: 0.25ms
[2024-10-13T11:58:07.206+0530][gc,heap     ] GC(17) Eden regions: 260->0(380)
[2024-10-13T11:58:07.206+0530][gc,heap     ] GC(17) Survivor regions: 4->4(33)
[2024-10-13T11:58:07.206+0530][gc,heap     ] GC(17) Old regions: 17->17
[2024-10-13T11:58:07.206+0530][gc,heap     ] GC(17) Humongous regions: 129->129
[2024-10-13T11:58:07.206+0530][gc,metaspace] GC(17) Metaspace: 42079K(42688K)->42079K(42688K) NonClass: 37128K(37504K)->37128K(37504K) Class: 4950K(5184K)->4950K(5184K)
[2024-10-13T11:58:07.206+0530][gc          ] GC(17) Pause Young (Normal) (G1 Evacuation Pause) 408M->148M(1024M) 17.500ms
[2024-10-13T11:58:07.206+0530][gc,cpu      ] GC(17) User=0.02s Sys=0.04s Real=0.02s
[2024-10-13T11:59:04.545+0530][gc,start    ] GC(18) Pause Young (Normal) (G1 Evacuation Pause)
[2024-10-13T11:59:04.547+0530][gc,task     ] GC(18) Using 8 workers of 8 for evacuation
[2024-10-13T11:59:04.557+0530][gc,phases   ] GC(18)   Pre Evacuate Collection Set: 1.15ms
[2024-10-13T11:59:04.557+0530][gc,phases   ] GC(18)   Merge Heap Roots: 0.40ms
[2024-10-13T11:59:04.557+0530][gc,phases   ] GC(18)   Evacuate Collection Set: 7.59ms
[2024-10-13T11:59:04.557+0530][gc,phases   ] GC(18)   Post Evacuate Collection Set: 0.66ms
[2024-10-13T11:59:04.557+0530][gc,phases   ] GC(18)   Other: 0.25ms
[2024-10-13T11:59:04.557+0530][gc,heap     ] GC(18) Eden regions: 380->0(610)
[2024-10-13T11:59:04.557+0530][gc,heap     ] GC(18) Survivor regions: 4->4(48)
[2024-10-13T11:59:04.557+0530][gc,heap     ] GC(18) Old regions: 17->17
[2024-10-13T11:59:04.557+0530][gc,heap     ] GC(18) Humongous regions: 129->129
[2024-10-13T11:59:04.557+0530][gc,metaspace] GC(18) Metaspace: 42089K(42688K)->42089K(42688K) NonClass: 37138K(37504K)->37138K(37504K) Class: 4950K(5184K)->4950K(5184K)
[2024-10-13T11:59:04.557+0530][gc          ] GC(18) Pause Young (Normal) (G1 Evacuation Pause) 528M->148M(1024M) 11.723ms
[2024-10-13T11:59:04.557+0530][gc,cpu      ] GC(18) User=0.02s Sys=0.02s Real=0.01s
[2024-10-13T12:00:35.778+0530][gc,start    ] GC(19) Pause Young (Normal) (G1 Evacuation Pause)
[2024-10-13T12:00:35.780+0530][gc,task     ] GC(19) Using 8 workers of 8 for evacuation
[2024-10-13T12:00:35.794+0530][gc,phases   ] GC(19)   Pre Evacuate Collection Set: 1.42ms
[2024-10-13T12:00:35.794+0530][gc,phases   ] GC(19)   Merge Heap Roots: 0.32ms
[2024-10-13T12:00:35.794+0530][gc,phases   ] GC(19)   Evacuate Collection Set: 11.09ms
[2024-10-13T12:00:35.794+0530][gc,phases   ] GC(19)   Post Evacuate Collection Set: 1.14ms
[2024-10-13T12:00:35.794+0530][gc,phases   ] GC(19)   Other: 0.34ms
[2024-10-13T12:00:35.794+0530][gc,heap     ] GC(19) Eden regions: 610->0(610)
[2024-10-13T12:00:35.794+0530][gc,heap     ] GC(19) Survivor regions: 4->4(77)
[2024-10-13T12:00:35.794+0530][gc,heap     ] GC(19) Old regions: 17->17
[2024-10-13T12:00:35.794+0530][gc,heap     ] GC(19) Humongous regions: 129->129
[2024-10-13T12:00:35.794+0530][gc,metaspace] GC(19) Metaspace: 42095K(42688K)->42095K(42688K) NonClass: 37144K(37504K)->37144K(37504K) Class: 4950K(5184K)->4950K(5184K)
[2024-10-13T12:00:35.794+0530][gc          ] GC(19) Pause Young (Normal) (G1 Evacuation Pause) 758M->148M(1024M) 16.504ms
[2024-10-13T12:00:35.794+0530][gc,cpu      ] GC(19) User=0.03s Sys=0.04s Real=0.02s
[2024-10-13T12:02:08.134+0530][gc,start    ] GC(20) Pause Young (Normal) (G1 Evacuation Pause)
[2024-10-13T12:02:08.135+0530][gc,task     ] GC(20) Using 8 workers of 8 for evacuation
[2024-10-13T12:02:08.144+0530][gc,phases   ] GC(20)   Pre Evacuate Collection Set: 0.87ms
[2024-10-13T12:02:08.144+0530][gc,phases   ] GC(20)   Merge Heap Roots: 0.29ms
[2024-10-13T12:02:08.144+0530][gc,phases   ] GC(20)   Evacuate Collection Set: 6.78ms
[2024-10-13T12:02:08.144+0530][gc,phases   ] GC(20)   Post Evacuate Collection Set: 0.78ms
[2024-10-13T12:02:08.144+0530][gc,phases   ] GC(20)   Other: 0.25ms
[2024-10-13T12:02:08.144+0530][gc,heap     ] GC(20) Eden regions: 610->0(610)
[2024-10-13T12:02:08.144+0530][gc,heap     ] GC(20) Survivor regions: 4->4(77)
[2024-10-13T12:02:08.144+0530][gc,heap     ] GC(20) Old regions: 17->17
[2024-10-13T12:02:08.144+0530][gc,heap     ] GC(20) Humongous regions: 129->129
[2024-10-13T12:02:08.144+0530][gc,metaspace] GC(20) Metaspace: 42096K(42688K)->42096K(42688K) NonClass: 37145K(37504K)->37145K(37504K) Class: 4950K(5184K)->4950K(5184K)
[2024-10-13T12:02:08.144+0530][gc          ] GC(20) Pause Young (Normal) (G1 Evacuation Pause) 758M->148M(1024M) 9.876ms
[2024-10-13T12:02:08.144+0530][gc,cpu      ] GC(20) User=0.02s Sys=0.02s Real=0.01s
[2024-10-13T12:02:47.189+0530][gc,heap,exit] Heap
[2024-10-13T12:02:47.189+0530][gc,heap,exit]  garbage-first heap   total reserved 1048576K, committed 1048576K, used 426948K [0x00000007c0000000, 0x0000000800000000)
[2024-10-13T12:02:47.190+0530][gc,heap,exit]   region size 1024K, 272 young (278528K), 4 survivors (4096K)
[2024-10-13T12:02:47.190+0530][gc,heap,exit]  Metaspace       used 43018K, committed 43584K, reserved 1114112K
[2024-10-13T12:02:47.190+0530][gc,heap,exit]   class space    used 5142K, committed 5376K, reserved 1048576K
