[2024-10-09T06:34:53.853+0530][gc,init] CardTable entry size: 512
[2024-10-09T06:34:53.853+0530][gc     ] Using G1
[2024-10-09T06:34:53.855+0530][gc,init] Version: 22.0.2+9-70 (release)
[2024-10-09T06:34:53.855+0530][gc,init] CPUs: 8 total, 8 available
[2024-10-09T06:34:53.855+0530][gc,init] Memory: 8192M
[2024-10-09T06:34:53.855+0530][gc,init] Large Page Support: Disabled
[2024-10-09T06:34:53.855+0530][gc,init] NUMA Support: Disabled
[2024-10-09T06:34:53.855+0530][gc,init] Compressed Oops: Enabled (Zero based)
[2024-10-09T06:34:53.855+0530][gc,init] Heap Region Size: 1M
[2024-10-09T06:34:53.855+0530][gc,init] Heap Min Capacity: 1G
[2024-10-09T06:34:53.855+0530][gc,init] Heap Initial Capacity: 1G
[2024-10-09T06:34:53.855+0530][gc,init] Heap Max Capacity: 1G
[2024-10-09T06:34:53.855+0530][gc,init] Pre-touch: Disabled
[2024-10-09T06:34:53.855+0530][gc,init] Parallel Workers: 8
[2024-10-09T06:34:53.855+0530][gc,init] Concurrent Workers: 2
[2024-10-09T06:34:53.855+0530][gc,init] Concurrent Refinement Workers: 8
[2024-10-09T06:34:53.855+0530][gc,init] Periodic GC: Disabled
[2024-10-09T06:34:53.860+0530][gc,metaspace] CDS archive(s) mapped at: [0x000007fc00000000-0x000007fc00c74000-0x000007fc00c74000), size 13058048, SharedBaseAddress: 0x000007fc00000000, ArchiveRelocationMode: 1.
[2024-10-09T06:34:53.860+0530][gc,metaspace] Compressed class space mapped at: 0x000007fc01000000-0x000007fc41000000, reserved size: 1073741824
[2024-10-09T06:34:53.860+0530][gc,metaspace] Narrow klass base: 0x000007fc00000000, Narrow klass shift: 0, Narrow klass range: 0x100000000
[2024-10-09T06:34:54.910+0530][gc,start    ] GC(0) Pause Young (Normal) (G1 Evacuation Pause)
[2024-10-09T06:34:54.911+0530][gc,task     ] GC(0) Using 8 workers of 8 for evacuation
[2024-10-09T06:34:54.914+0530][gc,phases   ] GC(0)   Pre Evacuate Collection Set: 0.19ms
[2024-10-09T06:34:54.914+0530][gc,phases   ] GC(0)   Merge Heap Roots: 0.05ms
[2024-10-09T06:34:54.914+0530][gc,phases   ] GC(0)   Evacuate Collection Set: 2.71ms
[2024-10-09T06:34:54.914+0530][gc,phases   ] GC(0)   Post Evacuate Collection Set: 0.46ms
[2024-10-09T06:34:54.914+0530][gc,phases   ] GC(0)   Other: 0.26ms
[2024-10-09T06:34:54.914+0530][gc,heap     ] GC(0) Eden regions: 51->0(44)
[2024-10-09T06:34:54.914+0530][gc,heap     ] GC(0) Survivor regions: 0->7(7)
[2024-10-09T06:34:54.914+0530][gc,heap     ] GC(0) Old regions: 2->4
[2024-10-09T06:34:54.914+0530][gc,heap     ] GC(0) Humongous regions: 0->0
[2024-10-09T06:34:54.914+0530][gc,metaspace] GC(0) Metaspace: 16963K(17152K)->16963K(17152K) NonClass: 14929K(15040K)->14929K(15040K) Class: 2033K(2112K)->2033K(2112K)
[2024-10-09T06:34:54.914+0530][gc          ] GC(0) Pause Young (Normal) (G1 Evacuation Pause) 52M->9M(1024M) 3.903ms
[2024-10-09T06:34:54.914+0530][gc,cpu      ] GC(0) User=0.02s Sys=0.00s Real=0.00s
[2024-10-09T06:34:55.082+0530][gc,start    ] GC(1) Pause Young (Concurrent Start) (Metadata GC Threshold)
[2024-10-09T06:34:55.082+0530][gc,task     ] GC(1) Using 8 workers of 8 for evacuation
[2024-10-09T06:34:55.086+0530][gc,phases   ] GC(1)   Pre Evacuate Collection Set: 0.20ms
[2024-10-09T06:34:55.086+0530][gc,phases   ] GC(1)   Merge Heap Roots: 0.09ms
[2024-10-09T06:34:55.086+0530][gc,phases   ] GC(1)   Evacuate Collection Set: 3.28ms
[2024-10-09T06:34:55.086+0530][gc,phases   ] GC(1)   Post Evacuate Collection Set: 0.30ms
[2024-10-09T06:34:55.086+0530][gc,phases   ] GC(1)   Other: 0.14ms
[2024-10-09T06:34:55.086+0530][gc,heap     ] GC(1) Eden regions: 17->0(50)
[2024-10-09T06:34:55.086+0530][gc,heap     ] GC(1) Survivor regions: 7->1(7)
[2024-10-09T06:34:55.086+0530][gc,heap     ] GC(1) Old regions: 4->11
[2024-10-09T06:34:55.086+0530][gc,heap     ] GC(1) Humongous regions: 0->0
[2024-10-09T06:34:55.086+0530][gc,metaspace] GC(1) Metaspace: 21259K(21504K)->21259K(21504K) NonClass: 18688K(18816K)->18688K(18816K) Class: 2570K(2688K)->2570K(2688K)
[2024-10-09T06:34:55.086+0530][gc          ] GC(1) Pause Young (Concurrent Start) (Metadata GC Threshold) 26M->10M(1024M) 4.332ms
[2024-10-09T06:34:55.086+0530][gc,cpu      ] GC(1) User=0.02s Sys=0.01s Real=0.00s
[2024-10-09T06:34:55.086+0530][gc          ] GC(2) Concurrent Mark Cycle
[2024-10-09T06:34:55.086+0530][gc,marking  ] GC(2) Concurrent Scan Root Regions
[2024-10-09T06:34:55.088+0530][gc,marking  ] GC(2) Concurrent Scan Root Regions 1.681ms
[2024-10-09T06:34:55.088+0530][gc,marking  ] GC(2) Concurrent Mark
[2024-10-09T06:34:55.088+0530][gc,marking  ] GC(2) Concurrent Mark From Roots
[2024-10-09T06:34:55.088+0530][gc,task     ] GC(2) Using 2 workers of 2 for marking
[2024-10-09T06:34:55.089+0530][gc,marking  ] GC(2) Concurrent Mark From Roots 1.361ms
[2024-10-09T06:34:55.089+0530][gc,marking  ] GC(2) Concurrent Preclean
[2024-10-09T06:34:55.089+0530][gc,marking  ] GC(2) Concurrent Preclean 0.010ms
[2024-10-09T06:34:55.089+0530][gc,start    ] GC(2) Pause Remark
[2024-10-09T06:34:55.091+0530][gc          ] GC(2) Pause Remark 11M->11M(1024M) 1.495ms
[2024-10-09T06:34:55.091+0530][gc,cpu      ] GC(2) User=0.01s Sys=0.00s Real=0.01s
[2024-10-09T06:34:55.091+0530][gc,marking  ] GC(2) Concurrent Mark 3.033ms
[2024-10-09T06:34:55.091+0530][gc,marking  ] GC(2) Concurrent Rebuild Remembered Sets and Scrub Regions
[2024-10-09T06:34:55.093+0530][gc,marking  ] GC(2) Concurrent Rebuild Remembered Sets and Scrub Regions 1.727ms
[2024-10-09T06:34:55.093+0530][gc,start    ] GC(2) Pause Cleanup
[2024-10-09T06:34:55.093+0530][gc          ] GC(2) Pause Cleanup 11M->11M(1024M) 0.097ms
[2024-10-09T06:34:55.093+0530][gc,cpu      ] GC(2) User=0.00s Sys=0.00s Real=0.00s
[2024-10-09T06:34:55.093+0530][gc,marking  ] GC(2) Concurrent Clear Claimed Marks
[2024-10-09T06:34:55.093+0530][gc,marking  ] GC(2) Concurrent Clear Claimed Marks 0.022ms
[2024-10-09T06:34:55.093+0530][gc,marking  ] GC(2) Concurrent Cleanup for Next Mark
[2024-10-09T06:34:55.094+0530][gc,marking  ] GC(2) Concurrent Cleanup for Next Mark 1.311ms
[2024-10-09T06:34:55.094+0530][gc          ] GC(2) Concurrent Mark Cycle 8.142ms
[2024-10-09T06:34:55.562+0530][gc,start    ] GC(3) Pause Young (Prepare Mixed) (G1 Evacuation Pause)
[2024-10-09T06:34:55.563+0530][gc,task     ] GC(3) Using 8 workers of 8 for evacuation
[2024-10-09T06:34:55.566+0530][gc,phases   ] GC(3)   Pre Evacuate Collection Set: 0.14ms
[2024-10-09T06:34:55.566+0530][gc,phases   ] GC(3)   Merge Heap Roots: 0.05ms
[2024-10-09T06:34:55.566+0530][gc,phases   ] GC(3)   Evacuate Collection Set: 2.53ms
[2024-10-09T06:34:55.566+0530][gc,phases   ] GC(3)   Post Evacuate Collection Set: 0.26ms
[2024-10-09T06:34:55.566+0530][gc,phases   ] GC(3)   Other: 0.07ms
[2024-10-09T06:34:55.566+0530][gc,heap     ] GC(3) Eden regions: 50->0(44)
[2024-10-09T06:34:55.566+0530][gc,heap     ] GC(3) Survivor regions: 1->7(7)
[2024-10-09T06:34:55.566+0530][gc,heap     ] GC(3) Old regions: 11->11
[2024-10-09T06:34:55.566+0530][gc,heap     ] GC(3) Humongous regions: 129->129
[2024-10-09T06:34:55.566+0530][gc,metaspace] GC(3) Metaspace: 32751K(33088K)->32751K(33088K) NonClass: 29030K(29248K)->29030K(29248K) Class: 3721K(3840K)->3721K(3840K)
[2024-10-09T06:34:55.566+0530][gc          ] GC(3) Pause Young (Prepare Mixed) (G1 Evacuation Pause) 189M->144M(1024M) 3.270ms
[2024-10-09T06:34:55.566+0530][gc,cpu      ] GC(3) User=0.02s Sys=0.00s Real=0.00s
[2024-10-09T06:34:55.641+0530][gc,start    ] GC(4) Pause Young (Mixed) (Metadata GC Threshold)
[2024-10-09T06:34:55.641+0530][gc,task     ] GC(4) Using 8 workers of 8 for evacuation
[2024-10-09T06:34:55.645+0530][gc,phases   ] GC(4)   Pre Evacuate Collection Set: 0.16ms
[2024-10-09T06:34:55.645+0530][gc,phases   ] GC(4)   Merge Heap Roots: 0.04ms
[2024-10-09T06:34:55.645+0530][gc,phases   ] GC(4)   Evacuate Collection Set: 2.84ms
[2024-10-09T06:34:55.645+0530][gc,phases   ] GC(4)   Post Evacuate Collection Set: 0.26ms
[2024-10-09T06:34:55.645+0530][gc,phases   ] GC(4)   Other: 0.06ms
[2024-10-09T06:34:55.645+0530][gc,heap     ] GC(4) Eden regions: 13->0(49)
[2024-10-09T06:34:55.645+0530][gc,heap     ] GC(4) Survivor regions: 7->2(7)
[2024-10-09T06:34:55.645+0530][gc,heap     ] GC(4) Old regions: 11->16
[2024-10-09T06:34:55.645+0530][gc,heap     ] GC(4) Humongous regions: 129->129
[2024-10-09T06:34:55.645+0530][gc,metaspace] GC(4) Metaspace: 35681K(36096K)->35681K(36096K) NonClass: 31548K(31808K)->31548K(31808K) Class: 4133K(4288K)->4133K(4288K)
[2024-10-09T06:34:55.645+0530][gc          ] GC(4) Pause Young (Mixed) (Metadata GC Threshold) 156M->145M(1024M) 3.560ms
[2024-10-09T06:34:55.645+0530][gc,cpu      ] GC(4) User=0.02s Sys=0.00s Real=0.00s
[2024-10-09T06:34:55.724+0530][gc,start    ] GC(5) Pause Young (Concurrent Start) (Metadata GC Threshold)
[2024-10-09T06:34:55.724+0530][gc,task     ] GC(5) Using 8 workers of 8 for evacuation
[2024-10-09T06:34:55.725+0530][gc,phases   ] GC(5)   Pre Evacuate Collection Set: 0.18ms
[2024-10-09T06:34:55.725+0530][gc,phases   ] GC(5)   Merge Heap Roots: 0.03ms
[2024-10-09T06:34:55.725+0530][gc,phases   ] GC(5)   Evacuate Collection Set: 0.57ms
[2024-10-09T06:34:55.725+0530][gc,phases   ] GC(5)   Post Evacuate Collection Set: 0.16ms
[2024-10-09T06:34:55.725+0530][gc,phases   ] GC(5)   Other: 0.06ms
[2024-10-09T06:34:55.725+0530][gc,heap     ] GC(5) Eden regions: 3->0(50)
[2024-10-09T06:34:55.725+0530][gc,heap     ] GC(5) Survivor regions: 2->1(7)
[2024-10-09T06:34:55.725+0530][gc,heap     ] GC(5) Old regions: 16->16
[2024-10-09T06:34:55.725+0530][gc,heap     ] GC(5) Humongous regions: 129->129
[2024-10-09T06:34:55.725+0530][gc,metaspace] GC(5) Metaspace: 36077K(36416K)->36077K(36416K) NonClass: 31885K(32064K)->31885K(32064K) Class: 4191K(4352K)->4191K(4352K)
[2024-10-09T06:34:55.725+0530][gc          ] GC(5) Pause Young (Concurrent Start) (Metadata GC Threshold) 147M->145M(1024M) 1.150ms
[2024-10-09T06:34:55.725+0530][gc          ] GC(6) Concurrent Mark Cycle
[2024-10-09T06:34:55.725+0530][gc,cpu      ] GC(5) User=0.01s Sys=0.00s Real=0.00s
[2024-10-09T06:34:55.725+0530][gc,marking  ] GC(6) Concurrent Scan Root Regions
[2024-10-09T06:34:55.726+0530][gc,marking  ] GC(6) Concurrent Scan Root Regions 0.865ms
[2024-10-09T06:34:55.726+0530][gc,marking  ] GC(6) Concurrent Mark
[2024-10-09T06:34:55.726+0530][gc,marking  ] GC(6) Concurrent Mark From Roots
[2024-10-09T06:34:55.726+0530][gc,task     ] GC(6) Using 2 workers of 2 for marking
[2024-10-09T06:34:55.734+0530][gc,marking  ] GC(6) Concurrent Mark From Roots 8.765ms
[2024-10-09T06:34:55.734+0530][gc,marking  ] GC(6) Concurrent Preclean
[2024-10-09T06:34:55.735+0530][gc,marking  ] GC(6) Concurrent Preclean 0.034ms
[2024-10-09T06:34:55.735+0530][gc,start    ] GC(6) Pause Remark
[2024-10-09T06:34:55.736+0530][gc          ] GC(6) Pause Remark 146M->146M(1024M) 1.236ms
[2024-10-09T06:34:55.736+0530][gc,cpu      ] GC(6) User=0.00s Sys=0.00s Real=0.00s
[2024-10-09T06:34:55.736+0530][gc,marking  ] GC(6) Concurrent Mark 10.262ms
[2024-10-09T06:34:55.736+0530][gc,marking  ] GC(6) Concurrent Rebuild Remembered Sets and Scrub Regions
[2024-10-09T06:34:55.740+0530][gc,marking  ] GC(6) Concurrent Rebuild Remembered Sets and Scrub Regions 4.071ms
[2024-10-09T06:34:55.740+0530][gc,start    ] GC(6) Pause Cleanup
[2024-10-09T06:34:55.740+0530][gc          ] GC(6) Pause Cleanup 146M->146M(1024M) 0.108ms
[2024-10-09T06:34:55.740+0530][gc,cpu      ] GC(6) User=0.00s Sys=0.00s Real=0.00s
[2024-10-09T06:34:55.740+0530][gc,marking  ] GC(6) Concurrent Clear Claimed Marks
[2024-10-09T06:34:55.740+0530][gc,marking  ] GC(6) Concurrent Clear Claimed Marks 0.040ms
[2024-10-09T06:34:55.740+0530][gc,marking  ] GC(6) Concurrent Cleanup for Next Mark
[2024-10-09T06:34:55.741+0530][gc,marking  ] GC(6) Concurrent Cleanup for Next Mark 0.787ms
[2024-10-09T06:34:55.741+0530][gc          ] GC(6) Concurrent Mark Cycle 16.338ms
[2024-10-09T06:35:33.578+0530][gc,heap,exit] Heap
[2024-10-09T06:35:33.578+0530][gc,heap,exit]  garbage-first heap   total reserved 1048576K, committed 1048576K, used 172981K [0x00000007c0000000, 0x0000000800000000)
[2024-10-09T06:35:33.578+0530][gc,heap,exit]   region size 1024K, 25 young (25600K), 1 survivors (1024K)
[2024-10-09T06:35:33.578+0530][gc,heap,exit]  Metaspace       used 39361K, committed 39936K, reserved 1114112K
[2024-10-09T06:35:33.578+0530][gc,heap,exit]   class space    used 4826K, committed 5056K, reserved 1048576K
