[2024-10-10T10:40:54.359+0530][gc,init] CardTable entry size: 512
[2024-10-10T10:40:54.359+0530][gc     ] Using G1
[2024-10-10T10:40:54.361+0530][gc,init] Version: 22.0.2+9-70 (release)
[2024-10-10T10:40:54.361+0530][gc,init] CPUs: 8 total, 8 available
[2024-10-10T10:40:54.361+0530][gc,init] Memory: 8192M
[2024-10-10T10:40:54.361+0530][gc,init] Large Page Support: Disabled
[2024-10-10T10:40:54.361+0530][gc,init] NUMA Support: Disabled
[2024-10-10T10:40:54.361+0530][gc,init] Compressed Oops: Enabled (Zero based)
[2024-10-10T10:40:54.361+0530][gc,init] Heap Region Size: 1M
[2024-10-10T10:40:54.361+0530][gc,init] Heap Min Capacity: 1G
[2024-10-10T10:40:54.361+0530][gc,init] Heap Initial Capacity: 1G
[2024-10-10T10:40:54.361+0530][gc,init] Heap Max Capacity: 1G
[2024-10-10T10:40:54.361+0530][gc,init] Pre-touch: Disabled
[2024-10-10T10:40:54.361+0530][gc,init] Parallel Workers: 8
[2024-10-10T10:40:54.361+0530][gc,init] Concurrent Workers: 2
[2024-10-10T10:40:54.361+0530][gc,init] Concurrent Refinement Workers: 8
[2024-10-10T10:40:54.361+0530][gc,init] Periodic GC: Disabled
[2024-10-10T10:40:54.366+0530][gc,metaspace] CDS archive(s) mapped at: [0x0000030000000000-0x0000030000c74000-0x0000030000c74000), size 13058048, SharedBaseAddress: 0x0000030000000000, ArchiveRelocationMode: 1.
[2024-10-10T10:40:54.366+0530][gc,metaspace] Compressed class space mapped at: 0x0000030001000000-0x0000030041000000, reserved size: 1073741824
[2024-10-10T10:40:54.366+0530][gc,metaspace] Narrow klass base: 0x0000030000000000, Narrow klass shift: 0, Narrow klass range: 0x100000000
[2024-10-10T10:40:55.440+0530][gc,start    ] GC(0) Pause Young (Normal) (G1 Evacuation Pause)
[2024-10-10T10:40:55.440+0530][gc,task     ] GC(0) Using 8 workers of 8 for evacuation
[2024-10-10T10:40:55.443+0530][gc,phases   ] GC(0)   Pre Evacuate Collection Set: 0.23ms
[2024-10-10T10:40:55.443+0530][gc,phases   ] GC(0)   Merge Heap Roots: 0.06ms
[2024-10-10T10:40:55.443+0530][gc,phases   ] GC(0)   Evacuate Collection Set: 2.50ms
[2024-10-10T10:40:55.443+0530][gc,phases   ] GC(0)   Post Evacuate Collection Set: 0.37ms
[2024-10-10T10:40:55.443+0530][gc,phases   ] GC(0)   Other: 0.30ms
[2024-10-10T10:40:55.443+0530][gc,heap     ] GC(0) Eden regions: 51->0(44)
[2024-10-10T10:40:55.443+0530][gc,heap     ] GC(0) Survivor regions: 0->7(7)
[2024-10-10T10:40:55.443+0530][gc,heap     ] GC(0) Old regions: 2->3
[2024-10-10T10:40:55.443+0530][gc,heap     ] GC(0) Humongous regions: 0->0
[2024-10-10T10:40:55.443+0530][gc,metaspace] GC(0) Metaspace: 16996K(17152K)->16996K(17152K) NonClass: 14957K(15040K)->14957K(15040K) Class: 2039K(2112K)->2039K(2112K)
[2024-10-10T10:40:55.443+0530][gc          ] GC(0) Pause Young (Normal) (G1 Evacuation Pause) 52M->8M(1024M) 3.691ms
[2024-10-10T10:40:55.443+0530][gc,cpu      ] GC(0) User=0.02s Sys=0.00s Real=0.00s
[2024-10-10T10:40:55.624+0530][gc,start    ] GC(1) Pause Young (Concurrent Start) (Metadata GC Threshold)
[2024-10-10T10:40:55.624+0530][gc,task     ] GC(1) Using 8 workers of 8 for evacuation
[2024-10-10T10:40:55.627+0530][gc,phases   ] GC(1)   Pre Evacuate Collection Set: 0.17ms
[2024-10-10T10:40:55.627+0530][gc,phases   ] GC(1)   Merge Heap Roots: 0.05ms
[2024-10-10T10:40:55.627+0530][gc,phases   ] GC(1)   Evacuate Collection Set: 2.66ms
[2024-10-10T10:40:55.627+0530][gc,phases   ] GC(1)   Post Evacuate Collection Set: 0.28ms
[2024-10-10T10:40:55.627+0530][gc,phases   ] GC(1)   Other: 0.07ms
[2024-10-10T10:40:55.627+0530][gc,heap     ] GC(1) Eden regions: 17->0(49)
[2024-10-10T10:40:55.627+0530][gc,heap     ] GC(1) Survivor regions: 7->2(7)
[2024-10-10T10:40:55.627+0530][gc,heap     ] GC(1) Old regions: 3->11
[2024-10-10T10:40:55.627+0530][gc,heap     ] GC(1) Humongous regions: 0->0
[2024-10-10T10:40:55.627+0530][gc,metaspace] GC(1) Metaspace: 21258K(21504K)->21258K(21504K) NonClass: 18687K(18816K)->18687K(18816K) Class: 2570K(2688K)->2570K(2688K)
[2024-10-10T10:40:55.627+0530][gc          ] GC(1) Pause Young (Concurrent Start) (Metadata GC Threshold) 25M->10M(1024M) 3.446ms
[2024-10-10T10:40:55.627+0530][gc          ] GC(2) Concurrent Mark Cycle
[2024-10-10T10:40:55.627+0530][gc,cpu      ] GC(1) User=0.02s Sys=0.00s Real=0.00s
[2024-10-10T10:40:55.627+0530][gc,marking  ] GC(2) Concurrent Scan Root Regions
[2024-10-10T10:40:55.629+0530][gc,marking  ] GC(2) Concurrent Scan Root Regions 2.139ms
[2024-10-10T10:40:55.629+0530][gc,marking  ] GC(2) Concurrent Mark
[2024-10-10T10:40:55.629+0530][gc,marking  ] GC(2) Concurrent Mark From Roots
[2024-10-10T10:40:55.629+0530][gc,task     ] GC(2) Using 2 workers of 2 for marking
[2024-10-10T10:40:55.631+0530][gc,marking  ] GC(2) Concurrent Mark From Roots 1.862ms
[2024-10-10T10:40:55.631+0530][gc,marking  ] GC(2) Concurrent Preclean
[2024-10-10T10:40:55.631+0530][gc,marking  ] GC(2) Concurrent Preclean 0.011ms
[2024-10-10T10:40:55.631+0530][gc,start    ] GC(2) Pause Remark
[2024-10-10T10:40:55.633+0530][gc          ] GC(2) Pause Remark 10M->10M(1024M) 1.616ms
[2024-10-10T10:40:55.633+0530][gc,cpu      ] GC(2) User=0.00s Sys=0.00s Real=0.00s
[2024-10-10T10:40:55.633+0530][gc,marking  ] GC(2) Concurrent Mark 3.683ms
[2024-10-10T10:40:55.633+0530][gc,marking  ] GC(2) Concurrent Rebuild Remembered Sets and Scrub Regions
[2024-10-10T10:40:55.635+0530][gc,marking  ] GC(2) Concurrent Rebuild Remembered Sets and Scrub Regions 1.987ms
[2024-10-10T10:40:55.635+0530][gc,start    ] GC(2) Pause Cleanup
[2024-10-10T10:40:55.635+0530][gc          ] GC(2) Pause Cleanup 11M->11M(1024M) 0.086ms
[2024-10-10T10:40:55.635+0530][gc,cpu      ] GC(2) User=0.00s Sys=0.00s Real=0.00s
[2024-10-10T10:40:55.635+0530][gc,marking  ] GC(2) Concurrent Clear Claimed Marks
[2024-10-10T10:40:55.635+0530][gc,marking  ] GC(2) Concurrent Clear Claimed Marks 0.022ms
[2024-10-10T10:40:55.635+0530][gc,marking  ] GC(2) Concurrent Cleanup for Next Mark
[2024-10-10T10:40:55.637+0530][gc,marking  ] GC(2) Concurrent Cleanup for Next Mark 1.348ms
[2024-10-10T10:40:55.637+0530][gc          ] GC(2) Concurrent Mark Cycle 9.528ms
[2024-10-10T10:40:56.254+0530][gc,start    ] GC(3) Pause Young (Prepare Mixed) (G1 Evacuation Pause)
[2024-10-10T10:40:56.254+0530][gc,task     ] GC(3) Using 8 workers of 8 for evacuation
[2024-10-10T10:40:56.257+0530][gc,phases   ] GC(3)   Pre Evacuate Collection Set: 0.15ms
[2024-10-10T10:40:56.257+0530][gc,phases   ] GC(3)   Merge Heap Roots: 0.06ms
[2024-10-10T10:40:56.257+0530][gc,phases   ] GC(3)   Evacuate Collection Set: 2.91ms
[2024-10-10T10:40:56.257+0530][gc,phases   ] GC(3)   Post Evacuate Collection Set: 0.33ms
[2024-10-10T10:40:56.257+0530][gc,phases   ] GC(3)   Other: 0.08ms
[2024-10-10T10:40:56.257+0530][gc,heap     ] GC(3) Eden regions: 49->0(45)
[2024-10-10T10:40:56.257+0530][gc,heap     ] GC(3) Survivor regions: 2->6(7)
[2024-10-10T10:40:56.257+0530][gc,heap     ] GC(3) Old regions: 11->11
[2024-10-10T10:40:56.257+0530][gc,heap     ] GC(3) Humongous regions: 129->0
[2024-10-10T10:40:56.257+0530][gc,metaspace] GC(3) Metaspace: 31906K(32320K)->31906K(32320K) NonClass: 28138K(28352K)->28138K(28352K) Class: 3767K(3968K)->3767K(3968K)
[2024-10-10T10:40:56.257+0530][gc          ] GC(3) Pause Young (Prepare Mixed) (G1 Evacuation Pause) 188M->14M(1024M) 3.774ms
[2024-10-10T10:40:56.257+0530][gc,cpu      ] GC(3) User=0.02s Sys=0.00s Real=0.00s
[2024-10-10T10:40:56.273+0530][gc,heap,exit] Heap
[2024-10-10T10:40:56.273+0530][gc,heap,exit]  garbage-first heap   total reserved 1048576K, committed 1048576K, used 18205K [0x00000007c0000000, 0x0000000800000000)
[2024-10-10T10:40:56.273+0530][gc,heap,exit]   region size 1024K, 10 young (10240K), 6 survivors (6144K)
[2024-10-10T10:40:56.273+0530][gc,heap,exit]  Metaspace       used 31973K, committed 32320K, reserved 1114112K
[2024-10-10T10:40:56.273+0530][gc,heap,exit]   class space    used 3777K, committed 3968K, reserved 1048576K
