[2024-10-09T13:24:43.066+0530][gc,init] CardTable entry size: 512
[2024-10-09T13:24:43.066+0530][gc     ] Using G1
[2024-10-09T13:24:43.068+0530][gc,init] Version: 22.0.2+9-70 (release)
[2024-10-09T13:24:43.068+0530][gc,init] CPUs: 8 total, 8 available
[2024-10-09T13:24:43.068+0530][gc,init] Memory: 8192M
[2024-10-09T13:24:43.068+0530][gc,init] Large Page Support: Disabled
[2024-10-09T13:24:43.068+0530][gc,init] NUMA Support: Disabled
[2024-10-09T13:24:43.068+0530][gc,init] Compressed Oops: Enabled (Zero based)
[2024-10-09T13:24:43.068+0530][gc,init] Heap Region Size: 1M
[2024-10-09T13:24:43.068+0530][gc,init] Heap Min Capacity: 1G
[2024-10-09T13:24:43.068+0530][gc,init] Heap Initial Capacity: 1G
[2024-10-09T13:24:43.068+0530][gc,init] Heap Max Capacity: 1G
[2024-10-09T13:24:43.068+0530][gc,init] Pre-touch: Disabled
[2024-10-09T13:24:43.068+0530][gc,init] Parallel Workers: 8
[2024-10-09T13:24:43.068+0530][gc,init] Concurrent Workers: 2
[2024-10-09T13:24:43.068+0530][gc,init] Concurrent Refinement Workers: 8
[2024-10-09T13:24:43.068+0530][gc,init] Periodic GC: Disabled
[2024-10-09T13:24:43.073+0530][gc,metaspace] CDS archive(s) mapped at: [0x00001f8000000000-0x00001f8000c74000-0x00001f8000c74000), size 13058048, SharedBaseAddress: 0x00001f8000000000, ArchiveRelocationMode: 1.
[2024-10-09T13:24:43.073+0530][gc,metaspace] Compressed class space mapped at: 0x00001f8001000000-0x00001f8041000000, reserved size: 1073741824
[2024-10-09T13:24:43.073+0530][gc,metaspace] Narrow klass base: 0x00001f8000000000, Narrow klass shift: 0, Narrow klass range: 0x100000000
[2024-10-09T13:24:44.177+0530][gc,start    ] GC(0) Pause Young (Normal) (G1 Evacuation Pause)
[2024-10-09T13:24:44.177+0530][gc,task     ] GC(0) Using 8 workers of 8 for evacuation
[2024-10-09T13:24:44.180+0530][gc,phases   ] GC(0)   Pre Evacuate Collection Set: 0.17ms
[2024-10-09T13:24:44.180+0530][gc,phases   ] GC(0)   Merge Heap Roots: 0.06ms
[2024-10-09T13:24:44.180+0530][gc,phases   ] GC(0)   Evacuate Collection Set: 2.47ms
[2024-10-09T13:24:44.180+0530][gc,phases   ] GC(0)   Post Evacuate Collection Set: 0.38ms
[2024-10-09T13:24:44.180+0530][gc,phases   ] GC(0)   Other: 0.26ms
[2024-10-09T13:24:44.180+0530][gc,heap     ] GC(0) Eden regions: 51->0(44)
[2024-10-09T13:24:44.180+0530][gc,heap     ] GC(0) Survivor regions: 0->7(7)
[2024-10-09T13:24:44.180+0530][gc,heap     ] GC(0) Old regions: 2->3
[2024-10-09T13:24:44.181+0530][gc,heap     ] GC(0) Humongous regions: 0->0
[2024-10-09T13:24:44.181+0530][gc,metaspace] GC(0) Metaspace: 17003K(17152K)->17003K(17152K) NonClass: 14961K(15040K)->14961K(15040K) Class: 2041K(2112K)->2041K(2112K)
[2024-10-09T13:24:44.181+0530][gc          ] GC(0) Pause Young (Normal) (G1 Evacuation Pause) 52M->8M(1024M) 3.600ms
[2024-10-09T13:24:44.181+0530][gc,cpu      ] GC(0) User=0.01s Sys=0.00s Real=0.01s
[2024-10-09T13:24:44.353+0530][gc,start    ] GC(1) Pause Young (Concurrent Start) (Metadata GC Threshold)
[2024-10-09T13:24:44.353+0530][gc,task     ] GC(1) Using 8 workers of 8 for evacuation
[2024-10-09T13:24:44.356+0530][gc,phases   ] GC(1)   Pre Evacuate Collection Set: 0.19ms
[2024-10-09T13:24:44.356+0530][gc,phases   ] GC(1)   Merge Heap Roots: 0.04ms
[2024-10-09T13:24:44.356+0530][gc,phases   ] GC(1)   Evacuate Collection Set: 2.43ms
[2024-10-09T13:24:44.356+0530][gc,phases   ] GC(1)   Post Evacuate Collection Set: 0.25ms
[2024-10-09T13:24:44.356+0530][gc,phases   ] GC(1)   Other: 0.07ms
[2024-10-09T13:24:44.356+0530][gc,heap     ] GC(1) Eden regions: 17->0(49)
[2024-10-09T13:24:44.356+0530][gc,heap     ] GC(1) Survivor regions: 7->2(7)
[2024-10-09T13:24:44.356+0530][gc,heap     ] GC(1) Old regions: 3->11
[2024-10-09T13:24:44.356+0530][gc,heap     ] GC(1) Humongous regions: 0->0
[2024-10-09T13:24:44.356+0530][gc,metaspace] GC(1) Metaspace: 21253K(21504K)->21253K(21504K) NonClass: 18683K(18816K)->18683K(18816K) Class: 2570K(2688K)->2570K(2688K)
[2024-10-09T13:24:44.357+0530][gc          ] GC(1) Pause Young (Concurrent Start) (Metadata GC Threshold) 25M->10M(1024M) 3.194ms
[2024-10-09T13:24:44.357+0530][gc          ] GC(2) Concurrent Mark Cycle
[2024-10-09T13:24:44.357+0530][gc,cpu      ] GC(1) User=0.01s Sys=0.00s Real=0.00s
[2024-10-09T13:24:44.357+0530][gc,marking  ] GC(2) Concurrent Scan Root Regions
[2024-10-09T13:24:44.359+0530][gc,marking  ] GC(2) Concurrent Scan Root Regions 2.680ms
[2024-10-09T13:24:44.359+0530][gc,marking  ] GC(2) Concurrent Mark
[2024-10-09T13:24:44.359+0530][gc,marking  ] GC(2) Concurrent Mark From Roots
[2024-10-09T13:24:44.359+0530][gc,task     ] GC(2) Using 2 workers of 2 for marking
[2024-10-09T13:24:44.361+0530][gc,marking  ] GC(2) Concurrent Mark From Roots 1.300ms
[2024-10-09T13:24:44.361+0530][gc,marking  ] GC(2) Concurrent Preclean
[2024-10-09T13:24:44.361+0530][gc,marking  ] GC(2) Concurrent Preclean 0.010ms
[2024-10-09T13:24:44.361+0530][gc,start    ] GC(2) Pause Remark
[2024-10-09T13:24:44.362+0530][gc          ] GC(2) Pause Remark 11M->11M(1024M) 1.213ms
[2024-10-09T13:24:44.362+0530][gc,cpu      ] GC(2) User=0.00s Sys=0.00s Real=0.00s
[2024-10-09T13:24:44.362+0530][gc,marking  ] GC(2) Concurrent Mark 3.010ms
[2024-10-09T13:24:44.362+0530][gc,marking  ] GC(2) Concurrent Rebuild Remembered Sets and Scrub Regions
[2024-10-09T13:24:44.364+0530][gc,marking  ] GC(2) Concurrent Rebuild Remembered Sets and Scrub Regions 1.906ms
[2024-10-09T13:24:44.364+0530][gc,start    ] GC(2) Pause Cleanup
[2024-10-09T13:24:44.364+0530][gc          ] GC(2) Pause Cleanup 11M->11M(1024M) 0.089ms
[2024-10-09T13:24:44.364+0530][gc,cpu      ] GC(2) User=0.00s Sys=0.00s Real=0.00s
[2024-10-09T13:24:44.364+0530][gc,marking  ] GC(2) Concurrent Clear Claimed Marks
[2024-10-09T13:24:44.364+0530][gc,marking  ] GC(2) Concurrent Clear Claimed Marks 0.024ms
[2024-10-09T13:24:44.364+0530][gc,marking  ] GC(2) Concurrent Cleanup for Next Mark
[2024-10-09T13:24:44.366+0530][gc,marking  ] GC(2) Concurrent Cleanup for Next Mark 1.235ms
[2024-10-09T13:24:44.366+0530][gc          ] GC(2) Concurrent Mark Cycle 9.168ms
[2024-10-09T13:24:44.981+0530][gc,start    ] GC(3) Pause Young (Prepare Mixed) (G1 Evacuation Pause)
[2024-10-09T13:24:44.981+0530][gc,task     ] GC(3) Using 8 workers of 8 for evacuation
[2024-10-09T13:24:44.984+0530][gc,phases   ] GC(3)   Pre Evacuate Collection Set: 0.18ms
[2024-10-09T13:24:44.984+0530][gc,phases   ] GC(3)   Merge Heap Roots: 0.05ms
[2024-10-09T13:24:44.984+0530][gc,phases   ] GC(3)   Evacuate Collection Set: 2.07ms
[2024-10-09T13:24:44.984+0530][gc,phases   ] GC(3)   Post Evacuate Collection Set: 0.35ms
[2024-10-09T13:24:44.984+0530][gc,phases   ] GC(3)   Other: 0.06ms
[2024-10-09T13:24:44.984+0530][gc,heap     ] GC(3) Eden regions: 49->0(45)
[2024-10-09T13:24:44.984+0530][gc,heap     ] GC(3) Survivor regions: 2->6(7)
[2024-10-09T13:24:44.984+0530][gc,heap     ] GC(3) Old regions: 11->11
[2024-10-09T13:24:44.984+0530][gc,heap     ] GC(3) Humongous regions: 129->0
[2024-10-09T13:24:44.984+0530][gc,metaspace] GC(3) Metaspace: 31910K(32320K)->31910K(32320K) NonClass: 28137K(28352K)->28137K(28352K) Class: 3772K(3968K)->3772K(3968K)
[2024-10-09T13:24:44.984+0530][gc          ] GC(3) Pause Young (Prepare Mixed) (G1 Evacuation Pause) 188M->14M(1024M) 2.901ms
[2024-10-09T13:24:44.984+0530][gc,cpu      ] GC(3) User=0.02s Sys=0.00s Real=0.00s
[2024-10-09T13:24:44.998+0530][gc,heap,exit] Heap
[2024-10-09T13:24:44.998+0530][gc,heap,exit]  garbage-first heap   total reserved 1048576K, committed 1048576K, used 18816K [0x00000007c0000000, 0x0000000800000000)
[2024-10-09T13:24:44.998+0530][gc,heap,exit]   region size 1024K, 10 young (10240K), 6 survivors (6144K)
[2024-10-09T13:24:44.998+0530][gc,heap,exit]  Metaspace       used 31979K, committed 32320K, reserved 1114112K
[2024-10-09T13:24:44.998+0530][gc,heap,exit]   class space    used 3782K, committed 3968K, reserved 1048576K
