[2024-10-09T13:24:52.144+0530][gc,init] CardTable entry size: 512
[2024-10-09T13:24:52.144+0530][gc     ] Using G1
[2024-10-09T13:24:52.146+0530][gc,init] Version: 22.0.2+9-70 (release)
[2024-10-09T13:24:52.146+0530][gc,init] CPUs: 8 total, 8 available
[2024-10-09T13:24:52.146+0530][gc,init] Memory: 8192M
[2024-10-09T13:24:52.146+0530][gc,init] Large Page Support: Disabled
[2024-10-09T13:24:52.146+0530][gc,init] NUMA Support: Disabled
[2024-10-09T13:24:52.146+0530][gc,init] Compressed Oops: Enabled (Zero based)
[2024-10-09T13:24:52.146+0530][gc,init] Heap Region Size: 1M
[2024-10-09T13:24:52.146+0530][gc,init] Heap Min Capacity: 1G
[2024-10-09T13:24:52.146+0530][gc,init] Heap Initial Capacity: 1G
[2024-10-09T13:24:52.146+0530][gc,init] Heap Max Capacity: 1G
[2024-10-09T13:24:52.146+0530][gc,init] Pre-touch: Disabled
[2024-10-09T13:24:52.146+0530][gc,init] Parallel Workers: 8
[2024-10-09T13:24:52.146+0530][gc,init] Concurrent Workers: 2
[2024-10-09T13:24:52.146+0530][gc,init] Concurrent Refinement Workers: 8
[2024-10-09T13:24:52.146+0530][gc,init] Periodic GC: Disabled
[2024-10-09T13:24:52.151+0530][gc,metaspace] CDS archive(s) mapped at: [0x00000ffc00000000-0x00000ffc00c74000-0x00000ffc00c74000), size 13058048, SharedBaseAddress: 0x00000ffc00000000, ArchiveRelocationMode: 1.
[2024-10-09T13:24:52.151+0530][gc,metaspace] Compressed class space mapped at: 0x00000ffc01000000-0x00000ffc41000000, reserved size: 1073741824
[2024-10-09T13:24:52.151+0530][gc,metaspace] Narrow klass base: 0x00000ffc00000000, Narrow klass shift: 0, Narrow klass range: 0x100000000
[2024-10-09T13:24:55.976+0530][gc,start    ] GC(0) Pause Young (Normal) (G1 Evacuation Pause)
[2024-10-09T13:24:55.977+0530][gc,task     ] GC(0) Using 8 workers of 8 for evacuation
[2024-10-09T13:24:55.980+0530][gc,phases   ] GC(0)   Pre Evacuate Collection Set: 0.17ms
[2024-10-09T13:24:55.981+0530][gc,phases   ] GC(0)   Merge Heap Roots: 0.06ms
[2024-10-09T13:24:55.981+0530][gc,phases   ] GC(0)   Evacuate Collection Set: 2.94ms
[2024-10-09T13:24:55.981+0530][gc,phases   ] GC(0)   Post Evacuate Collection Set: 0.42ms
[2024-10-09T13:24:55.981+0530][gc,phases   ] GC(0)   Other: 0.29ms
[2024-10-09T13:24:55.981+0530][gc,heap     ] GC(0) Eden regions: 51->0(44)
[2024-10-09T13:24:55.981+0530][gc,heap     ] GC(0) Survivor regions: 0->7(7)
[2024-10-09T13:24:55.981+0530][gc,heap     ] GC(0) Old regions: 2->4
[2024-10-09T13:24:55.981+0530][gc,heap     ] GC(0) Humongous regions: 0->0
[2024-10-09T13:24:55.981+0530][gc,metaspace] GC(0) Metaspace: 16964K(17152K)->16964K(17152K) NonClass: 14931K(15040K)->14931K(15040K) Class: 2033K(2112K)->2033K(2112K)
[2024-10-09T13:24:55.981+0530][gc          ] GC(0) Pause Young (Normal) (G1 Evacuation Pause) 52M->9M(1024M) 4.176ms
[2024-10-09T13:24:55.981+0530][gc,cpu      ] GC(0) User=0.02s Sys=0.00s Real=0.01s
[2024-10-09T13:24:56.145+0530][gc,start    ] GC(1) Pause Young (Concurrent Start) (Metadata GC Threshold)
[2024-10-09T13:24:56.146+0530][gc,task     ] GC(1) Using 8 workers of 8 for evacuation
[2024-10-09T13:24:56.149+0530][gc,phases   ] GC(1)   Pre Evacuate Collection Set: 0.20ms
[2024-10-09T13:24:56.149+0530][gc,phases   ] GC(1)   Merge Heap Roots: 0.05ms
[2024-10-09T13:24:56.149+0530][gc,phases   ] GC(1)   Evacuate Collection Set: 2.80ms
[2024-10-09T13:24:56.149+0530][gc,phases   ] GC(1)   Post Evacuate Collection Set: 0.27ms
[2024-10-09T13:24:56.149+0530][gc,phases   ] GC(1)   Other: 0.07ms
[2024-10-09T13:24:56.149+0530][gc,heap     ] GC(1) Eden regions: 17->0(49)
[2024-10-09T13:24:56.149+0530][gc,heap     ] GC(1) Survivor regions: 7->2(7)
[2024-10-09T13:24:56.149+0530][gc,heap     ] GC(1) Old regions: 4->11
[2024-10-09T13:24:56.149+0530][gc,heap     ] GC(1) Humongous regions: 0->0
[2024-10-09T13:24:56.149+0530][gc,metaspace] GC(1) Metaspace: 21259K(21504K)->21259K(21504K) NonClass: 18688K(18816K)->18688K(18816K) Class: 2570K(2688K)->2570K(2688K)
[2024-10-09T13:24:56.149+0530][gc          ] GC(1) Pause Young (Concurrent Start) (Metadata GC Threshold) 26M->10M(1024M) 3.612ms
[2024-10-09T13:24:56.149+0530][gc,cpu      ] GC(1) User=0.02s Sys=0.00s Real=0.00s
[2024-10-09T13:24:56.149+0530][gc          ] GC(2) Concurrent Mark Cycle
[2024-10-09T13:24:56.149+0530][gc,marking  ] GC(2) Concurrent Scan Root Regions
[2024-10-09T13:24:56.151+0530][gc,marking  ] GC(2) Concurrent Scan Root Regions 1.736ms
[2024-10-09T13:24:56.151+0530][gc,marking  ] GC(2) Concurrent Mark
[2024-10-09T13:24:56.151+0530][gc,marking  ] GC(2) Concurrent Mark From Roots
[2024-10-09T13:24:56.151+0530][gc,task     ] GC(2) Using 2 workers of 2 for marking
[2024-10-09T13:24:56.152+0530][gc,marking  ] GC(2) Concurrent Mark From Roots 1.264ms
[2024-10-09T13:24:56.152+0530][gc,marking  ] GC(2) Concurrent Preclean
[2024-10-09T13:24:56.152+0530][gc,marking  ] GC(2) Concurrent Preclean 0.011ms
[2024-10-09T13:24:56.152+0530][gc,start    ] GC(2) Pause Remark
[2024-10-09T13:24:56.154+0530][gc          ] GC(2) Pause Remark 11M->11M(1024M) 1.203ms
[2024-10-09T13:24:56.154+0530][gc,cpu      ] GC(2) User=0.01s Sys=0.00s Real=0.00s
[2024-10-09T13:24:56.154+0530][gc,marking  ] GC(2) Concurrent Mark 2.638ms
[2024-10-09T13:24:56.154+0530][gc,marking  ] GC(2) Concurrent Rebuild Remembered Sets and Scrub Regions
[2024-10-09T13:24:56.155+0530][gc,marking  ] GC(2) Concurrent Rebuild Remembered Sets and Scrub Regions 1.759ms
[2024-10-09T13:24:56.155+0530][gc,start    ] GC(2) Pause Cleanup
[2024-10-09T13:24:56.156+0530][gc          ] GC(2) Pause Cleanup 11M->11M(1024M) 0.110ms
[2024-10-09T13:24:56.156+0530][gc,cpu      ] GC(2) User=0.00s Sys=0.00s Real=0.00s
[2024-10-09T13:24:56.156+0530][gc,marking  ] GC(2) Concurrent Clear Claimed Marks
[2024-10-09T13:24:56.156+0530][gc,marking  ] GC(2) Concurrent Clear Claimed Marks 0.028ms
[2024-10-09T13:24:56.156+0530][gc,marking  ] GC(2) Concurrent Cleanup for Next Mark
[2024-10-09T13:24:56.157+0530][gc,marking  ] GC(2) Concurrent Cleanup for Next Mark 1.216ms
[2024-10-09T13:24:56.157+0530][gc          ] GC(2) Concurrent Mark Cycle 7.824ms
[2024-10-09T13:24:56.749+0530][gc,start    ] GC(3) Pause Young (Prepare Mixed) (G1 Evacuation Pause)
[2024-10-09T13:24:56.749+0530][gc,task     ] GC(3) Using 8 workers of 8 for evacuation
[2024-10-09T13:24:56.752+0530][gc,phases   ] GC(3)   Pre Evacuate Collection Set: 0.23ms
[2024-10-09T13:24:56.752+0530][gc,phases   ] GC(3)   Merge Heap Roots: 0.06ms
[2024-10-09T13:24:56.752+0530][gc,phases   ] GC(3)   Evacuate Collection Set: 2.17ms
[2024-10-09T13:24:56.752+0530][gc,phases   ] GC(3)   Post Evacuate Collection Set: 0.28ms
[2024-10-09T13:24:56.752+0530][gc,phases   ] GC(3)   Other: 0.09ms
[2024-10-09T13:24:56.752+0530][gc,heap     ] GC(3) Eden regions: 49->0(46)
[2024-10-09T13:24:56.752+0530][gc,heap     ] GC(3) Survivor regions: 2->5(7)
[2024-10-09T13:24:56.752+0530][gc,heap     ] GC(3) Old regions: 11->11
[2024-10-09T13:24:56.752+0530][gc,heap     ] GC(3) Humongous regions: 129->0
[2024-10-09T13:24:56.752+0530][gc,metaspace] GC(3) Metaspace: 31911K(32320K)->31911K(32320K) NonClass: 28144K(28352K)->28144K(28352K) Class: 3767K(3968K)->3767K(3968K)
[2024-10-09T13:24:56.752+0530][gc          ] GC(3) Pause Young (Prepare Mixed) (G1 Evacuation Pause) 188M->14M(1024M) 3.057ms
[2024-10-09T13:24:56.752+0530][gc,cpu      ] GC(3) User=0.02s Sys=0.00s Real=0.01s
[2024-10-09T13:24:56.766+0530][gc,heap,exit] Heap
[2024-10-09T13:24:56.766+0530][gc,heap,exit]  garbage-first heap   total reserved 1048576K, committed 1048576K, used 18530K [0x00000007c0000000, 0x0000000800000000)
[2024-10-09T13:24:56.766+0530][gc,heap,exit]   region size 1024K, 9 young (9216K), 5 survivors (5120K)
[2024-10-09T13:24:56.766+0530][gc,heap,exit]  Metaspace       used 31980K, committed 32320K, reserved 1114112K
[2024-10-09T13:24:56.766+0530][gc,heap,exit]   class space    used 3777K, committed 3968K, reserved 1048576K
