[2024-10-10T11:05:55.478+0530][gc,init] CardTable entry size: 512
[2024-10-10T11:05:55.478+0530][gc     ] Using G1
[2024-10-10T11:05:55.480+0530][gc,init] Version: 22.0.2+9-70 (release)
[2024-10-10T11:05:55.480+0530][gc,init] CPUs: 8 total, 8 available
[2024-10-10T11:05:55.480+0530][gc,init] Memory: 8192M
[2024-10-10T11:05:55.480+0530][gc,init] Large Page Support: Disabled
[2024-10-10T11:05:55.480+0530][gc,init] NUMA Support: Disabled
[2024-10-10T11:05:55.480+0530][gc,init] Compressed Oops: Enabled (Zero based)
[2024-10-10T11:05:55.480+0530][gc,init] Heap Region Size: 1M
[2024-10-10T11:05:55.480+0530][gc,init] Heap Min Capacity: 1G
[2024-10-10T11:05:55.480+0530][gc,init] Heap Initial Capacity: 1G
[2024-10-10T11:05:55.480+0530][gc,init] Heap Max Capacity: 1G
[2024-10-10T11:05:55.480+0530][gc,init] Pre-touch: Disabled
[2024-10-10T11:05:55.480+0530][gc,init] Parallel Workers: 8
[2024-10-10T11:05:55.480+0530][gc,init] Concurrent Workers: 2
[2024-10-10T11:05:55.480+0530][gc,init] Concurrent Refinement Workers: 8
[2024-10-10T11:05:55.480+0530][gc,init] Periodic GC: Disabled
[2024-10-10T11:05:55.485+0530][gc,metaspace] CDS archive(s) mapped at: [0x000000f000000000-0x000000f000c74000-0x000000f000c74000), size 13058048, SharedBaseAddress: 0x000000f000000000, ArchiveRelocationMode: 1.
[2024-10-10T11:05:55.485+0530][gc,metaspace] Compressed class space mapped at: 0x000000f001000000-0x000000f041000000, reserved size: 1073741824
[2024-10-10T11:05:55.485+0530][gc,metaspace] Narrow klass base: 0x000000f000000000, Narrow klass shift: 0, Narrow klass range: 0x100000000
[2024-10-10T11:05:56.914+0530][gc,start    ] GC(0) Pause Young (Normal) (G1 Evacuation Pause)
[2024-10-10T11:05:56.914+0530][gc,task     ] GC(0) Using 8 workers of 8 for evacuation
[2024-10-10T11:05:56.917+0530][gc,phases   ] GC(0)   Pre Evacuate Collection Set: 0.18ms
[2024-10-10T11:05:56.917+0530][gc,phases   ] GC(0)   Merge Heap Roots: 0.07ms
[2024-10-10T11:05:56.917+0530][gc,phases   ] GC(0)   Evacuate Collection Set: 2.75ms
[2024-10-10T11:05:56.917+0530][gc,phases   ] GC(0)   Post Evacuate Collection Set: 0.37ms
[2024-10-10T11:05:56.917+0530][gc,phases   ] GC(0)   Other: 0.28ms
[2024-10-10T11:05:56.917+0530][gc,heap     ] GC(0) Eden regions: 51->0(44)
[2024-10-10T11:05:56.917+0530][gc,heap     ] GC(0) Survivor regions: 0->7(7)
[2024-10-10T11:05:56.917+0530][gc,heap     ] GC(0) Old regions: 2->4
[2024-10-10T11:05:56.917+0530][gc,heap     ] GC(0) Humongous regions: 0->0
[2024-10-10T11:05:56.917+0530][gc,metaspace] GC(0) Metaspace: 16987K(17216K)->16987K(17216K) NonClass: 14952K(15104K)->14952K(15104K) Class: 2035K(2112K)->2035K(2112K)
[2024-10-10T11:05:56.918+0530][gc          ] GC(0) Pause Young (Normal) (G1 Evacuation Pause) 52M->9M(1024M) 3.886ms
[2024-10-10T11:05:56.918+0530][gc,cpu      ] GC(0) User=0.02s Sys=0.01s Real=0.00s
[2024-10-10T11:05:57.111+0530][gc,start    ] GC(1) Pause Young (Concurrent Start) (Metadata GC Threshold)
[2024-10-10T11:05:57.111+0530][gc,task     ] GC(1) Using 8 workers of 8 for evacuation
[2024-10-10T11:05:57.113+0530][gc,phases   ] GC(1)   Pre Evacuate Collection Set: 0.20ms
[2024-10-10T11:05:57.114+0530][gc,phases   ] GC(1)   Merge Heap Roots: 0.04ms
[2024-10-10T11:05:57.114+0530][gc,phases   ] GC(1)   Evacuate Collection Set: 2.05ms
[2024-10-10T11:05:57.114+0530][gc,phases   ] GC(1)   Post Evacuate Collection Set: 0.28ms
[2024-10-10T11:05:57.114+0530][gc,phases   ] GC(1)   Other: 0.07ms
[2024-10-10T11:05:57.114+0530][gc,heap     ] GC(1) Eden regions: 17->0(49)
[2024-10-10T11:05:57.114+0530][gc,heap     ] GC(1) Survivor regions: 7->2(7)
[2024-10-10T11:05:57.114+0530][gc,heap     ] GC(1) Old regions: 4->11
[2024-10-10T11:05:57.114+0530][gc,heap     ] GC(1) Humongous regions: 0->0
[2024-10-10T11:05:57.114+0530][gc,metaspace] GC(1) Metaspace: 21235K(21504K)->21235K(21504K) NonClass: 18683K(18816K)->18683K(18816K) Class: 2552K(2688K)->2552K(2688K)
[2024-10-10T11:05:57.114+0530][gc          ] GC(1) Pause Young (Concurrent Start) (Metadata GC Threshold) 25M->11M(1024M) 2.847ms
[2024-10-10T11:05:57.114+0530][gc          ] GC(2) Concurrent Mark Cycle
[2024-10-10T11:05:57.114+0530][gc,cpu      ] GC(1) User=0.01s Sys=0.01s Real=0.00s
[2024-10-10T11:05:57.114+0530][gc,marking  ] GC(2) Concurrent Scan Root Regions
[2024-10-10T11:05:57.116+0530][gc,marking  ] GC(2) Concurrent Scan Root Regions 1.909ms
[2024-10-10T11:05:57.116+0530][gc,marking  ] GC(2) Concurrent Mark
[2024-10-10T11:05:57.116+0530][gc,marking  ] GC(2) Concurrent Mark From Roots
[2024-10-10T11:05:57.116+0530][gc,task     ] GC(2) Using 2 workers of 2 for marking
[2024-10-10T11:05:57.117+0530][gc,marking  ] GC(2) Concurrent Mark From Roots 1.327ms
[2024-10-10T11:05:57.117+0530][gc,marking  ] GC(2) Concurrent Preclean
[2024-10-10T11:05:57.117+0530][gc,marking  ] GC(2) Concurrent Preclean 0.010ms
[2024-10-10T11:05:57.117+0530][gc,start    ] GC(2) Pause Remark
[2024-10-10T11:05:57.118+0530][gc          ] GC(2) Pause Remark 11M->11M(1024M) 1.148ms
[2024-10-10T11:05:57.118+0530][gc,cpu      ] GC(2) User=0.01s Sys=0.00s Real=0.00s
[2024-10-10T11:05:57.118+0530][gc,marking  ] GC(2) Concurrent Mark 2.603ms
[2024-10-10T11:05:57.118+0530][gc,marking  ] GC(2) Concurrent Rebuild Remembered Sets and Scrub Regions
[2024-10-10T11:05:57.120+0530][gc,marking  ] GC(2) Concurrent Rebuild Remembered Sets and Scrub Regions 1.992ms
[2024-10-10T11:05:57.120+0530][gc,start    ] GC(2) Pause Cleanup
[2024-10-10T11:05:57.120+0530][gc          ] GC(2) Pause Cleanup 11M->11M(1024M) 0.089ms
[2024-10-10T11:05:57.120+0530][gc,cpu      ] GC(2) User=0.00s Sys=0.00s Real=0.00s
[2024-10-10T11:05:57.120+0530][gc,marking  ] GC(2) Concurrent Clear Claimed Marks
[2024-10-10T11:05:57.120+0530][gc,marking  ] GC(2) Concurrent Clear Claimed Marks 0.017ms
[2024-10-10T11:05:57.120+0530][gc,marking  ] GC(2) Concurrent Cleanup for Next Mark
[2024-10-10T11:05:57.122+0530][gc,marking  ] GC(2) Concurrent Cleanup for Next Mark 1.326ms
[2024-10-10T11:05:57.122+0530][gc          ] GC(2) Concurrent Mark Cycle 8.161ms
[2024-10-10T11:05:57.561+0530][gc,start    ] GC(3) Pause Young (Prepare Mixed) (G1 Evacuation Pause)
[2024-10-10T11:05:57.561+0530][gc,task     ] GC(3) Using 8 workers of 8 for evacuation
[2024-10-10T11:05:57.564+0530][gc,phases   ] GC(3)   Pre Evacuate Collection Set: 0.17ms
[2024-10-10T11:05:57.564+0530][gc,phases   ] GC(3)   Merge Heap Roots: 0.05ms
[2024-10-10T11:05:57.564+0530][gc,phases   ] GC(3)   Evacuate Collection Set: 2.50ms
[2024-10-10T11:05:57.564+0530][gc,phases   ] GC(3)   Post Evacuate Collection Set: 0.26ms
[2024-10-10T11:05:57.564+0530][gc,phases   ] GC(3)   Other: 0.07ms
[2024-10-10T11:05:57.564+0530][gc,heap     ] GC(3) Eden regions: 49->0(44)
[2024-10-10T11:05:57.564+0530][gc,heap     ] GC(3) Survivor regions: 2->7(7)
[2024-10-10T11:05:57.564+0530][gc,heap     ] GC(3) Old regions: 11->11
[2024-10-10T11:05:57.564+0530][gc,heap     ] GC(3) Humongous regions: 129->129
[2024-10-10T11:05:57.564+0530][gc,metaspace] GC(3) Metaspace: 32426K(32704K)->32426K(32704K) NonClass: 28776K(28928K)->28776K(28928K) Class: 3650K(3776K)->3650K(3776K)
[2024-10-10T11:05:57.564+0530][gc          ] GC(3) Pause Young (Prepare Mixed) (G1 Evacuation Pause) 189M->145M(1024M) 3.226ms
[2024-10-10T11:05:57.564+0530][gc,cpu      ] GC(3) User=0.02s Sys=0.00s Real=0.00s
[2024-10-10T11:06:03.144+0530][gc,start    ] GC(4) Pause Young (Mixed) (Metadata GC Threshold)
[2024-10-10T11:06:03.145+0530][gc,task     ] GC(4) Using 8 workers of 8 for evacuation
[2024-10-10T11:06:03.152+0530][gc,phases   ] GC(4)   Pre Evacuate Collection Set: 0.29ms
[2024-10-10T11:06:03.152+0530][gc,phases   ] GC(4)   Merge Heap Roots: 0.05ms
[2024-10-10T11:06:03.152+0530][gc,phases   ] GC(4)   Evacuate Collection Set: 6.60ms
[2024-10-10T11:06:03.152+0530][gc,phases   ] GC(4)   Post Evacuate Collection Set: 0.43ms
[2024-10-10T11:06:03.152+0530][gc,phases   ] GC(4)   Other: 0.16ms
[2024-10-10T11:06:03.152+0530][gc,heap     ] GC(4) Eden regions: 15->0(49)
[2024-10-10T11:06:03.152+0530][gc,heap     ] GC(4) Survivor regions: 7->2(7)
[2024-10-10T11:06:03.152+0530][gc,heap     ] GC(4) Old regions: 11->16
[2024-10-10T11:06:03.152+0530][gc,heap     ] GC(4) Humongous regions: 129->129
[2024-10-10T11:06:03.152+0530][gc,metaspace] GC(4) Metaspace: 35685K(35968K)->35685K(35968K) NonClass: 31581K(31744K)->31581K(31744K) Class: 4104K(4224K)->4104K(4224K)
[2024-10-10T11:06:03.153+0530][gc          ] GC(4) Pause Young (Mixed) (Metadata GC Threshold) 159M->146M(1024M) 8.188ms
[2024-10-10T11:06:03.153+0530][gc,cpu      ] GC(4) User=0.03s Sys=0.01s Real=0.01s
[2024-10-10T11:08:27.655+0530][gc,start    ] GC(5) Pause Young (Concurrent Start) (Metadata GC Threshold)
[2024-10-10T11:08:27.657+0530][gc,task     ] GC(5) Using 8 workers of 8 for evacuation
[2024-10-10T11:08:27.660+0530][gc,phases   ] GC(5)   Pre Evacuate Collection Set: 0.41ms
[2024-10-10T11:08:27.660+0530][gc,phases   ] GC(5)   Merge Heap Roots: 0.07ms
[2024-10-10T11:08:27.660+0530][gc,phases   ] GC(5)   Evacuate Collection Set: 1.91ms
[2024-10-10T11:08:27.660+0530][gc,phases   ] GC(5)   Post Evacuate Collection Set: 0.39ms
[2024-10-10T11:08:27.660+0530][gc,phases   ] GC(5)   Other: 0.22ms
[2024-10-10T11:08:27.660+0530][gc,heap     ] GC(5) Eden regions: 6->0(50)
[2024-10-10T11:08:27.660+0530][gc,heap     ] GC(5) Survivor regions: 2->1(7)
[2024-10-10T11:08:27.660+0530][gc,heap     ] GC(5) Old regions: 16->16
[2024-10-10T11:08:27.660+0530][gc,heap     ] GC(5) Humongous regions: 129->129
[2024-10-10T11:08:27.660+0530][gc,metaspace] GC(5) Metaspace: 35984K(36288K)->35984K(36288K) NonClass: 31840K(32000K)->31840K(32000K) Class: 4144K(4288K)->4144K(4288K)
[2024-10-10T11:08:27.660+0530][gc          ] GC(5) Pause Young (Concurrent Start) (Metadata GC Threshold) 151M->145M(1024M) 4.820ms
[2024-10-10T11:08:27.660+0530][gc          ] GC(6) Concurrent Mark Cycle
[2024-10-10T11:08:27.660+0530][gc,cpu      ] GC(5) User=0.01s Sys=0.00s Real=0.01s
[2024-10-10T11:08:27.660+0530][gc,marking  ] GC(6) Concurrent Scan Root Regions
[2024-10-10T11:08:27.663+0530][gc,marking  ] GC(6) Concurrent Scan Root Regions 2.541ms
[2024-10-10T11:08:27.663+0530][gc,marking  ] GC(6) Concurrent Mark
[2024-10-10T11:08:27.663+0530][gc,marking  ] GC(6) Concurrent Mark From Roots
[2024-10-10T11:08:27.663+0530][gc,task     ] GC(6) Using 2 workers of 2 for marking
[2024-10-10T11:08:27.677+0530][gc,marking  ] GC(6) Concurrent Mark From Roots 14.634ms
[2024-10-10T11:08:27.678+0530][gc,marking  ] GC(6) Concurrent Preclean
[2024-10-10T11:08:27.678+0530][gc,marking  ] GC(6) Concurrent Preclean 0.048ms
[2024-10-10T11:08:27.678+0530][gc,start    ] GC(6) Pause Remark
[2024-10-10T11:08:27.680+0530][gc          ] GC(6) Pause Remark 146M->146M(1024M) 2.029ms
[2024-10-10T11:08:27.680+0530][gc,cpu      ] GC(6) User=0.01s Sys=0.00s Real=0.01s
[2024-10-10T11:08:27.680+0530][gc,marking  ] GC(6) Concurrent Mark 17.056ms
[2024-10-10T11:08:27.680+0530][gc,marking  ] GC(6) Concurrent Rebuild Remembered Sets and Scrub Regions
[2024-10-10T11:08:27.686+0530][gc,marking  ] GC(6) Concurrent Rebuild Remembered Sets and Scrub Regions 5.664ms
[2024-10-10T11:08:27.686+0530][gc,start    ] GC(6) Pause Cleanup
[2024-10-10T11:08:27.686+0530][gc          ] GC(6) Pause Cleanup 146M->146M(1024M) 0.182ms
[2024-10-10T11:08:27.686+0530][gc,cpu      ] GC(6) User=0.00s Sys=0.00s Real=0.00s
[2024-10-10T11:08:27.686+0530][gc,marking  ] GC(6) Concurrent Clear Claimed Marks
[2024-10-10T11:08:27.686+0530][gc,marking  ] GC(6) Concurrent Clear Claimed Marks 0.029ms
[2024-10-10T11:08:27.686+0530][gc,marking  ] GC(6) Concurrent Cleanup for Next Mark
[2024-10-10T11:08:27.688+0530][gc,marking  ] GC(6) Concurrent Cleanup for Next Mark 1.757ms
[2024-10-10T11:08:27.688+0530][gc          ] GC(6) Concurrent Mark Cycle 27.644ms
[2024-10-10T11:19:21.527+0530][gc,start    ] GC(7) Pause Young (Prepare Mixed) (G1 Evacuation Pause)
[2024-10-10T11:19:21.528+0530][gc,task     ] GC(7) Using 8 workers of 8 for evacuation
[2024-10-10T11:19:21.536+0530][gc,phases   ] GC(7)   Pre Evacuate Collection Set: 0.59ms
[2024-10-10T11:19:21.536+0530][gc,phases   ] GC(7)   Merge Heap Roots: 0.13ms
[2024-10-10T11:19:21.536+0530][gc,phases   ] GC(7)   Evacuate Collection Set: 6.35ms
[2024-10-10T11:19:21.536+0530][gc,phases   ] GC(7)   Post Evacuate Collection Set: 0.44ms
[2024-10-10T11:19:21.536+0530][gc,phases   ] GC(7)   Other: 0.09ms
[2024-10-10T11:19:21.536+0530][gc,heap     ] GC(7) Eden regions: 50->0(47)
[2024-10-10T11:19:21.536+0530][gc,heap     ] GC(7) Survivor regions: 1->4(7)
[2024-10-10T11:19:21.536+0530][gc,heap     ] GC(7) Old regions: 16->16
[2024-10-10T11:19:21.536+0530][gc,heap     ] GC(7) Humongous regions: 129->129
[2024-10-10T11:19:21.536+0530][gc,metaspace] GC(7) Metaspace: 41760K(42368K)->41760K(42368K) NonClass: 36812K(37120K)->36812K(37120K) Class: 4948K(5248K)->4948K(5248K)
[2024-10-10T11:19:21.536+0530][gc          ] GC(7) Pause Young (Prepare Mixed) (G1 Evacuation Pause) 195M->148M(1024M) 8.767ms
[2024-10-10T11:19:21.536+0530][gc,cpu      ] GC(7) User=0.02s Sys=0.02s Real=0.01s
[2024-10-10T11:20:34.685+0530][gc,heap,exit] Heap
[2024-10-10T11:20:34.686+0530][gc,heap,exit]  garbage-first heap   total reserved 1048576K, committed 1048576K, used 179561K [0x00000007c0000000, 0x0000000800000000)
[2024-10-10T11:20:34.686+0530][gc,heap,exit]   region size 1024K, 31 young (31744K), 4 survivors (4096K)
[2024-10-10T11:20:34.686+0530][gc,heap,exit]  Metaspace       used 42813K, committed 43456K, reserved 1114112K
[2024-10-10T11:20:34.686+0530][gc,heap,exit]   class space    used 5144K, committed 5440K, reserved 1048576K
