[2024-10-09T20:24:05.451+0530][gc,init] CardTable entry size: 512
[2024-10-09T20:24:05.451+0530][gc     ] Using G1
[2024-10-09T20:24:05.453+0530][gc,init] Version: 22.0.2+9-70 (release)
[2024-10-09T20:24:05.453+0530][gc,init] CPUs: 8 total, 8 available
[2024-10-09T20:24:05.453+0530][gc,init] Memory: 8192M
[2024-10-09T20:24:05.453+0530][gc,init] Large Page Support: Disabled
[2024-10-09T20:24:05.453+0530][gc,init] NUMA Support: Disabled
[2024-10-09T20:24:05.453+0530][gc,init] Compressed Oops: Enabled (Zero based)
[2024-10-09T20:24:05.453+0530][gc,init] Heap Region Size: 1M
[2024-10-09T20:24:05.453+0530][gc,init] Heap Min Capacity: 1G
[2024-10-09T20:24:05.453+0530][gc,init] Heap Initial Capacity: 1G
[2024-10-09T20:24:05.453+0530][gc,init] Heap Max Capacity: 1G
[2024-10-09T20:24:05.453+0530][gc,init] Pre-touch: Disabled
[2024-10-09T20:24:05.453+0530][gc,init] Parallel Workers: 8
[2024-10-09T20:24:05.453+0530][gc,init] Concurrent Workers: 2
[2024-10-09T20:24:05.453+0530][gc,init] Concurrent Refinement Workers: 8
[2024-10-09T20:24:05.453+0530][gc,init] Periodic GC: Disabled
[2024-10-09T20:24:05.458+0530][gc,metaspace] CDS archive(s) mapped at: [0x0000000700000000-0x0000000700c74000-0x0000000700c74000), size 13058048, SharedBaseAddress: 0x0000000700000000, ArchiveRelocationMode: 1.
[2024-10-09T20:24:05.458+0530][gc,metaspace] Compressed class space mapped at: 0x0000000701000000-0x0000000741000000, reserved size: 1073741824
[2024-10-09T20:24:05.458+0530][gc,metaspace] Narrow klass base: 0x0000000700000000, Narrow klass shift: 0, Narrow klass range: 0x100000000
[2024-10-09T20:24:16.754+0530][gc,start    ] GC(0) Pause Young (Normal) (G1 Evacuation Pause)
[2024-10-09T20:24:16.755+0530][gc,task     ] GC(0) Using 8 workers of 8 for evacuation
[2024-10-09T20:24:16.758+0530][gc,phases   ] GC(0)   Pre Evacuate Collection Set: 0.16ms
[2024-10-09T20:24:16.758+0530][gc,phases   ] GC(0)   Merge Heap Roots: 0.05ms
[2024-10-09T20:24:16.758+0530][gc,phases   ] GC(0)   Evacuate Collection Set: 2.53ms
[2024-10-09T20:24:16.758+0530][gc,phases   ] GC(0)   Post Evacuate Collection Set: 0.34ms
[2024-10-09T20:24:16.758+0530][gc,phases   ] GC(0)   Other: 0.26ms
[2024-10-09T20:24:16.758+0530][gc,heap     ] GC(0) Eden regions: 51->0(44)
[2024-10-09T20:24:16.758+0530][gc,heap     ] GC(0) Survivor regions: 0->7(7)
[2024-10-09T20:24:16.758+0530][gc,heap     ] GC(0) Old regions: 2->4
[2024-10-09T20:24:16.758+0530][gc,heap     ] GC(0) Humongous regions: 0->0
[2024-10-09T20:24:16.758+0530][gc,metaspace] GC(0) Metaspace: 16966K(17216K)->16966K(17216K) NonClass: 14931K(15040K)->14931K(15040K) Class: 2035K(2176K)->2035K(2176K)
[2024-10-09T20:24:16.758+0530][gc          ] GC(0) Pause Young (Normal) (G1 Evacuation Pause) 52M->9M(1024M) 3.592ms
[2024-10-09T20:24:16.758+0530][gc,cpu      ] GC(0) User=0.02s Sys=0.00s Real=0.00s
[2024-10-09T20:24:16.952+0530][gc,start    ] GC(1) Pause Young (Concurrent Start) (Metadata GC Threshold)
[2024-10-09T20:24:16.952+0530][gc,task     ] GC(1) Using 8 workers of 8 for evacuation
[2024-10-09T20:24:16.954+0530][gc,phases   ] GC(1)   Pre Evacuate Collection Set: 0.17ms
[2024-10-09T20:24:16.954+0530][gc,phases   ] GC(1)   Merge Heap Roots: 0.04ms
[2024-10-09T20:24:16.954+0530][gc,phases   ] GC(1)   Evacuate Collection Set: 2.11ms
[2024-10-09T20:24:16.954+0530][gc,phases   ] GC(1)   Post Evacuate Collection Set: 0.28ms
[2024-10-09T20:24:16.954+0530][gc,phases   ] GC(1)   Other: 0.06ms
[2024-10-09T20:24:16.954+0530][gc,heap     ] GC(1) Eden regions: 17->0(49)
[2024-10-09T20:24:16.954+0530][gc,heap     ] GC(1) Survivor regions: 7->2(7)
[2024-10-09T20:24:16.954+0530][gc,heap     ] GC(1) Old regions: 4->11
[2024-10-09T20:24:16.954+0530][gc,heap     ] GC(1) Humongous regions: 0->0
[2024-10-09T20:24:16.954+0530][gc,metaspace] GC(1) Metaspace: 21267K(21504K)->21267K(21504K) NonClass: 18711K(18816K)->18711K(18816K) Class: 2556K(2688K)->2556K(2688K)
[2024-10-09T20:24:16.954+0530][gc          ] GC(1) Pause Young (Concurrent Start) (Metadata GC Threshold) 26M->10M(1024M) 2.857ms
[2024-10-09T20:24:16.954+0530][gc          ] GC(2) Concurrent Mark Cycle
[2024-10-09T20:24:16.954+0530][gc,cpu      ] GC(1) User=0.02s Sys=0.00s Real=0.00s
[2024-10-09T20:24:16.954+0530][gc,marking  ] GC(2) Concurrent Scan Root Regions
[2024-10-09T20:24:16.956+0530][gc,marking  ] GC(2) Concurrent Scan Root Regions 1.754ms
[2024-10-09T20:24:16.956+0530][gc,marking  ] GC(2) Concurrent Mark
[2024-10-09T20:24:16.956+0530][gc,marking  ] GC(2) Concurrent Mark From Roots
[2024-10-09T20:24:16.956+0530][gc,task     ] GC(2) Using 2 workers of 2 for marking
[2024-10-09T20:24:16.957+0530][gc,marking  ] GC(2) Concurrent Mark From Roots 1.088ms
[2024-10-09T20:24:16.957+0530][gc,marking  ] GC(2) Concurrent Preclean
[2024-10-09T20:24:16.957+0530][gc,marking  ] GC(2) Concurrent Preclean 0.011ms
[2024-10-09T20:24:16.957+0530][gc,start    ] GC(2) Pause Remark
[2024-10-09T20:24:16.959+0530][gc          ] GC(2) Pause Remark 11M->11M(1024M) 1.311ms
[2024-10-09T20:24:16.959+0530][gc,cpu      ] GC(2) User=0.00s Sys=0.00s Real=0.00s
[2024-10-09T20:24:16.959+0530][gc,marking  ] GC(2) Concurrent Mark 2.559ms
[2024-10-09T20:24:16.959+0530][gc,marking  ] GC(2) Concurrent Rebuild Remembered Sets and Scrub Regions
[2024-10-09T20:24:16.961+0530][gc,marking  ] GC(2) Concurrent Rebuild Remembered Sets and Scrub Regions 1.847ms
[2024-10-09T20:24:16.961+0530][gc,start    ] GC(2) Pause Cleanup
[2024-10-09T20:24:16.961+0530][gc          ] GC(2) Pause Cleanup 11M->11M(1024M) 0.113ms
[2024-10-09T20:24:16.961+0530][gc,cpu      ] GC(2) User=0.00s Sys=0.00s Real=0.00s
[2024-10-09T20:24:16.961+0530][gc,marking  ] GC(2) Concurrent Clear Claimed Marks
[2024-10-09T20:24:16.961+0530][gc,marking  ] GC(2) Concurrent Clear Claimed Marks 0.029ms
[2024-10-09T20:24:16.961+0530][gc,marking  ] GC(2) Concurrent Cleanup for Next Mark
[2024-10-09T20:24:16.962+0530][gc,marking  ] GC(2) Concurrent Cleanup for Next Mark 1.385ms
[2024-10-09T20:24:16.962+0530][gc          ] GC(2) Concurrent Mark Cycle 7.922ms
[2024-10-09T20:24:17.407+0530][gc,start    ] GC(3) Pause Young (Prepare Mixed) (G1 Evacuation Pause)
[2024-10-09T20:24:17.407+0530][gc,task     ] GC(3) Using 8 workers of 8 for evacuation
[2024-10-09T20:24:17.411+0530][gc,phases   ] GC(3)   Pre Evacuate Collection Set: 0.19ms
[2024-10-09T20:24:17.411+0530][gc,phases   ] GC(3)   Merge Heap Roots: 0.05ms
[2024-10-09T20:24:17.411+0530][gc,phases   ] GC(3)   Evacuate Collection Set: 3.23ms
[2024-10-09T20:24:17.411+0530][gc,phases   ] GC(3)   Post Evacuate Collection Set: 0.29ms
[2024-10-09T20:24:17.411+0530][gc,phases   ] GC(3)   Other: 0.06ms
[2024-10-09T20:24:17.411+0530][gc,heap     ] GC(3) Eden regions: 49->0(44)
[2024-10-09T20:24:17.411+0530][gc,heap     ] GC(3) Survivor regions: 2->7(7)
[2024-10-09T20:24:17.411+0530][gc,heap     ] GC(3) Old regions: 11->11
[2024-10-09T20:24:17.411+0530][gc,heap     ] GC(3) Humongous regions: 129->129
[2024-10-09T20:24:17.411+0530][gc,metaspace] GC(3) Metaspace: 32502K(32832K)->32502K(32832K) NonClass: 28849K(29056K)->28849K(29056K) Class: 3653K(3776K)->3653K(3776K)
[2024-10-09T20:24:17.411+0530][gc          ] GC(3) Pause Young (Prepare Mixed) (G1 Evacuation Pause) 188M->145M(1024M) 4.011ms
[2024-10-09T20:24:17.411+0530][gc,cpu      ] GC(3) User=0.02s Sys=0.01s Real=0.01s
[2024-10-09T20:24:31.592+0530][gc,start    ] GC(4) Pause Young (Mixed) (Metadata GC Threshold)
[2024-10-09T20:24:31.592+0530][gc,task     ] GC(4) Using 8 workers of 8 for evacuation
[2024-10-09T20:24:31.596+0530][gc,phases   ] GC(4)   Pre Evacuate Collection Set: 0.15ms
[2024-10-09T20:24:31.596+0530][gc,phases   ] GC(4)   Merge Heap Roots: 0.05ms
[2024-10-09T20:24:31.596+0530][gc,phases   ] GC(4)   Evacuate Collection Set: 2.73ms
[2024-10-09T20:24:31.596+0530][gc,phases   ] GC(4)   Post Evacuate Collection Set: 0.23ms
[2024-10-09T20:24:31.596+0530][gc,phases   ] GC(4)   Other: 0.06ms
[2024-10-09T20:24:31.596+0530][gc,heap     ] GC(4) Eden regions: 16->0(49)
[2024-10-09T20:24:31.596+0530][gc,heap     ] GC(4) Survivor regions: 7->2(7)
[2024-10-09T20:24:31.596+0530][gc,heap     ] GC(4) Old regions: 11->16
[2024-10-09T20:24:31.596+0530][gc,heap     ] GC(4) Humongous regions: 129->129
[2024-10-09T20:24:31.596+0530][gc,metaspace] GC(4) Metaspace: 35786K(36096K)->35786K(36096K) NonClass: 31679K(31808K)->31679K(31808K) Class: 4107K(4288K)->4107K(4288K)
[2024-10-09T20:24:31.596+0530][gc          ] GC(4) Pause Young (Mixed) (Metadata GC Threshold) 160M->145M(1024M) 3.599ms
[2024-10-09T20:24:31.596+0530][gc,cpu      ] GC(4) User=0.01s Sys=0.01s Real=0.00s
[2024-10-09T20:24:31.863+0530][gc,start    ] GC(5) Pause Young (Concurrent Start) (Metadata GC Threshold)
[2024-10-09T20:24:31.863+0530][gc,task     ] GC(5) Using 8 workers of 8 for evacuation
[2024-10-09T20:24:31.865+0530][gc,phases   ] GC(5)   Pre Evacuate Collection Set: 0.24ms
[2024-10-09T20:24:31.865+0530][gc,phases   ] GC(5)   Merge Heap Roots: 0.07ms
[2024-10-09T20:24:31.865+0530][gc,phases   ] GC(5)   Evacuate Collection Set: 1.01ms
[2024-10-09T20:24:31.865+0530][gc,phases   ] GC(5)   Post Evacuate Collection Set: 0.43ms
[2024-10-09T20:24:31.865+0530][gc,phases   ] GC(5)   Other: 0.10ms
[2024-10-09T20:24:31.865+0530][gc,heap     ] GC(5) Eden regions: 3->0(49)
[2024-10-09T20:24:31.865+0530][gc,heap     ] GC(5) Survivor regions: 2->2(7)
[2024-10-09T20:24:31.865+0530][gc,heap     ] GC(5) Old regions: 16->16
[2024-10-09T20:24:31.865+0530][gc,heap     ] GC(5) Humongous regions: 129->129
[2024-10-09T20:24:31.865+0530][gc,metaspace] GC(5) Metaspace: 36039K(36416K)->36039K(36416K) NonClass: 31871K(32064K)->31871K(32064K) Class: 4167K(4352K)->4167K(4352K)
[2024-10-09T20:24:31.865+0530][gc          ] GC(5) Pause Young (Concurrent Start) (Metadata GC Threshold) 148M->145M(1024M) 2.116ms
[2024-10-09T20:24:31.865+0530][gc,cpu      ] GC(5) User=0.01s Sys=0.00s Real=0.00s
[2024-10-09T20:24:31.865+0530][gc          ] GC(6) Concurrent Mark Cycle
[2024-10-09T20:24:31.865+0530][gc,marking  ] GC(6) Concurrent Scan Root Regions
[2024-10-09T20:24:31.867+0530][gc,marking  ] GC(6) Concurrent Scan Root Regions 1.392ms
[2024-10-09T20:24:31.867+0530][gc,marking  ] GC(6) Concurrent Mark
[2024-10-09T20:24:31.867+0530][gc,marking  ] GC(6) Concurrent Mark From Roots
[2024-10-09T20:24:31.867+0530][gc,task     ] GC(6) Using 2 workers of 2 for marking
[2024-10-09T20:24:31.877+0530][gc,marking  ] GC(6) Concurrent Mark From Roots 10.627ms
[2024-10-09T20:24:31.877+0530][gc,marking  ] GC(6) Concurrent Preclean
[2024-10-09T20:24:31.877+0530][gc,marking  ] GC(6) Concurrent Preclean 0.087ms
[2024-10-09T20:24:31.877+0530][gc,start    ] GC(6) Pause Remark
[2024-10-09T20:24:31.879+0530][gc          ] GC(6) Pause Remark 146M->146M(1024M) 1.697ms
[2024-10-09T20:24:31.880+0530][gc,cpu      ] GC(6) User=0.01s Sys=0.01s Real=0.01s
[2024-10-09T20:24:31.880+0530][gc,marking  ] GC(6) Concurrent Mark 13.541ms
[2024-10-09T20:24:31.880+0530][gc,marking  ] GC(6) Concurrent Rebuild Remembered Sets and Scrub Regions
[2024-10-09T20:24:31.886+0530][gc,marking  ] GC(6) Concurrent Rebuild Remembered Sets and Scrub Regions 6.308ms
[2024-10-09T20:24:31.889+0530][gc,start    ] GC(6) Pause Cleanup
[2024-10-09T20:24:31.889+0530][gc          ] GC(6) Pause Cleanup 146M->146M(1024M) 0.122ms
[2024-10-09T20:24:31.889+0530][gc,cpu      ] GC(6) User=0.00s Sys=0.00s Real=0.00s
[2024-10-09T20:24:31.889+0530][gc,marking  ] GC(6) Concurrent Clear Claimed Marks
[2024-10-09T20:24:31.889+0530][gc,marking  ] GC(6) Concurrent Clear Claimed Marks 0.423ms
[2024-10-09T20:24:31.889+0530][gc,marking  ] GC(6) Concurrent Cleanup for Next Mark
[2024-10-09T20:24:31.890+0530][gc,marking  ] GC(6) Concurrent Cleanup for Next Mark 1.138ms
[2024-10-09T20:24:31.891+0530][gc          ] GC(6) Concurrent Mark Cycle 25.650ms
[2024-10-09T20:29:57.285+0530][gc,heap,exit] Heap
[2024-10-09T20:29:57.285+0530][gc,heap,exit]  garbage-first heap   total reserved 1048576K, committed 1048576K, used 178790K [0x00000007c0000000, 0x0000000800000000)
[2024-10-09T20:29:57.285+0530][gc,heap,exit]   region size 1024K, 31 young (31744K), 2 survivors (2048K)
[2024-10-09T20:29:57.285+0530][gc,heap,exit]  Metaspace       used 39990K, committed 40512K, reserved 1114112K
[2024-10-09T20:29:57.285+0530][gc,heap,exit]   class space    used 4891K, committed 5120K, reserved 1048576K
