[2024-10-10T10:18:56.229+0530][gc,init] CardTable entry size: 512
[2024-10-10T10:18:56.229+0530][gc     ] Using G1
[2024-10-10T10:18:56.231+0530][gc,init] Version: 22.0.2+9-70 (release)
[2024-10-10T10:18:56.231+0530][gc,init] CPUs: 8 total, 8 available
[2024-10-10T10:18:56.231+0530][gc,init] Memory: 8192M
[2024-10-10T10:18:56.231+0530][gc,init] Large Page Support: Disabled
[2024-10-10T10:18:56.231+0530][gc,init] NUMA Support: Disabled
[2024-10-10T10:18:56.231+0530][gc,init] Compressed Oops: Enabled (Zero based)
[2024-10-10T10:18:56.231+0530][gc,init] Heap Region Size: 1M
[2024-10-10T10:18:56.231+0530][gc,init] Heap Min Capacity: 1G
[2024-10-10T10:18:56.231+0530][gc,init] Heap Initial Capacity: 1G
[2024-10-10T10:18:56.231+0530][gc,init] Heap Max Capacity: 1G
[2024-10-10T10:18:56.231+0530][gc,init] Pre-touch: Disabled
[2024-10-10T10:18:56.231+0530][gc,init] Parallel Workers: 8
[2024-10-10T10:18:56.231+0530][gc,init] Concurrent Workers: 2
[2024-10-10T10:18:56.231+0530][gc,init] Concurrent Refinement Workers: 8
[2024-10-10T10:18:56.231+0530][gc,init] Periodic GC: Disabled
[2024-10-10T10:18:56.236+0530][gc,metaspace] CDS archive(s) mapped at: [0x00000ff000000000-0x00000ff000c74000-0x00000ff000c74000), size 13058048, SharedBaseAddress: 0x00000ff000000000, ArchiveRelocationMode: 1.
[2024-10-10T10:18:56.236+0530][gc,metaspace] Compressed class space mapped at: 0x00000ff001000000-0x00000ff041000000, reserved size: 1073741824
[2024-10-10T10:18:56.236+0530][gc,metaspace] Narrow klass base: 0x00000ff000000000, Narrow klass shift: 0, Narrow klass range: 0x100000000
[2024-10-10T10:18:57.673+0530][gc,start    ] GC(0) Pause Young (Normal) (G1 Evacuation Pause)
[2024-10-10T10:18:57.673+0530][gc,task     ] GC(0) Using 8 workers of 8 for evacuation
[2024-10-10T10:18:57.677+0530][gc,phases   ] GC(0)   Pre Evacuate Collection Set: 0.17ms
[2024-10-10T10:18:57.677+0530][gc,phases   ] GC(0)   Merge Heap Roots: 0.07ms
[2024-10-10T10:18:57.677+0530][gc,phases   ] GC(0)   Evacuate Collection Set: 2.75ms
[2024-10-10T10:18:57.677+0530][gc,phases   ] GC(0)   Post Evacuate Collection Set: 0.37ms
[2024-10-10T10:18:57.677+0530][gc,phases   ] GC(0)   Other: 0.25ms
[2024-10-10T10:18:57.677+0530][gc,heap     ] GC(0) Eden regions: 51->0(44)
[2024-10-10T10:18:57.677+0530][gc,heap     ] GC(0) Survivor regions: 0->7(7)
[2024-10-10T10:18:57.677+0530][gc,heap     ] GC(0) Old regions: 2->4
[2024-10-10T10:18:57.677+0530][gc,heap     ] GC(0) Humongous regions: 0->0
[2024-10-10T10:18:57.677+0530][gc,metaspace] GC(0) Metaspace: 17192K(17408K)->17192K(17408K) NonClass: 15140K(15296K)->15140K(15296K) Class: 2051K(2112K)->2051K(2112K)
[2024-10-10T10:18:57.677+0530][gc          ] GC(0) Pause Young (Normal) (G1 Evacuation Pause) 52M->9M(1024M) 3.864ms
[2024-10-10T10:18:57.677+0530][gc,cpu      ] GC(0) User=0.02s Sys=0.00s Real=0.00s
[2024-10-10T10:18:57.879+0530][gc,start    ] GC(1) Pause Young (Concurrent Start) (Metadata GC Threshold)
[2024-10-10T10:18:57.879+0530][gc,task     ] GC(1) Using 8 workers of 8 for evacuation
[2024-10-10T10:18:57.882+0530][gc,phases   ] GC(1)   Pre Evacuate Collection Set: 0.17ms
[2024-10-10T10:18:57.882+0530][gc,phases   ] GC(1)   Merge Heap Roots: 0.04ms
[2024-10-10T10:18:57.882+0530][gc,phases   ] GC(1)   Evacuate Collection Set: 2.25ms
[2024-10-10T10:18:57.882+0530][gc,phases   ] GC(1)   Post Evacuate Collection Set: 0.27ms
[2024-10-10T10:18:57.882+0530][gc,phases   ] GC(1)   Other: 0.07ms
[2024-10-10T10:18:57.882+0530][gc,heap     ] GC(1) Eden regions: 15->0(49)
[2024-10-10T10:18:57.882+0530][gc,heap     ] GC(1) Survivor regions: 7->2(7)
[2024-10-10T10:18:57.882+0530][gc,heap     ] GC(1) Old regions: 4->11
[2024-10-10T10:18:57.882+0530][gc,heap     ] GC(1) Humongous regions: 0->0
[2024-10-10T10:18:57.882+0530][gc,metaspace] GC(1) Metaspace: 21240K(21504K)->21240K(21504K) NonClass: 18688K(18816K)->18688K(18816K) Class: 2552K(2688K)->2552K(2688K)
[2024-10-10T10:18:57.882+0530][gc          ] GC(1) Pause Young (Concurrent Start) (Metadata GC Threshold) 24M->10M(1024M) 3.000ms
[2024-10-10T10:18:57.882+0530][gc,cpu      ] GC(1) User=0.02s Sys=0.00s Real=0.01s
[2024-10-10T10:18:57.882+0530][gc          ] GC(2) Concurrent Mark Cycle
[2024-10-10T10:18:57.882+0530][gc,marking  ] GC(2) Concurrent Scan Root Regions
[2024-10-10T10:18:57.884+0530][gc,marking  ] GC(2) Concurrent Scan Root Regions 1.995ms
[2024-10-10T10:18:57.884+0530][gc,marking  ] GC(2) Concurrent Mark
[2024-10-10T10:18:57.884+0530][gc,marking  ] GC(2) Concurrent Mark From Roots
[2024-10-10T10:18:57.884+0530][gc,task     ] GC(2) Using 2 workers of 2 for marking
[2024-10-10T10:18:57.885+0530][gc,marking  ] GC(2) Concurrent Mark From Roots 1.242ms
[2024-10-10T10:18:57.885+0530][gc,marking  ] GC(2) Concurrent Preclean
[2024-10-10T10:18:57.885+0530][gc,marking  ] GC(2) Concurrent Preclean 0.027ms
[2024-10-10T10:18:57.885+0530][gc,start    ] GC(2) Pause Remark
[2024-10-10T10:18:57.887+0530][gc          ] GC(2) Pause Remark 11M->11M(1024M) 1.472ms
[2024-10-10T10:18:57.887+0530][gc,cpu      ] GC(2) User=0.00s Sys=0.00s Real=0.00s
[2024-10-10T10:18:57.887+0530][gc,marking  ] GC(2) Concurrent Mark 2.928ms
[2024-10-10T10:18:57.887+0530][gc,marking  ] GC(2) Concurrent Rebuild Remembered Sets and Scrub Regions
[2024-10-10T10:18:57.889+0530][gc,marking  ] GC(2) Concurrent Rebuild Remembered Sets and Scrub Regions 1.973ms
[2024-10-10T10:18:57.889+0530][gc,start    ] GC(2) Pause Cleanup
[2024-10-10T10:18:57.889+0530][gc          ] GC(2) Pause Cleanup 11M->11M(1024M) 0.091ms
[2024-10-10T10:18:57.889+0530][gc,cpu      ] GC(2) User=0.00s Sys=0.00s Real=0.00s
[2024-10-10T10:18:57.889+0530][gc,marking  ] GC(2) Concurrent Clear Claimed Marks
[2024-10-10T10:18:57.889+0530][gc,marking  ] GC(2) Concurrent Clear Claimed Marks 0.018ms
[2024-10-10T10:18:57.889+0530][gc,marking  ] GC(2) Concurrent Cleanup for Next Mark
[2024-10-10T10:18:57.891+0530][gc,marking  ] GC(2) Concurrent Cleanup for Next Mark 1.467ms
[2024-10-10T10:18:57.891+0530][gc          ] GC(2) Concurrent Mark Cycle 8.854ms
[2024-10-10T10:18:58.410+0530][gc,start    ] GC(3) Pause Young (Prepare Mixed) (G1 Evacuation Pause)
[2024-10-10T10:18:58.411+0530][gc,task     ] GC(3) Using 8 workers of 8 for evacuation
[2024-10-10T10:18:58.414+0530][gc,phases   ] GC(3)   Pre Evacuate Collection Set: 0.17ms
[2024-10-10T10:18:58.414+0530][gc,phases   ] GC(3)   Merge Heap Roots: 0.07ms
[2024-10-10T10:18:58.414+0530][gc,phases   ] GC(3)   Evacuate Collection Set: 2.64ms
[2024-10-10T10:18:58.414+0530][gc,phases   ] GC(3)   Post Evacuate Collection Set: 0.27ms
[2024-10-10T10:18:58.414+0530][gc,phases   ] GC(3)   Other: 0.07ms
[2024-10-10T10:18:58.414+0530][gc,heap     ] GC(3) Eden regions: 49->0(44)
[2024-10-10T10:18:58.414+0530][gc,heap     ] GC(3) Survivor regions: 2->7(7)
[2024-10-10T10:18:58.414+0530][gc,heap     ] GC(3) Old regions: 11->11
[2024-10-10T10:18:58.414+0530][gc,heap     ] GC(3) Humongous regions: 129->129
[2024-10-10T10:18:58.414+0530][gc,metaspace] GC(3) Metaspace: 32446K(32704K)->32446K(32704K) NonClass: 28795K(28928K)->28795K(28928K) Class: 3651K(3776K)->3651K(3776K)
[2024-10-10T10:18:58.414+0530][gc          ] GC(3) Pause Young (Prepare Mixed) (G1 Evacuation Pause) 188M->144M(1024M) 3.428ms
[2024-10-10T10:18:58.414+0530][gc,cpu      ] GC(3) User=0.02s Sys=0.00s Real=0.00s
[2024-10-10T10:19:02.213+0530][gc,start    ] GC(4) Pause Young (Mixed) (Metadata GC Threshold)
[2024-10-10T10:19:02.213+0530][gc,task     ] GC(4) Using 8 workers of 8 for evacuation
[2024-10-10T10:19:02.217+0530][gc,phases   ] GC(4)   Pre Evacuate Collection Set: 0.13ms
[2024-10-10T10:19:02.217+0530][gc,phases   ] GC(4)   Merge Heap Roots: 0.04ms
[2024-10-10T10:19:02.217+0530][gc,phases   ] GC(4)   Evacuate Collection Set: 2.91ms
[2024-10-10T10:19:02.217+0530][gc,phases   ] GC(4)   Post Evacuate Collection Set: 0.28ms
[2024-10-10T10:19:02.217+0530][gc,phases   ] GC(4)   Other: 0.06ms
[2024-10-10T10:19:02.217+0530][gc,heap     ] GC(4) Eden regions: 15->0(49)
[2024-10-10T10:19:02.217+0530][gc,heap     ] GC(4) Survivor regions: 7->2(7)
[2024-10-10T10:19:02.217+0530][gc,heap     ] GC(4) Old regions: 11->16
[2024-10-10T10:19:02.217+0530][gc,heap     ] GC(4) Humongous regions: 129->129
[2024-10-10T10:19:02.217+0530][gc,metaspace] GC(4) Metaspace: 35695K(35968K)->35695K(35968K) NonClass: 31597K(31744K)->31597K(31744K) Class: 4098K(4224K)->4098K(4224K)
[2024-10-10T10:19:02.217+0530][gc          ] GC(4) Pause Young (Mixed) (Metadata GC Threshold) 158M->145M(1024M) 3.639ms
[2024-10-10T10:19:02.217+0530][gc,cpu      ] GC(4) User=0.01s Sys=0.00s Real=0.00s
[2024-10-10T10:19:02.495+0530][gc,start    ] GC(5) Pause Young (Concurrent Start) (Metadata GC Threshold)
[2024-10-10T10:19:02.495+0530][gc,task     ] GC(5) Using 8 workers of 8 for evacuation
[2024-10-10T10:19:02.496+0530][gc,phases   ] GC(5)   Pre Evacuate Collection Set: 0.19ms
[2024-10-10T10:19:02.496+0530][gc,phases   ] GC(5)   Merge Heap Roots: 0.04ms
[2024-10-10T10:19:02.496+0530][gc,phases   ] GC(5)   Evacuate Collection Set: 0.86ms
[2024-10-10T10:19:02.496+0530][gc,phases   ] GC(5)   Post Evacuate Collection Set: 0.23ms
[2024-10-10T10:19:02.496+0530][gc,phases   ] GC(5)   Other: 0.08ms
[2024-10-10T10:19:02.496+0530][gc,heap     ] GC(5) Eden regions: 4->0(50)
[2024-10-10T10:19:02.496+0530][gc,heap     ] GC(5) Survivor regions: 2->1(7)
[2024-10-10T10:19:02.496+0530][gc,heap     ] GC(5) Old regions: 16->16
[2024-10-10T10:19:02.496+0530][gc,heap     ] GC(5) Humongous regions: 129->129
[2024-10-10T10:19:02.496+0530][gc,metaspace] GC(5) Metaspace: 36037K(36288K)->36037K(36288K) NonClass: 31854K(32000K)->31854K(32000K) Class: 4182K(4288K)->4182K(4288K)
[2024-10-10T10:19:02.496+0530][gc          ] GC(5) Pause Young (Concurrent Start) (Metadata GC Threshold) 149M->145M(1024M) 1.601ms
[2024-10-10T10:19:02.496+0530][gc          ] GC(6) Concurrent Mark Cycle
[2024-10-10T10:19:02.496+0530][gc,cpu      ] GC(5) User=0.01s Sys=0.00s Real=0.00s
[2024-10-10T10:19:02.496+0530][gc,marking  ] GC(6) Concurrent Scan Root Regions
[2024-10-10T10:19:02.498+0530][gc,marking  ] GC(6) Concurrent Scan Root Regions 1.288ms
[2024-10-10T10:19:02.498+0530][gc,marking  ] GC(6) Concurrent Mark
[2024-10-10T10:19:02.498+0530][gc,marking  ] GC(6) Concurrent Mark From Roots
[2024-10-10T10:19:02.498+0530][gc,task     ] GC(6) Using 2 workers of 2 for marking
[2024-10-10T10:19:02.508+0530][gc,marking  ] GC(6) Concurrent Mark From Roots 9.841ms
[2024-10-10T10:19:02.511+0530][gc,marking  ] GC(6) Concurrent Preclean
[2024-10-10T10:19:02.511+0530][gc,marking  ] GC(6) Concurrent Preclean 0.057ms
[2024-10-10T10:19:02.511+0530][gc,start    ] GC(6) Pause Remark
[2024-10-10T10:19:02.512+0530][gc          ] GC(6) Pause Remark 146M->146M(1024M) 1.445ms
[2024-10-10T10:19:02.512+0530][gc,cpu      ] GC(6) User=0.01s Sys=0.01s Real=0.00s
[2024-10-10T10:19:02.513+0530][gc,marking  ] GC(6) Concurrent Mark 14.701ms
[2024-10-10T10:19:02.513+0530][gc,marking  ] GC(6) Concurrent Rebuild Remembered Sets and Scrub Regions
[2024-10-10T10:19:02.516+0530][gc,marking  ] GC(6) Concurrent Rebuild Remembered Sets and Scrub Regions 3.929ms
[2024-10-10T10:19:02.517+0530][gc,start    ] GC(6) Pause Cleanup
[2024-10-10T10:19:02.517+0530][gc          ] GC(6) Pause Cleanup 146M->146M(1024M) 0.113ms
[2024-10-10T10:19:02.517+0530][gc,cpu      ] GC(6) User=0.00s Sys=0.00s Real=0.00s
[2024-10-10T10:19:02.517+0530][gc,marking  ] GC(6) Concurrent Clear Claimed Marks
[2024-10-10T10:19:02.517+0530][gc,marking  ] GC(6) Concurrent Clear Claimed Marks 0.038ms
[2024-10-10T10:19:02.517+0530][gc,marking  ] GC(6) Concurrent Cleanup for Next Mark
[2024-10-10T10:19:02.518+0530][gc,marking  ] GC(6) Concurrent Cleanup for Next Mark 1.028ms
[2024-10-10T10:19:02.521+0530][gc          ] GC(6) Concurrent Mark Cycle 24.402ms
[2024-10-10T10:20:52.242+0530][gc,start    ] GC(7) Pause Young (Prepare Mixed) (G1 Evacuation Pause)
[2024-10-10T10:20:52.244+0530][gc,task     ] GC(7) Using 8 workers of 8 for evacuation
[2024-10-10T10:20:52.259+0530][gc,phases   ] GC(7)   Pre Evacuate Collection Set: 0.76ms
[2024-10-10T10:20:52.259+0530][gc,phases   ] GC(7)   Merge Heap Roots: 0.16ms
[2024-10-10T10:20:52.259+0530][gc,phases   ] GC(7)   Evacuate Collection Set: 13.63ms
[2024-10-10T10:20:52.259+0530][gc,phases   ] GC(7)   Post Evacuate Collection Set: 0.62ms
[2024-10-10T10:20:52.259+0530][gc,phases   ] GC(7)   Other: 0.16ms
[2024-10-10T10:20:52.259+0530][gc,heap     ] GC(7) Eden regions: 50->0(47)
[2024-10-10T10:20:52.259+0530][gc,heap     ] GC(7) Survivor regions: 1->4(7)
[2024-10-10T10:20:52.259+0530][gc,heap     ] GC(7) Old regions: 16->16
[2024-10-10T10:20:52.259+0530][gc,heap     ] GC(7) Humongous regions: 129->129
[2024-10-10T10:20:52.259+0530][gc,metaspace] GC(7) Metaspace: 41210K(41792K)->41210K(41792K) NonClass: 36266K(36608K)->36266K(36608K) Class: 4943K(5184K)->4943K(5184K)
[2024-10-10T10:20:52.259+0530][gc          ] GC(7) Pause Young (Prepare Mixed) (G1 Evacuation Pause) 195M->147M(1024M) 17.062ms
[2024-10-10T10:20:52.259+0530][gc,cpu      ] GC(7) User=0.02s Sys=0.05s Real=0.01s
[2024-10-10T10:25:25.370+0530][gc,start    ] GC(8) Pause Young (Mixed) (G1 Evacuation Pause)
[2024-10-10T10:25:25.371+0530][gc,task     ] GC(8) Using 8 workers of 8 for evacuation
[2024-10-10T10:25:25.380+0530][gc,phases   ] GC(8)   Pre Evacuate Collection Set: 0.63ms
[2024-10-10T10:25:25.380+0530][gc,phases   ] GC(8)   Merge Heap Roots: 0.18ms
[2024-10-10T10:25:25.380+0530][gc,phases   ] GC(8)   Evacuate Collection Set: 7.03ms
[2024-10-10T10:25:25.380+0530][gc,phases   ] GC(8)   Post Evacuate Collection Set: 0.64ms
[2024-10-10T10:25:25.380+0530][gc,phases   ] GC(8)   Other: 0.17ms
[2024-10-10T10:25:25.380+0530][gc,heap     ] GC(8) Eden regions: 47->0(47)
[2024-10-10T10:25:25.380+0530][gc,heap     ] GC(8) Survivor regions: 4->4(7)
[2024-10-10T10:25:25.380+0530][gc,heap     ] GC(8) Old regions: 16->16
[2024-10-10T10:25:25.380+0530][gc,heap     ] GC(8) Humongous regions: 129->129
[2024-10-10T10:25:25.380+0530][gc,metaspace] GC(8) Metaspace: 41221K(41792K)->41221K(41792K) NonClass: 36277K(36608K)->36277K(36608K) Class: 4943K(5184K)->4943K(5184K)
[2024-10-10T10:25:25.380+0530][gc          ] GC(8) Pause Young (Mixed) (G1 Evacuation Pause) 194M->147M(1024M) 10.272ms
[2024-10-10T10:25:25.380+0530][gc,cpu      ] GC(8) User=0.03s Sys=0.00s Real=0.01s
[2024-10-10T10:26:47.573+0530][gc,heap,exit] Heap
[2024-10-10T10:26:47.573+0530][gc,heap,exit]  garbage-first heap   total reserved 1048576K, committed 1048576K, used 192283K [0x00000007c0000000, 0x0000000800000000)
[2024-10-10T10:26:47.573+0530][gc,heap,exit]   region size 1024K, 44 young (45056K), 4 survivors (4096K)
[2024-10-10T10:26:47.573+0530][gc,heap,exit]  Metaspace       used 42182K, committed 42752K, reserved 1114112K
[2024-10-10T10:26:47.573+0530][gc,heap,exit]   class space    used 5132K, committed 5376K, reserved 1048576K
