[2024-10-10T10:40:40.817+0530][gc,init] CardTable entry size: 512
[2024-10-10T10:40:40.817+0530][gc     ] Using G1
[2024-10-10T10:40:40.818+0530][gc,init] Version: 22.0.2+9-70 (release)
[2024-10-10T10:40:40.818+0530][gc,init] CPUs: 8 total, 8 available
[2024-10-10T10:40:40.818+0530][gc,init] Memory: 8192M
[2024-10-10T10:40:40.818+0530][gc,init] Large Page Support: Disabled
[2024-10-10T10:40:40.818+0530][gc,init] NUMA Support: Disabled
[2024-10-10T10:40:40.818+0530][gc,init] Compressed Oops: Enabled (Zero based)
[2024-10-10T10:40:40.818+0530][gc,init] Heap Region Size: 1M
[2024-10-10T10:40:40.818+0530][gc,init] Heap Min Capacity: 512M
[2024-10-10T10:40:40.818+0530][gc,init] Heap Initial Capacity: 512M
[2024-10-10T10:40:40.818+0530][gc,init] Heap Max Capacity: 512M
[2024-10-10T10:40:40.819+0530][gc,init] Pre-touch: Disabled
[2024-10-10T10:40:40.819+0530][gc,init] Parallel Workers: 8
[2024-10-10T10:40:40.819+0530][gc,init] Concurrent Workers: 2
[2024-10-10T10:40:40.819+0530][gc,init] Concurrent Refinement Workers: 8
[2024-10-10T10:40:40.819+0530][gc,init] Periodic GC: Disabled
[2024-10-10T10:40:40.824+0530][gc,metaspace] CDS archive(s) mapped at: [0x00000ff800000000-0x00000ff800c74000-0x00000ff800c74000), size 13058048, SharedBaseAddress: 0x00000ff800000000, ArchiveRelocationMode: 1.
[2024-10-10T10:40:40.824+0530][gc,metaspace] Compressed class space mapped at: 0x00000ff801000000-0x00000ff841000000, reserved size: 1073741824
[2024-10-10T10:40:40.824+0530][gc,metaspace] Narrow klass base: 0x00000ff800000000, Narrow klass shift: 0, Narrow klass range: 0x100000000
[2024-10-10T10:40:41.382+0530][gc,start    ] GC(0) Pause Young (Normal) (G1 Evacuation Pause)
[2024-10-10T10:40:41.382+0530][gc,task     ] GC(0) Using 8 workers of 8 for evacuation
[2024-10-10T10:40:41.386+0530][gc,phases   ] GC(0)   Pre Evacuate Collection Set: 0.14ms
[2024-10-10T10:40:41.386+0530][gc,phases   ] GC(0)   Merge Heap Roots: 0.09ms
[2024-10-10T10:40:41.386+0530][gc,phases   ] GC(0)   Evacuate Collection Set: 3.16ms
[2024-10-10T10:40:41.386+0530][gc,phases   ] GC(0)   Post Evacuate Collection Set: 0.42ms
[2024-10-10T10:40:41.386+0530][gc,phases   ] GC(0)   Other: 0.43ms
[2024-10-10T10:40:41.386+0530][gc,heap     ] GC(0) Eden regions: 25->0(21)
[2024-10-10T10:40:41.386+0530][gc,heap     ] GC(0) Survivor regions: 0->4(4)
[2024-10-10T10:40:41.386+0530][gc,heap     ] GC(0) Old regions: 2->6
[2024-10-10T10:40:41.386+0530][gc,heap     ] GC(0) Humongous regions: 0->0
[2024-10-10T10:40:41.386+0530][gc,metaspace] GC(0) Metaspace: 7767K(7872K)->7767K(7872K) NonClass: 6922K(6976K)->6922K(6976K) Class: 845K(896K)->845K(896K)
[2024-10-10T10:40:41.386+0530][gc          ] GC(0) Pause Young (Normal) (G1 Evacuation Pause) 26M->8M(512M) 4.527ms
[2024-10-10T10:40:41.386+0530][gc,cpu      ] GC(0) User=0.01s Sys=0.00s Real=0.00s
[2024-10-10T10:41:10.076+0530][gc,heap,exit] Heap
[2024-10-10T10:41:10.077+0530][gc,heap,exit]  garbage-first heap   total reserved 524288K, committed 524288K, used 15826K [0x00000007e0000000, 0x0000000800000000)
[2024-10-10T10:41:10.077+0530][gc,heap,exit]   region size 1024K, 11 young (11264K), 4 survivors (4096K)
[2024-10-10T10:41:10.077+0530][gc,heap,exit]  Metaspace       used 8781K, committed 9024K, reserved 1114112K
[2024-10-10T10:41:10.077+0530][gc,heap,exit]   class space    used 972K, committed 1088K, reserved 1048576K
