[2024-10-10T11:05:46.092+0530][gc,init] CardTable entry size: 512
[2024-10-10T11:05:46.093+0530][gc     ] Using G1
[2024-10-10T11:05:46.093+0530][gc,init] Version: 22.0.2+9-70 (release)
[2024-10-10T11:05:46.093+0530][gc,init] CPUs: 8 total, 8 available
[2024-10-10T11:05:46.093+0530][gc,init] Memory: 8192M
[2024-10-10T11:05:46.093+0530][gc,init] Large Page Support: Disabled
[2024-10-10T11:05:46.093+0530][gc,init] NUMA Support: Disabled
[2024-10-10T11:05:46.093+0530][gc,init] Compressed Oops: Enabled (Zero based)
[2024-10-10T11:05:46.093+0530][gc,init] Heap Region Size: 1M
[2024-10-10T11:05:46.093+0530][gc,init] Heap Min Capacity: 512M
[2024-10-10T11:05:46.093+0530][gc,init] Heap Initial Capacity: 512M
[2024-10-10T11:05:46.093+0530][gc,init] Heap Max Capacity: 512M
[2024-10-10T11:05:46.093+0530][gc,init] Pre-touch: Disabled
[2024-10-10T11:05:46.093+0530][gc,init] Parallel Workers: 8
[2024-10-10T11:05:46.093+0530][gc,init] Concurrent Workers: 2
[2024-10-10T11:05:46.093+0530][gc,init] Concurrent Refinement Workers: 8
[2024-10-10T11:05:46.093+0530][gc,init] Periodic GC: Disabled
[2024-10-10T11:05:46.097+0530][gc,metaspace] CDS archive(s) mapped at: [0x00000ff000000000-0x00000ff000c74000-0x00000ff000c74000), size 13058048, SharedBaseAddress: 0x00000ff000000000, ArchiveRelocationMode: 1.
[2024-10-10T11:05:46.098+0530][gc,metaspace] Compressed class space mapped at: 0x00000ff001000000-0x00000ff041000000, reserved size: 1073741824
[2024-10-10T11:05:46.098+0530][gc,metaspace] Narrow klass base: 0x00000ff000000000, Narrow klass shift: 0, Narrow klass range: 0x100000000
[2024-10-10T11:05:46.593+0530][gc,start    ] GC(0) Pause Young (Normal) (G1 Evacuation Pause)
[2024-10-10T11:05:46.593+0530][gc,task     ] GC(0) Using 8 workers of 8 for evacuation
[2024-10-10T11:05:46.597+0530][gc,phases   ] GC(0)   Pre Evacuate Collection Set: 0.14ms
[2024-10-10T11:05:46.597+0530][gc,phases   ] GC(0)   Merge Heap Roots: 0.06ms
[2024-10-10T11:05:46.597+0530][gc,phases   ] GC(0)   Evacuate Collection Set: 3.69ms
[2024-10-10T11:05:46.598+0530][gc,phases   ] GC(0)   Post Evacuate Collection Set: 0.35ms
[2024-10-10T11:05:46.598+0530][gc,phases   ] GC(0)   Other: 0.26ms
[2024-10-10T11:05:46.598+0530][gc,heap     ] GC(0) Eden regions: 25->0(21)
[2024-10-10T11:05:46.598+0530][gc,heap     ] GC(0) Survivor regions: 0->4(4)
[2024-10-10T11:05:46.598+0530][gc,heap     ] GC(0) Old regions: 2->6
[2024-10-10T11:05:46.598+0530][gc,heap     ] GC(0) Humongous regions: 0->0
[2024-10-10T11:05:46.598+0530][gc,metaspace] GC(0) Metaspace: 7767K(7936K)->7767K(7936K) NonClass: 6920K(7040K)->6920K(7040K) Class: 846K(896K)->846K(896K)
[2024-10-10T11:05:46.598+0530][gc          ] GC(0) Pause Young (Normal) (G1 Evacuation Pause) 26M->8M(512M) 5.155ms
[2024-10-10T11:05:46.598+0530][gc,cpu      ] GC(0) User=0.01s Sys=0.00s Real=0.00s
[2024-10-10T11:20:39.068+0530][gc,heap,exit] Heap
[2024-10-10T11:20:39.069+0530][gc,heap,exit]  garbage-first heap   total reserved 524288K, committed 524288K, used 17316K [0x00000007e0000000, 0x0000000800000000)
[2024-10-10T11:20:39.069+0530][gc,heap,exit]   region size 1024K, 12 young (12288K), 4 survivors (4096K)
[2024-10-10T11:20:39.069+0530][gc,heap,exit]  Metaspace       used 8971K, committed 9216K, reserved 1114112K
[2024-10-10T11:20:39.069+0530][gc,heap,exit]   class space    used 974K, committed 1088K, reserved 1048576K
